Component: ARM Compiler 5.06 update 7 (build 960) Tool: armlink [4d3601]

==============================================================================

Section Cross References

    startup_stm32f401xc.o(STACK) refers (Special) to heapauxi.o(.text) for __use_two_region_memory
    startup_stm32f401xc.o(HEAP) refers (Special) to heapauxi.o(.text) for __use_two_region_memory
    startup_stm32f401xc.o(RESET) refers (Special) to heapauxi.o(.text) for __use_two_region_memory
    startup_stm32f401xc.o(RESET) refers to startup_stm32f401xc.o(STACK) for __initial_sp
    startup_stm32f401xc.o(RESET) refers to startup_stm32f401xc.o(.text) for Reset_Handler
    startup_stm32f401xc.o(RESET) refers to stm32f4xx_it.o(i.NMI_Handler) for NMI_Handler
    startup_stm32f401xc.o(RESET) refers to stm32f4xx_it.o(i.HardFault_Handler) for HardFault_Handler
    startup_stm32f401xc.o(RESET) refers to stm32f4xx_it.o(i.MemManage_Handler) for MemManage_Handler
    startup_stm32f401xc.o(RESET) refers to stm32f4xx_it.o(i.BusFault_Handler) for BusFault_Handler
    startup_stm32f401xc.o(RESET) refers to stm32f4xx_it.o(i.UsageFault_Handler) for UsageFault_Handler
    startup_stm32f401xc.o(RESET) refers to stm32f4xx_it.o(i.SVC_Handler) for SVC_Handler
    startup_stm32f401xc.o(RESET) refers to stm32f4xx_it.o(i.DebugMon_Handler) for DebugMon_Handler
    startup_stm32f401xc.o(RESET) refers to stm32f4xx_it.o(i.PendSV_Handler) for PendSV_Handler
    startup_stm32f401xc.o(RESET) refers to stm32f4xx_it.o(i.SysTick_Handler) for SysTick_Handler
    startup_stm32f401xc.o(RESET) refers to stm32f4xx_it.o(i.ADC_IRQHandler) for ADC_IRQHandler
    startup_stm32f401xc.o(RESET) refers to stm32f4xx_it.o(i.TIM5_IRQHandler) for TIM5_IRQHandler
    startup_stm32f401xc.o(RESET) refers to stm32f4xx_it.o(i.DMA2_Stream0_IRQHandler) for DMA2_Stream0_IRQHandler
    startup_stm32f401xc.o(.text) refers (Special) to heapauxi.o(.text) for __use_two_region_memory
    startup_stm32f401xc.o(.text) refers to system_stm32f4xx.o(i.SystemInit) for SystemInit
    startup_stm32f401xc.o(.text) refers to __main.o(!!!main) for __main
    startup_stm32f401xc.o(.text) refers to startup_stm32f401xc.o(HEAP) for Heap_Mem
    startup_stm32f401xc.o(.text) refers to startup_stm32f401xc.o(STACK) for Stack_Mem
    my_nrf24.o(i.NRF24_ACTIVATE_cmd) refers to my_nrf24.o(i.NRF24_csn) for NRF24_csn
    my_nrf24.o(i.NRF24_ACTIVATE_cmd) refers to stm32f4xx_hal_spi.o(i.HAL_SPI_Transmit) for HAL_SPI_Transmit
    my_nrf24.o(i.NRF24_ACTIVATE_cmd) refers to my_nrf24.o(.bss) for .bss
    my_nrf24.o(i.NRF24_DelayMicroSeconds) refers to system_stm32f4xx.o(.data) for SystemCoreClock
    my_nrf24.o(i.NRF24_GetAckPayloadSize) refers to my_nrf24.o(.data) for .data
    my_nrf24.o(i.NRF24_available) refers to my_nrf24.o(i.NRF24_availablePipe) for NRF24_availablePipe
    my_nrf24.o(i.NRF24_availablePipe) refers to my_nrf24.o(i.NRF24_get_status) for NRF24_get_status
    my_nrf24.o(i.NRF24_availablePipe) refers to my_nrf24.o(i.NRF24_write_register) for NRF24_write_register
    my_nrf24.o(i.NRF24_begin) refers to rt_memcpy_w.o(.text) for __aeabi_memcpy4
    my_nrf24.o(i.NRF24_begin) refers to my_nrf24.o(i.NRF24_csn) for NRF24_csn
    my_nrf24.o(i.NRF24_begin) refers to my_nrf24.o(i.NRF24_ce) for NRF24_ce
    my_nrf24.o(i.NRF24_begin) refers to stm32f4xx_hal.o(i.HAL_Delay) for HAL_Delay
    my_nrf24.o(i.NRF24_begin) refers to my_nrf24.o(i.NRF24_write_register) for NRF24_write_register
    my_nrf24.o(i.NRF24_begin) refers to my_nrf24.o(i.NRF24_write_registerN) for NRF24_write_registerN
    my_nrf24.o(i.NRF24_begin) refers to my_nrf24.o(i.NRF24_ACTIVATE_cmd) for NRF24_ACTIVATE_cmd
    my_nrf24.o(i.NRF24_begin) refers to my_nrf24.o(i.NRF24_setRetries) for NRF24_setRetries
    my_nrf24.o(i.NRF24_begin) refers to my_nrf24.o(i.NRF24_setPALevel) for NRF24_setPALevel
    my_nrf24.o(i.NRF24_begin) refers to my_nrf24.o(i.NRF24_setDataRate) for NRF24_setDataRate
    my_nrf24.o(i.NRF24_begin) refers to my_nrf24.o(i.NRF24_setCRCLength) for NRF24_setCRCLength
    my_nrf24.o(i.NRF24_begin) refers to my_nrf24.o(i.NRF24_disableDynamicPayloads) for NRF24_disableDynamicPayloads
    my_nrf24.o(i.NRF24_begin) refers to my_nrf24.o(i.NRF24_setPayloadSize) for NRF24_setPayloadSize
    my_nrf24.o(i.NRF24_begin) refers to my_nrf24.o(i.NRF24_resetStatus) for NRF24_resetStatus
    my_nrf24.o(i.NRF24_begin) refers to my_nrf24.o(i.NRF24_setChannel) for NRF24_setChannel
    my_nrf24.o(i.NRF24_begin) refers to my_nrf24.o(i.NRF24_flush_tx) for NRF24_flush_tx
    my_nrf24.o(i.NRF24_begin) refers to my_nrf24.o(i.NRF24_flush_rx) for NRF24_flush_rx
    my_nrf24.o(i.NRF24_begin) refers to my_nrf24.o(i.NRF24_powerDown) for NRF24_powerDown
    my_nrf24.o(i.NRF24_begin) refers to my_nrf24.o(.bss) for .bss
    my_nrf24.o(i.NRF24_begin) refers to my_nrf24.o(.data) for .data
    my_nrf24.o(i.NRF24_ce) refers to stm32f4xx_hal_gpio.o(i.HAL_GPIO_WritePin) for HAL_GPIO_WritePin
    my_nrf24.o(i.NRF24_ce) refers to my_nrf24.o(.data) for .data
[...]
    motor.c                                  0x00000000   Number         0  motor.o ABSOLUTE
    motor.c                                  0x00000000   Number         0  motor.o ABSOLUTE
    pid.c                                    0x00000000   Number         0  pid.o ABSOLUTE
    pid.c                                    0x00000000   Number         0  pid.o ABSOLUTE
    robot.c                                  0x00000000   Number         0  robot.o ABSOLUTE
    robot.c                                  0x00000000   Number         0  robot.o ABSOLUTE
    startup_stm32f401xc.s                    0x00000000   Number         0  startup_stm32f401xc.o ABSOLUTE
    RESET                                    0x08000000   Section      404  startup_stm32f401xc.o(RESET)
    !!!main                                  0x08000194   Section        8  __main.o(!!!main)
    !!!scatter                               0x0800019c   Section       52  __scatter.o(!!!scatter)
    !!handler_copy                           0x080001d0   Section       26  __scatter_copy.o(!!handler_copy)
    !!handler_zi                             0x080001ec   Section       28  __scatter_zi.o(!!handler_zi)
    .ARM.Collect$$libinit$$00000000          0x08000208   Section        2  libinit.o(.ARM.Collect$$libinit$$00000000)
    .ARM.Collect$$libinit$$00000001          0x0800020a   Section        4  libinit2.o(.ARM.Collect$$libinit$$00000001)
    .ARM.Collect$$libinit$$00000004          0x0800020e   Section        0  libinit2.o(.ARM.Collect$$libinit$$00000004)
    .ARM.Collect$$libinit$$0000000A          0x0800020e   Section        0  libinit2.o(.ARM.Collect$$libinit$$0000000A)
    .ARM.Collect$$libinit$$0000000C          0x0800020e   Section        0  libinit2.o(.ARM.Collect$$libinit$$0000000C)
    .ARM.Collect$$libinit$$0000000E          0x0800020e   Section        0  libinit2.o(.ARM.Collect$$libinit$$0000000E)
    .ARM.Collect$$libinit$$00000011          0x0800020e   Section        0  libinit2.o(.ARM.Collect$$libinit$$00000011)
    .ARM.Collect$$libinit$$00000013          0x0800020e   Section        0  libinit2.o(.ARM.Collect$$libinit$$00000013)
    .ARM.Collect$$libinit$$00000015          0x0800020e   Section        0  libinit2.o(.ARM.Collect$$libinit$$00000015)
    .ARM.Collect$$libinit$$00000017          0x0800020e   Section        0  libinit2.o(.ARM.Collect$$libinit$$00000017)
    .ARM.Collect$$libinit$$00000019          0x0800020e   Section        0  libinit2.o(.ARM.Collect$$libinit$$00000019)
    .ARM.Collect$$libinit$$0000001B          0x0800020e   Section        0  libinit2.o(.ARM.Collect$$libinit$$0000001B)
    .ARM.Collect$$libinit$$0000001D          0x0800020e   Section        0  libinit2.o(.ARM.Collect$$libinit$$0000001D)
    .ARM.Collect$$libinit$$0000001F          0x0800020e   Section        0  libinit2.o(.ARM.Collect$$libinit$$0000001F)
    .ARM.Collect$$libinit$$00000021          0x0800020e   Section        0  libinit2.o(.ARM.Collect$$libinit$$00000021)
    .ARM.Collect$$libinit$$00000023          0x0800020e   Section        0  libinit2.o(.ARM.Collect$$libinit$$00000023)
    .ARM.Collect$$libinit$$00000025          0x0800020e   Section        0  libinit2.o(.ARM.Collect$$libinit$$00000025)
    .ARM.Collect$$libinit$$0000002C          0x0800020e   Section        0  libinit2.o(.ARM.Collect$$libinit$$0000002C)
    .ARM.Collect$$libinit$$0000002E          0x0800020e   Section        0  libinit2.o(.ARM.Collect$$libinit$$0000002E)
    .ARM.Collect$$libinit$$00000030          0x0800020e   Section        0  libinit2.o(.ARM.Collect$$libinit$$00000030)
    .ARM.Collect$$libinit$$00000032          0x0800020e   Section        0  libinit2.o(.ARM.Collect$$libinit$$00000032)
    .ARM.Collect$$libinit$$00000033          0x0800020e   Section        2  libinit2.o(.ARM.Collect$$libinit$$00000033)
    .ARM.Collect$$libshutdown$$00000000      0x08000210   Section        2  libshutdown.o(.ARM.Collect$$libshutdown$$00000000)
    .ARM.Collect$$libshutdown$$00000002      0x08000212   Section        0  libshutdown2.o(.ARM.Collect$$libshutdown$$00000002)
    .ARM.Collect$$libshutdown$$00000004      0x08000212   Section        0  libshutdown2.o(.ARM.Collect$$libshutdown$$00000004)
    .ARM.Collect$$libshutdown$$00000006      0x08000212   Section        0  libshutdown2.o(.ARM.Collect$$libshutdown$$00000006)
    .ARM.Collect$$libshutdown$$00000009      0x08000212   Section        0  libshutdown2.o(.ARM.Collect$$libshutdown$$00000009)
    .ARM.Collect$$libshutdown$$0000000C      0x08000212   Section        0  libshutdown2.o(.ARM.Collect$$libshutdown$$0000000C)
    .ARM.Collect$$libshutdown$$0000000E      0x08000212   Section        0  libshutdown2.o(.ARM.Collect$$libshutdown$$0000000E)
    .ARM.Collect$$libshutdown$$00000011      0x08000212   Section        0  libshutdown2.o(.ARM.Collect$$libshutdown$$00000011)
    .ARM.Collect$$libshutdown$$00000012      0x08000212   Section        2  libshutdown2.o(.ARM.Collect$$libshutdown$$00000012)
    .ARM.Collect$$rtentry$$00000000          0x08000214   Section        0  __rtentry.o(.ARM.Collect$$rtentry$$00000000)
    .ARM.Collect$$rtentry$$00000002          0x08000214   Section        0  __rtentry2.o(.ARM.Collect$$rtentry$$00000002)
    .ARM.Collect$$rtentry$$00000004          0x08000214   Section        6  __rtentry4.o(.ARM.Collect$$rtentry$$00000004)
    .ARM.Collect$$rtentry$$00000009          0x0800021a   Section        0  __rtentry2.o(.ARM.Collect$$rtentry$$00000009)
    .ARM.Collect$$rtentry$$0000000A          0x0800021a   Section        4  __rtentry2.o(.ARM.Collect$$rtentry$$0000000A)
    .ARM.Collect$$rtentry$$0000000C          0x0800021e   Section        0  __rtentry2.o(.ARM.Collect$$rtentry$$0000000C)
    .ARM.Collect$$rtentry$$0000000D          0x0800021e   Section        8  __rtentry2.o(.ARM.Collect$$rtentry$$0000000D)
    .ARM.Collect$$rtexit$$00000000           0x08000226   Section        2  rtexit.o(.ARM.Collect$$rtexit$$00000000)
    .ARM.Collect$$rtexit$$00000002           0x08000228   Section        0  rtexit2.o(.ARM.Collect$$rtexit$$00000002)
    .ARM.Collect$$rtexit$$00000003           0x08000228   Section        4  rtexit2.o(.ARM.Collect$$rtexit$$00000003)
    .ARM.Collect$$rtexit$$00000004           0x0800022c   Section        6  rtexit2.o(.ARM.Collect$$rtexit$$00000004)
    .text                                    0x08000234   Section       64  startup_stm32f401xc.o(.text)
    $v0                                      0x08000234   Number         0  startup_stm32f401xc.o(.text)
    .text                                    0x08000274   Section      238  lludivv7m.o(.text)
    .text                                    0x08000362   Section      100  rt_memcpy_w.o(.text)
    .text                                    0x080003c6   Section       78  rt_memclr_w.o(.text)
    .text                                    0x08000414   Section        0  heapauxi.o(.text)
    .text                                    0x0800041a   Section       74  sys_stackheap_outer.o(.text)
    .text                                    0x08000464   Section        0  exit.o(.text)
    .text                                    0x08000478   Section        8  libspace.o(.text)
    .text                                    0x08000480   Section        0  sys_exit.o(.text)
    .text                                    0x0800048c   Section        2  use_no_semi.o(.text)
    .text                                    0x0800048e   Section        0  indicate_semi.o(.text)
    i.ADC_IRQHandler                         0x08000490   Section        0  stm32f4xx_it.o(i.ADC_IRQHandler)
    i.ADC_Init                               0x0800049c   Section        0  stm32f4xx_hal_adc.o(i.ADC_Init)
    ADC_Init                                 0x0800049d   Thumb Code   284  stm32f4xx_hal_adc.o(i.ADC_Init)
    i.BusFault_Handler                       0x080005c4   Section        0  stm32f4xx_it.o(i.BusFault_Handler)
    i.DMA2_Stream0_IRQHandler                0x080005c8   Section        0  stm32f4xx_it.o(i.DMA2_Stream0_IRQHandler)
    i.DMA_CalcBaseAndBitshift                0x080005d4   Section        0  stm32f4xx_hal_dma.o(i.DMA_CalcBaseAndBitshift)
    DMA_CalcBaseAndBitshift                  0x080005d5   Thumb Code    34  stm32f4xx_hal_dma.o(i.DMA_CalcBaseAndBitshift)
    i.DMA_CheckFifoParam                     0x080005fc   Section        0  stm32f4xx_hal_dma.o(i.DMA_CheckFifoParam)
    DMA_CheckFifoParam                       0x080005fd   Thumb Code    84  stm32f4xx_hal_dma.o(i.DMA_CheckFifoParam)
    i.DebugMon_Handler                       0x08000650   Section        0  stm32f4xx_it.o(i.DebugMon_Handler)
    i.ENCODER_GET_VALUE                      0x08000652   Section        0  encoder.o(i.ENCODER_GET_VALUE)
    i.ENCODER_INIT                           0x0800065e   Section        0  encoder.o(i.ENCODER_INIT)
    i.Error_Handler                          0x0800066a   Section        0  main.o(i.Error_Handler)
    i.HAL_ADCEx_InjectedConvCpltCallback     0x0800066e   Section        0  stm32f4xx_hal_adc_ex.o(i.HAL_ADCEx_InjectedConvCpltCallback)
    i.HAL_ADC_ConfigChannel                  0x08000670   Section        0  stm32f4xx_hal_adc.o(i.HAL_ADC_ConfigChannel)
    i.HAL_ADC_ConvCpltCallback               0x080007bc   Section        0  stm32f4xx_hal_adc.o(i.HAL_ADC_ConvCpltCallback)
    i.HAL_ADC_ErrorCallback                  0x080007be   Section        0  stm32f4xx_hal_adc.o(i.HAL_ADC_ErrorCallback)
    i.HAL_ADC_IRQHandler                     0x080007c0   Section        0  stm32f4xx_hal_adc.o(i.HAL_ADC_IRQHandler)
    i.HAL_ADC_Init                           0x080008ee   Section        0  stm32f4xx_hal_adc.o(i.HAL_ADC_Init)
    i.HAL_ADC_LevelOutOfWindowCallback       0x08000942   Section        0  stm32f4xx_hal_adc.o(i.HAL_ADC_LevelOutOfWindowCallback)
    i.HAL_ADC_MspInit                        0x08000944   Section        0  adc.o(i.HAL_ADC_MspInit)
    i.HAL_DMA_IRQHandler                     0x080009ec   Section        0  stm32f4xx_hal_dma.o(i.HAL_DMA_IRQHandler)
    i.HAL_DMA_Init                           0x08000b8c   Section        0  stm32f4xx_hal_dma.o(i.HAL_DMA_Init)
    i.HAL_Delay                              0x08000c60   Section        0  stm32f4xx_hal.o(i.HAL_Delay)
    i.HAL_GPIO_Init                          0x08000c84   Section        0  stm32f4xx_hal_gpio.o(i.HAL_GPIO_Init)
    i.HAL_GPIO_TogglePin                     0x08000e64   Section        0  stm32f4xx_hal_gpio.o(i.HAL_GPIO_TogglePin)
    i.HAL_GPIO_WritePin                      0x08000e74   Section        0  stm32f4xx_hal_gpio.o(i.HAL_GPIO_WritePin)
    i.HAL_GetTick                            0x08000e80   Section        0  stm32f4xx_hal.o(i.HAL_GetTick)
    i.HAL_IncTick                            0x08000e8c   Section        0  stm32f4xx_hal.o(i.HAL_IncTick)
    i.HAL_Init                               0x08000e9c   Section        0  stm32f4xx_hal.o(i.HAL_Init)
    i.HAL_InitTick                           0x08000ed0   Section        0  stm32f4xx_hal.o(i.HAL_InitTick)
    i.HAL_MspInit                            0x08000f10   Section        0  stm32f4xx_hal_msp.o(i.HAL_MspInit)
    i.HAL_NVIC_EnableIRQ                     0x08000f40   Section        0  stm32f4xx_hal_cortex.o(i.HAL_NVIC_EnableIRQ)
    i.HAL_NVIC_SetPriority                   0x08000f5c   Section        0  stm32f4xx_hal_cortex.o(i.HAL_NVIC_SetPriority)
    i.HAL_NVIC_SetPriorityGrouping           0x08000f9c   Section        0  stm32f4xx_hal_cortex.o(i.HAL_NVIC_SetPriorityGrouping)
    i.HAL_RCC_ClockConfig                    0x08000fc0   Section        0  stm32f4xx_hal_rcc.o(i.HAL_RCC_ClockConfig)
    i.HAL_RCC_GetSysClockFreq                0x080010f4   Section        0  stm32f4xx_hal_rcc.o(i.HAL_RCC_GetSysClockFreq)
    i.HAL_RCC_OscConfig                      0x08001158   Section        0  stm32f4xx_hal_rcc.o(i.HAL_RCC_OscConfig)
    i.HAL_SPI_Init                           0x080014c4   Section        0  stm32f4xx_hal_spi.o(i.HAL_SPI_Init)
    i.HAL_SPI_MspInit                        0x08001580   Section        0  spi.o(i.HAL_SPI_MspInit)
    i.HAL_SPI_Receive                        0x080015e8   Section        0  stm32f4xx_hal_spi.o(i.HAL_SPI_Receive)
    i.HAL_SPI_Transmit                       0x08001742   Section        0  stm32f4xx_hal_spi.o(i.HAL_SPI_Transmit)
    i.HAL_SPI_TransmitReceive                0x080018a8   Section        0  stm32f4xx_hal_spi.o(i.HAL_SPI_TransmitReceive)
    i.HAL_SYSTICK_Config                     0x08001a8a   Section        0  stm32f4xx_hal_cortex.o(i.HAL_SYSTICK_Config)
    i.HAL_TIMEx_BreakCallback                0x08001ab2   Section        0  stm32f4xx_hal_tim_ex.o(i.HAL_TIMEx_BreakCallback)
    i.HAL_TIMEx_CommutCallback               0x08001ab4   Section        0  stm32f4xx_hal_tim_ex.o(i.HAL_TIMEx_CommutCallback)
    i.HAL_TIMEx_ConfigBreakDeadTime          0x08001ab6   Section        0  stm32f4xx_hal_tim_ex.o(i.HAL_TIMEx_ConfigBreakDeadTime)
    i.HAL_TIMEx_MasterConfigSynchronization  0x08001b0c   Section        0  stm32f4xx_hal_tim_ex.o(i.HAL_TIMEx_MasterConfigSynchronization)
    i.HAL_TIM_Base_Init                      0x08001b88   Section        0  stm32f4xx_hal_tim.o(i.HAL_TIM_Base_Init)
    i.HAL_TIM_Base_MspInit                   0x08001be4   Section        0  tim.o(i.HAL_TIM_Base_MspInit)
    i.HAL_TIM_Base_Start_IT                  0x08001c44   Section        0  stm32f4xx_hal_tim.o(i.HAL_TIM_Base_Start_IT)
    i.HAL_TIM_ConfigClockSource              0x08001cb0   Section        0  stm32f4xx_hal_tim.o(i.HAL_TIM_ConfigClockSource)
    i.HAL_TIM_Encoder_Init                   0x08001d8c   Section        0  stm32f4xx_hal_tim.o(i.HAL_TIM_Encoder_Init)
    i.HAL_TIM_Encoder_MspInit                0x08001e30   Section        0  tim.o(i.HAL_TIM_Encoder_MspInit)
    i.HAL_TIM_Encoder_Start                  0x08001ed4   Section        0  stm32f4xx_hal_tim.o(i.HAL_TIM_Encoder_Start)
    i.HAL_TIM_IC_CaptureCallback             0x08001f62   Section        0  stm32f4xx_hal_tim.o(i.HAL_TIM_IC_CaptureCallback)
    i.HAL_TIM_IRQHandler                     0x08001f64   Section        0  stm32f4xx_hal_tim.o(i.HAL_TIM_IRQHandler)
    i.HAL_TIM_MspPostInit                    0x080020cc   Section        0  tim.o(i.HAL_TIM_MspPostInit)
    i.HAL_TIM_OC_DelayElapsedCallback        0x08002140   Section        0  stm32f4xx_hal_tim.o(i.HAL_TIM_OC_DelayElapsedCallback)
    i.HAL_TIM_PWM_ConfigChannel              0x08002142   Section        0  stm32f4xx_hal_tim.o(i.HAL_TIM_PWM_ConfigChannel)
    i.HAL_TIM_PWM_Init                       0x0800220e   Section        0  stm32f4xx_hal_tim.o(i.HAL_TIM_PWM_Init)
    i.HAL_TIM_PWM_MspInit                    0x08002268   Section        0  stm32f4xx_hal_tim.o(i.HAL_TIM_PWM_MspInit)
    i.HAL_TIM_PWM_PulseFinishedCallback      0x0800226a   Section        0  stm32f4xx_hal_tim.o(i.HAL_TIM_PWM_PulseFinishedCallback)
    i.HAL_TIM_PWM_Start                      0x0800226c   Section        0  stm32f4xx_hal_tim.o(i.HAL_TIM_PWM_Start)
    i.HAL_TIM_PeriodElapsedCallback          0x0800231c   Section        0  main.o(i.HAL_TIM_PeriodElapsedCallback)
    i.HAL_TIM_TriggerCallback                0x08002378   Section        0  stm32f4xx_hal_tim.o(i.HAL_TIM_TriggerCallback)
    i.HardFault_Handler                      0x0800237a   Section        0  stm32f4xx_it.o(i.HardFault_Handler)
    i.LED_UPDATE                             0x0800237c   Section        0  main.o(i.LED_UPDATE)
    i.MOTOR_INIT                             0x080023a8   Section        0  motor.o(i.MOTOR_INIT)
    i.MOTOR_SET_VELOCITY                     0x080023dc   Section        0  motor.o(i.MOTOR_SET_VELOCITY)
    i.MOTOR_STOP                             0x080023e2   Section        0  motor.o(i.MOTOR_STOP)
    i.MOTOR_UPDATE_PID                       0x08002426   Section        0  motor.o(i.MOTOR_UPDATE_PID)
    i.MOTOR_UPDATE_PWM                       0x0800243c   Section        0  motor.o(i.MOTOR_UPDATE_PWM)
    i.MOTOR_UPDATE_VELOCITY                  0x08002560   Section        0  motor.o(i.MOTOR_UPDATE_VELOCITY)
    i.MX_ADC1_Init                           0x080025fc   Section        0  adc.o(i.MX_ADC1_Init)
    i.MX_DMA_Init                            0x0800268c   Section        0  dma.o(i.MX_DMA_Init)
    i.MX_GPIO_Init                           0x080026b8   Section        0  gpio.o(i.MX_GPIO_Init)
    i.MX_SPI3_Init                           0x08002788   Section        0  spi.o(i.MX_SPI3_Init)
    i.MX_TIM1_Init                           0x080027d0   Section        0  tim.o(i.MX_TIM1_Init)
    i.MX_TIM2_Init                           0x08002898   Section        0  tim.o(i.MX_TIM2_Init)
    i.MX_TIM3_Init                           0x08002930   Section        0  tim.o(i.MX_TIM3_Init)
    i.MX_TIM4_Init                           0x0800299c   Section        0  tim.o(i.MX_TIM4_Init)
    i.MX_TIM5_Init                           0x08002a08   Section        0  tim.o(i.MX_TIM5_Init)
    i.MemManage_Handler                      0x08002a70   Section        0  stm32f4xx_it.o(i.MemManage_Handler)
    i.NMI_Handler                            0x08002a72   Section        0  stm32f4xx_it.o(i.NMI_Handler)
    i.NRF24_ACTIVATE_cmd                     0x08002a74   Section        0  my_nrf24.o(i.NRF24_ACTIVATE_cmd)
    i.NRF24_DelayMicroSeconds                0x08002aa0   Section        0  my_nrf24.o(i.NRF24_DelayMicroSeconds)
    i.NRF24_available                        0x08002abc   Section        0  my_nrf24.o(i.NRF24_available)
    i.NRF24_availablePipe                    0x08002ac2   Section        0  my_nrf24.o(i.NRF24_availablePipe)
    i.NRF24_begin                            0x08002af4   Section        0  my_nrf24.o(i.NRF24_begin)
    i.NRF24_ce                               0x08002c7c   Section        0  my_nrf24.o(i.NRF24_ce)
    i.NRF24_csn                              0x08002c90   Section        0  my_nrf24.o(i.NRF24_csn)
    i.NRF24_disableDynamicPayloads           0x08002ca4   Section        0  my_nrf24.o(i.NRF24_disableDynamicPayloads)
    i.NRF24_flush_rx                         0x08002ccc   Section        0  my_nrf24.o(i.NRF24_flush_rx)
    i.NRF24_flush_tx                         0x08002cd4   Section        0  my_nrf24.o(i.NRF24_flush_tx)
    i.NRF24_get_status                       0x08002cdc   Section        0  my_nrf24.o(i.NRF24_get_status)
    i.NRF24_openReadingPipe                  0x08002ce4   Section        0  my_nrf24.o(i.NRF24_openReadingPipe)
    i.NRF24_powerDown                        0x08002d3c   Section        0  my_nrf24.o(i.NRF24_powerDown)
    i.NRF24_read                             0x08002d52   Section        0  my_nrf24.o(i.NRF24_read)
    i.NRF24_read_payload                     0x08002d78   Section        0  my_nrf24.o(i.NRF24_read_payload)
    i.NRF24_read_register                    0x08002dbc   Section        0  my_nrf24.o(i.NRF24_read_register)
    i.NRF24_resetStatus                      0x08002dfc   Section        0  my_nrf24.o(i.NRF24_resetStatus)
    i.NRF24_setAutoAck                       0x08002e04   Section        0  my_nrf24.o(i.NRF24_setAutoAck)
    i.NRF24_setCRCLength                     0x08002e12   Section        0  my_nrf24.o(i.NRF24_setCRCLength)
    i.NRF24_setChannel                       0x08002e3a   Section        0  my_nrf24.o(i.NRF24_setChannel)
    i.NRF24_setDataRate                      0x08002e48   Section        0  my_nrf24.o(i.NRF24_setDataRate)
    i.NRF24_setPALevel                       0x08002ea4   Section        0  my_nrf24.o(i.NRF24_setPALevel)
    i.NRF24_setPayloadSize                   0x08002ee0   Section        0  my_nrf24.o(i.NRF24_setPayloadSize)
    i.NRF24_setRetries                       0x08002ef0   Section        0  my_nrf24.o(i.NRF24_setRetries)
    i.NRF24_startListening                   0x08002f00   Section        0  my_nrf24.o(i.NRF24_startListening)
    i.NRF24_write_register                   0x08002f44   Section        0  my_nrf24.o(i.NRF24_write_register)
    i.NRF24_write_registerN                  0x08002f74   Section        0  my_nrf24.o(i.NRF24_write_registerN)
    i.PID_CALCULATE                          0x08002fb0   Section        0  pid.o(i.PID_CALCULATE)
    i.PID_INIT                               0x0800304c   Section        0  pid.o(i.PID_INIT)
    i.PendSV_Handler                         0x08003070   Section        0  stm32f4xx_it.o(i.PendSV_Handler)
    i.ROBOT_INIT                             0x08003074   Section        0  robot.o(i.ROBOT_INIT)
    i.ROBOT_UPDATE_VELOCITY                  0x0800308c   Section        0  robot.o(i.ROBOT_UPDATE_VELOCITY)
    i.SPI_EndRxTransaction                   0x080030ec   Section        0  stm32f4xx_hal_spi.o(i.SPI_EndRxTransaction)
    SPI_EndRxTransaction                     0x080030ed   Thumb Code    92  stm32f4xx_hal_spi.o(i.SPI_EndRxTransaction)
    i.SPI_EndRxTxTransaction                 0x08003148   Section        0  stm32f4xx_hal_spi.o(i.SPI_EndRxTxTransaction)
    SPI_EndRxTxTransaction                   0x08003149   Thumb Code    80  stm32f4xx_hal_spi.o(i.SPI_EndRxTxTransaction)
    i.SPI_WaitFlagStateUntilTimeout          0x080031a0   Section        0  stm32f4xx_hal_spi.o(i.SPI_WaitFlagStateUntilTimeout)
    SPI_WaitFlagStateUntilTimeout            0x080031a1   Thumb Code   180  stm32f4xx_hal_spi.o(i.SPI_WaitFlagStateUntilTimeout)
    i.SVC_Handler                            0x08003258   Section        0  stm32f4xx_it.o(i.SVC_Handler)
    i.SysTick_Handler                        0x0800325a   Section        0  stm32f4xx_it.o(i.SysTick_Handler)
    i.SystemClock_Config                     0x08003260   Section        0  main.o(i.SystemClock_Config)
    i.SystemInit                             0x080032f4   Section        0  system_stm32f4xx.o(i.SystemInit)
    i.TIM5_IRQHandler                        0x08003304   Section        0  stm32f4xx_it.o(i.TIM5_IRQHandler)
    i.TIM_Base_SetConfig                     0x08003310   Section        0  stm32f4xx_hal_tim.o(i.TIM_Base_SetConfig)
    i.TIM_CCxChannelCmd                      0x080033a8   Section        0  stm32f4xx_hal_tim.o(i.TIM_CCxChannelCmd)
    i.TIM_ETR_SetConfig                      0x080033c2   Section        0  stm32f4xx_hal_tim.o(i.TIM_ETR_SetConfig)
    i.TIM_ITRx_SetConfig                     0x080033d6   Section        0  stm32f4xx_hal_tim.o(i.TIM_ITRx_SetConfig)
    TIM_ITRx_SetConfig                       0x080033d7   Thumb Code    16  stm32f4xx_hal_tim.o(i.TIM_ITRx_SetConfig)
    i.TIM_OC1_SetConfig                      0x080033e8   Section        0  stm32f4xx_hal_tim.o(i.TIM_OC1_SetConfig)
    TIM_OC1_SetConfig                        0x080033e9   Thumb Code    74  stm32f4xx_hal_tim.o(i.TIM_OC1_SetConfig)
    i.TIM_OC2_SetConfig                      0x08003438   Section        0  stm32f4xx_hal_tim.o(i.TIM_OC2_SetConfig)
    i.TIM_OC3_SetConfig                      0x08003490   Section        0  stm32f4xx_hal_tim.o(i.TIM_OC3_SetConfig)
    TIM_OC3_SetConfig                        0x08003491   Thumb Code    82  stm32f4xx_hal_tim.o(i.TIM_OC3_SetConfig)
    i.TIM_OC4_SetConfig                      0x080034e8   Section        0  stm32f4xx_hal_tim.o(i.TIM_OC4_SetConfig)
    TIM_OC4_SetConfig                        0x080034e9   Thumb Code    64  stm32f4xx_hal_tim.o(i.TIM_OC4_SetConfig)
    i.TIM_TI1_ConfigInputStage               0x0800352c   Section        0  stm32f4xx_hal_tim.o(i.TIM_TI1_ConfigInputStage)
    TIM_TI1_ConfigInputStage                 0x0800352d   Thumb Code    34  stm32f4xx_hal_tim.o(i.TIM_TI1_ConfigInputStage)
    i.TIM_TI2_ConfigInputStage               0x0800354e   Section        0  stm32f4xx_hal_tim.o(i.TIM_TI2_ConfigInputStage)
    TIM_TI2_ConfigInputStage                 0x0800354f   Thumb Code    36  stm32f4xx_hal_tim.o(i.TIM_TI2_ConfigInputStage)
    i.UsageFault_Handler                     0x08003572   Section        0  stm32f4xx_it.o(i.UsageFault_Handler)
    i.__NVIC_SetPriority                     0x08003574   Section        0  stm32f4xx_hal_cortex.o(i.__NVIC_SetPriority)
    __NVIC_SetPriority                       0x08003575   Thumb Code    32  stm32f4xx_hal_cortex.o(i.__NVIC_SetPriority)
    i.main                                   0x08003594   Section        0  main.o(i.main)
    x$fpl$dfixu                              0x08003770   Section       90  dfixu.o(x$fpl$dfixu)
    $v0                                      0x08003770   Number         0  dfixu.o(x$fpl$dfixu)
    x$fpl$dmul                               0x080037cc   Section      340  dmul.o(x$fpl$dmul)
    $v0                                      0x080037cc   Number         0  dmul.o(x$fpl$dmul)
    x$fpl$dnaninf                            0x08003920   Section      156  dnaninf.o(x$fpl$dnaninf)
    $v0                                      0x08003920   Number         0  dnaninf.o(x$fpl$dnaninf)
    x$fpl$dretinf                            0x080039bc   Section       12  dretinf.o(x$fpl$dretinf)
    $v0                                      0x080039bc   Number         0  dretinf.o(x$fpl$dretinf)
    x$fpl$f2d                                0x080039c8   Section       86  f2d.o(x$fpl$f2d)
    $v0                                      0x080039c8   Number         0  f2d.o(x$fpl$f2d)
    x$fpl$fnaninf                            0x08003a1e   Section      140  fnaninf.o(x$fpl$fnaninf)
    $v0                                      0x08003a1e   Number         0  fnaninf.o(x$fpl$fnaninf)
    x$fpl$fpinit                             0x08003aaa   Section       10  fpinit.o(x$fpl$fpinit)
    $v0                                      0x08003aaa   Number         0  fpinit.o(x$fpl$fpinit)
    .constdata                               0x08003ab4   Section       13  my_nrf24.o(.constdata)
    x$fpl$usenofp                            0x08003ab4   Section        0  usenofp.o(x$fpl$usenofp)
    RF24_RX_PW_PIPE                          0x08003ab4   Data           6  my_nrf24.o(.constdata)
    NRF24_ADDR_REGS                          0x08003aba   Data           7  my_nrf24.o(.constdata)
    .constdata                               0x08003ac1   Section        8  stm32f4xx_hal_dma.o(.constdata)
    flagBitshiftOffset                       0x08003ac1   Data           8  stm32f4xx_hal_dma.o(.constdata)
    .constdata                               0x08003ac9   Section       16  system_stm32f4xx.o(.constdata)
    .data                                    0x20000000   Section       24  my_nrf24.o(.data)
    ack_payload_available                    0x20000000   Data           1  my_nrf24.o(.data)
    ack_payload_length                       0x20000001   Data           1  my_nrf24.o(.data)
    payload_size                             0x20000002   Data           1  my_nrf24.o(.data)
    dynamic_payloads_enabled                 0x20000003   Data           1  my_nrf24.o(.data)
    p_variant                                0x20000004   Data           1  my_nrf24.o(.data)
    wide_band                                0x20000005   Data           1  my_nrf24.o(.data)
    nrf24_CSN_PIN                            0x20000006   Data           2  my_nrf24.o(.data)
    nrf24_CE_PIN                             0x20000008   Data           2  my_nrf24.o(.data)
    nrf24_PORT                               0x2000000c   Data           4  my_nrf24.o(.data)
    pipe0_reading_address                    0x20000010   Data           8  my_nrf24.o(.data)
    .data                                    0x20000018   Section       24  main.o(.data)
    .data                                    0x20000030   Section       12  stm32f4xx_hal.o(.data)
    .data                                    0x2000003c   Section        4  system_stm32f4xx.o(.data)
    .bss                                     0x20000040   Section       88  my_nrf24.o(.bss)
    nrf24_hspi                               0x20000040   Data          88  my_nrf24.o(.bss)
    .bss                                     0x20000098   Section      228  main.o(.bss)
    .bss                                     0x2000017c   Section      168  adc.o(.bss)
    .bss                                     0x20000224   Section       88  spi.o(.bss)
    .bss                                     0x2000027c   Section      360  tim.o(.bss)
    .bss                                     0x200003e4   Section       96  libspace.o(.bss)
    HEAP                                     0x20000448   Section      512  startup_stm32f401xc.o(HEAP)
    Heap_Mem                                 0x20000448   Data         512  startup_stm32f401xc.o(HEAP)
    STACK                                    0x20000648   Section     1024  startup_stm32f401xc.o(STACK)
    Stack_Mem                                0x20000648   Data        1024  startup_stm32f401xc.o(STACK)
    __initial_sp                             0x20000a48   Data           0  startup_stm32f401xc.o(STACK)

    Global Symbols

    Symbol Name                              Value     Ov Type        Size  Object(Section)

    BuildAttributes$$THM_ISAv4$E$P$D$K$B$S$7EM$VFPi3$EXTD16$VFPS$VFMA$PE$A:L22UL41UL21$X:L11$S22US41US21$IEEE1$IW$USESV6$~STKCKD$USESV7$~SHL$OSPACE$ROPI$EBA8$UX$STANDARDLIB$REQ8$PRES8$EABIv2 0x00000000   Number         0  anon$$obj.o ABSOLUTE
    __ARM_use_no_argv                        0x00000000   Number         0  main.o ABSOLUTE
    __ARM_exceptions_init                     - Undefined Weak Reference
    __alloca_initialize                       - Undefined Weak Reference
    __arm_fini_                               - Undefined Weak Reference
    __arm_preinit_                            - Undefined Weak Reference
    __cpp_initialize__aeabi_                  - Undefined Weak Reference
    __cxa_finalize                            - Undefined Weak Reference
    __rt_locale                               - Undefined Weak Reference
    __sigvec_lookup                           - Undefined Weak Reference
    _atexit_init                              - Undefined Weak Reference
    _call_atexit_fns                          - Undefined Weak Reference
    _clock_init                               - Undefined Weak Reference
    _fp_trap_init                             - Undefined Weak Reference
    _fp_trap_shutdown                         - Undefined Weak Reference
    _get_lc_collate                           - Undefined Weak Reference
    _get_lc_ctype                             - Undefined Weak Reference
    _get_lc_monetary                          - Undefined Weak Reference
    _get_lc_numeric                           - Undefined Weak Reference
    _get_lc_time                              - Undefined Weak Reference
    _getenv_init                              - Undefined Weak Reference
    _handle_redirection                       - Undefined Weak Reference
    _init_alloc                               - Undefined Weak Reference
    _init_user_alloc                          - Undefined Weak Reference
    _initio                                   - Undefined Weak Reference
    _rand_init                                - Undefined Weak Reference
    _signal_finish                            - Undefined Weak Reference
    _signal_init                              - Undefined Weak Reference
    _terminate_alloc                          - Undefined Weak Reference
    _terminate_user_alloc                     - Undefined Weak Reference
    _terminateio                              - Undefined Weak Reference
    __Vectors_Size                           0x00000194   Number         0  startup_stm32f401xc.o ABSOLUTE
    __Vectors                                0x08000000   Data           4  startup_stm32f401xc.o(RESET)
    __Vectors_End                            0x08000194   Data           0  startup_stm32f401xc.o(RESET)
    __main                                   0x08000195   Thumb Code     8  __main.o(!!!main)
    __scatterload                            0x0800019d   Thumb Code     0  __scatter.o(!!!scatter)
    __scatterload_rt2                        0x0800019d   Thumb Code    44  __scatter.o(!!!scatter)
    __scatterload_rt2_thumb_only             0x0800019d   Thumb Code     0  __scatter.o(!!!scatter)
    __scatterload_null                       0x080001ab   Thumb Code     0  __scatter.o(!!!scatter)
    __scatterload_copy                       0x080001d1   Thumb Code    26  __scatter_copy.o(!!handler_copy)
    __scatterload_zeroinit                   0x080001ed   Thumb Code    28  __scatter_zi.o(!!handler_zi)
    __rt_lib_init                            0x08000209   Thumb Code     0  libinit.o(.ARM.Collect$$libinit$$00000000)
    __rt_lib_init_fp_1                       0x0800020b   Thumb Code     0  libinit2.o(.ARM.Collect$$libinit$$00000001)
    __rt_lib_init_alloca_1                   0x0800020f   Thumb Code     0  libinit2.o(.ARM.Collect$$libinit$$0000002E)
    __rt_lib_init_argv_1                     0x0800020f   Thumb Code     0  libinit2.o(.ARM.Collect$$libinit$$0000002C)
    __rt_lib_init_atexit_1                   0x0800020f   Thumb Code     0  libinit2.o(.ARM.Collect$$libinit$$0000001B)
    __rt_lib_init_clock_1                    0x0800020f   Thumb Code     0  libinit2.o(.ARM.Collect$$libinit$$00000021)
    __rt_lib_init_cpp_1                      0x0800020f   Thumb Code     0  libinit2.o(.ARM.Collect$$libinit$$00000032)
    __rt_lib_init_exceptions_1               0x0800020f   Thumb Code     0  libinit2.o(.ARM.Collect$$libinit$$00000030)
    __rt_lib_init_fp_trap_1                  0x0800020f   Thumb Code     0  libinit2.o(.ARM.Collect$$libinit$$0000001F)
    __rt_lib_init_getenv_1                   0x0800020f   Thumb Code     0  libinit2.o(.ARM.Collect$$libinit$$00000023)
    __rt_lib_init_heap_1                     0x0800020f   Thumb Code     0  libinit2.o(.ARM.Collect$$libinit$$0000000A)
    __rt_lib_init_lc_collate_1               0x0800020f   Thumb Code     0  libinit2.o(.ARM.Collect$$libinit$$00000011)
    __rt_lib_init_lc_ctype_1                 0x0800020f   Thumb Code     0  libinit2.o(.ARM.Collect$$libinit$$00000013)
    __rt_lib_init_lc_monetary_1              0x0800020f   Thumb Code     0  libinit2.o(.ARM.Collect$$libinit$$00000015)
    __rt_lib_init_lc_numeric_1               0x0800020f   Thumb Code     0  libinit2.o(.ARM.Collect$$libinit$$00000017)
    __rt_lib_init_lc_time_1                  0x0800020f   Thumb Code     0  libinit2.o(.ARM.Collect$$libinit$$00000019)
    __rt_lib_init_preinit_1                  0x0800020f   Thumb Code     0  libinit2.o(.ARM.Collect$$libinit$$00000004)
    __rt_lib_init_rand_1                     0x0800020f   Thumb Code     0  libinit2.o(.ARM.Collect$$libinit$$0000000E)
    __rt_lib_init_return                     0x0800020f   Thumb Code     0  libinit2.o(.ARM.Collect$$libinit$$00000033)
    __rt_lib_init_signal_1                   0x0800020f   Thumb Code     0  libinit2.o(.ARM.Collect$$libinit$$0000001D)
    __rt_lib_init_stdio_1                    0x0800020f   Thumb Code     0  libinit2.o(.ARM.Collect$$libinit$$00000025)
    __rt_lib_init_user_alloc_1               0x0800020f   Thumb Code     0  libinit2.o(.ARM.Collect$$libinit$$0000000C)
    __rt_lib_shutdown                        0x08000211   Thumb Code     0  libshutdown.o(.ARM.Collect$$libshutdown$$00000000)
    __rt_lib_shutdown_cpp_1                  0x08000213   Thumb Code     0  libshutdown2.o(.ARM.Collect$$libshutdown$$00000004)
    __rt_lib_shutdown_fini_1                 0x08000213   Thumb Code     0  libshutdown2.o(.ARM.Collect$$libshutdown$$00000002)
    __rt_lib_shutdown_fp_trap_1              0x08000213   Thumb Code     0  libshutdown2.o(.ARM.Collect$$libshutdown$$00000009)
    __rt_lib_shutdown_heap_1                 0x08000213   Thumb Code     0  libshutdown2.o(.ARM.Collect$$libshutdown$$00000011)
    __rt_lib_shutdown_return                 0x08000213   Thumb Code     0  libshutdown2.o(.ARM.Collect$$libshutdown$$00000012)
    __rt_lib_shutdown_signal_1               0x08000213   Thumb Code     0  libshutdown2.o(.ARM.Collect$$libshutdown$$0000000C)
    __rt_lib_shutdown_stdio_1                0x08000213   Thumb Code     0  libshutdown2.o(.ARM.Collect$$libshutdown$$00000006)
    __rt_lib_shutdown_user_alloc_1           0x08000213   Thumb Code     0  libshutdown2.o(.ARM.Collect$$libshutdown$$0000000E)
    __rt_entry                               0x08000215   Thumb Code     0  __rtentry.o(.ARM.Collect$$rtentry$$00000000)
    __rt_entry_presh_1                       0x08000215   Thumb Code     0  __rtentry2.o(.ARM.Collect$$rtentry$$00000002)
    __rt_entry_sh                            0x08000215   Thumb Code     0  __rtentry4.o(.ARM.Collect$$rtentry$$00000004)
    __rt_entry_li                            0x0800021b   Thumb Code     0  __rtentry2.o(.ARM.Collect$$rtentry$$0000000A)
    __rt_entry_postsh_1                      0x0800021b   Thumb Code     0  __rtentry2.o(.ARM.Collect$$rtentry$$00000009)
    __rt_entry_main                          0x0800021f   Thumb Code     0  __rtentry2.o(.ARM.Collect$$rtentry$$0000000D)
    __rt_entry_postli_1                      0x0800021f   Thumb Code     0  __rtentry2.o(.ARM.Collect$$rtentry$$0000000C)
    __rt_exit                                0x08000227   Thumb Code     0  rtexit.o(.ARM.Collect$$rtexit$$00000000)
    __rt_exit_ls                             0x08000229   Thumb Code     0  rtexit2.o(.ARM.Collect$$rtexit$$00000003)
    __rt_exit_prels_1                        0x08000229   Thumb Code     0  rtexit2.o(.ARM.Collect$$rtexit$$00000002)
    __rt_exit_exit                           0x0800022d   Thumb Code     0  rtexit2.o(.ARM.Collect$$rtexit$$00000004)
    Reset_Handler                            0x08000235   Thumb Code     8  startup_stm32f401xc.o(.text)
    DMA1_Stream0_IRQHandler                  0x0800024f   Thumb Code     0  startup_stm32f401xc.o(.text)
    DMA1_Stream1_IRQHandler                  0x0800024f   Thumb Code     0  startup_stm32f401xc.o(.text)
    DMA1_Stream2_IRQHandler                  0x0800024f   Thumb Code     0  startup_stm32f401xc.o(.text)
    DMA1_Stream3_IRQHandler                  0x0800024f   Thumb Code     0  startup_stm32f401xc.o(.text)
    DMA1_Stream4_IRQHandler                  0x0800024f   Thumb Code     0  startup_stm32f401xc.o(.text)
    DMA1_Stream5_IRQHandler                  0x0800024f   Thumb Code     0  startup_stm32f401xc.o(.text)
    DMA1_Stream6_IRQHandler                  0x0800024f   Thumb Code     0  startup_stm32f401xc.o(.text)
    DMA1_Stream7_IRQHandler                  0x0800024f   Thumb Code     0  startup_stm32f401xc.o(.text)
    DMA2_Stream1_IRQHandler                  0x0800024f   Thumb Code     0  startup_stm32f401xc.o(.text)
    DMA2_Stream2_IRQHandler                  0x0800024f   Thumb Code     0  startup_stm32f401xc.o(.text)
    DMA2_Stream3_IRQHandler                  0x0800024f   Thumb Code     0  startup_stm32f401xc.o(.text)
    DMA2_Stream4_IRQHandler                  0x0800024f   Thumb Code     0  startup_stm32f401xc.o(.text)
    DMA2_Stream5_IRQHandler                  0x0800024f   Thumb Code     0  startup_stm32f401xc.o(.text)
    DMA2_Stream6_IRQHandler                  0x0800024f   Thumb Code     0  startup_stm32f401xc.o(.text)
    DMA2_Stream7_IRQHandler                  0x0800024f   Thumb Code     0  startup_stm32f401xc.o(.text)
    EXTI0_IRQHandler                         0x0800024f   Thumb Code     0  startup_stm32f401xc.o(.text)
    EXTI15_10_IRQHandler                     0x0800024f   Thumb Code     0  startup_stm32f401xc.o(.text)
    EXTI1_IRQHandler                         0x0800024f   Thumb Code     0  startup_stm32f401xc.o(.text)
    EXTI2_IRQHandler                         0x0800024f   Thumb Code     0  startup_stm32f401xc.o(.text)
    EXTI3_IRQHandler                         0x0800024f   Thumb Code     0  startup_stm32f401xc.o(.text)
    EXTI4_IRQHandler                         0x0800024f   Thumb Code     0  startup_stm32f401xc.o(.text)
    EXTI9_5_IRQHandler                       0x0800024f   Thumb Code     0  startup_stm32f401xc.o(.text)
    FLASH_IRQHandler                         0x0800024f   Thumb Code     0  startup_stm32f401xc.o(.text)
    FPU_IRQHandler                           0x0800024f   Thumb Code     0  startup_stm32f401xc.o(.text)
    I2C1_ER_IRQHandler                       0x0800024f   Thumb Code     0  startup_stm32f401xc.o(.text)
    I2C1_EV_IRQHandler                       0x0800024f   Thumb Code     0  startup_stm32f401xc.o(.text)
    I2C2_ER_IRQHandler                       0x0800024f   Thumb Code     0  startup_stm32f401xc.o(.text)
    I2C2_EV_IRQHandler                       0x0800024f   Thumb Code     0  startup_stm32f401xc.o(.text)
    I2C3_ER_IRQHandler                       0x0800024f   Thumb Code     0  startup_stm32f401xc.o(.text)
    I2C3_EV_IRQHandler                       0x0800024f   Thumb Code     0  startup_stm32f401xc.o(.text)
    OTG_FS_IRQHandler                        0x0800024f   Thumb Code     0  startup_stm32f401xc.o(.text)
    OTG_FS_WKUP_IRQHandler                   0x0800024f   Thumb Code     0  startup_stm32f401xc.o(.text)
    PVD_IRQHandler                           0x0800024f   Thumb Code     0  startup_stm32f401xc.o(.text)
    RCC_IRQHandler                           0x0800024f   Thumb Code     0  startup_stm32f401xc.o(.text)
    RTC_Alarm_IRQHandler                     0x0800024f   Thumb Code     0  startup_stm32f401xc.o(.text)
    RTC_WKUP_IRQHandler                      0x0800024f   Thumb Code     0  startup_stm32f401xc.o(.text)
    SDIO_IRQHandler                          0x0800024f   Thumb Code     0  startup_stm32f401xc.o(.text)
    SPI1_IRQHandler                          0x0800024f   Thumb Code     0  startup_stm32f401xc.o(.text)
    SPI2_IRQHandler                          0x0800024f   Thumb Code     0  startup_stm32f401xc.o(.text)
    SPI3_IRQHandler                          0x0800024f   Thumb Code     0  startup_stm32f401xc.o(.text)
    SPI4_IRQHandler                          0x0800024f   Thumb Code     0  startup_stm32f401xc.o(.text)
    TAMP_STAMP_IRQHandler                    0x0800024f   Thumb Code     0  startup_stm32f401xc.o(.text)
    TIM1_BRK_TIM9_IRQHandler                 0x0800024f   Thumb Code     0  startup_stm32f401xc.o(.text)
    TIM1_CC_IRQHandler                       0x0800024f   Thumb Code     0  startup_stm32f401xc.o(.text)
    TIM1_TRG_COM_TIM11_IRQHandler            0x0800024f   Thumb Code     0  startup_stm32f401xc.o(.text)
    TIM1_UP_TIM10_IRQHandler                 0x0800024f   Thumb Code     0  startup_stm32f401xc.o(.text)
    TIM2_IRQHandler                          0x0800024f   Thumb Code     0  startup_stm32f401xc.o(.text)
    TIM3_IRQHandler                          0x0800024f   Thumb Code     0  startup_stm32f401xc.o(.text)
    TIM4_IRQHandler                          0x0800024f   Thumb Code     0  startup_stm32f401xc.o(.text)
    USART1_IRQHandler                        0x0800024f   Thumb Code     0  startup_stm32f401xc.o(.text)
    USART2_IRQHandler                        0x0800024f   Thumb Code     0  startup_stm32f401xc.o(.text)
    USART6_IRQHandler                        0x0800024f   Thumb Code     0  startup_stm32f401xc.o(.text)
    WWDG_IRQHandler                          0x0800024f   Thumb Code     0  startup_stm32f401xc.o(.text)
    __user_initial_stackheap                 0x08000251   Thumb Code     0  startup_stm32f401xc.o(.text)
    __aeabi_uldivmod                         0x08000275   Thumb Code     0  lludivv7m.o(.text)
    _ll_udiv                                 0x08000275   Thumb Code   238  lludivv7m.o(.text)
    __aeabi_memcpy4                          0x08000363   Thumb Code     0  rt_memcpy_w.o(.text)
    __aeabi_memcpy8                          0x08000363   Thumb Code     0  rt_memcpy_w.o(.text)
    __rt_memcpy_w                            0x08000363   Thumb Code   100  rt_memcpy_w.o(.text)
    _memcpy_lastbytes_aligned                0x080003ab   Thumb Code     0  rt_memcpy_w.o(.text)
    __aeabi_memclr4                          0x080003c7   Thumb Code     0  rt_memclr_w.o(.text)
    __aeabi_memclr8                          0x080003c7   Thumb Code     0  rt_memclr_w.o(.text)
    __rt_memclr_w                            0x080003c7   Thumb Code    78  rt_memclr_w.o(.text)
    _memset_w                                0x080003cb   Thumb Code     0  rt_memclr_w.o(.text)
    __use_two_region_memory                  0x08000415   Thumb Code     2  heapauxi.o(.text)
    __rt_heap_escrow$2region                 0x08000417   Thumb Code     2  heapauxi.o(.text)
    __rt_heap_expand$2region                 0x08000419   Thumb Code     2  heapauxi.o(.text)
    __user_setup_stackheap                   0x0800041b   Thumb Code    74  sys_stackheap_outer.o(.text)
    exit                                     0x08000465   Thumb Code    18  exit.o(.text)
    __user_libspace                          0x08000479   Thumb Code     8  libspace.o(.text)
    __user_perproc_libspace                  0x08000479   Thumb Code     0  libspace.o(.text)
    __user_perthread_libspace                0x08000479   Thumb Code     0  libspace.o(.text)
    _sys_exit                                0x08000481   Thumb Code     8  sys_exit.o(.text)
    __I$use$semihosting                      0x0800048d   Thumb Code     0  use_no_semi.o(.text)
    __use_no_semihosting_swi                 0x0800048d   Thumb Code     2  use_no_semi.o(.text)
    __semihosting_library_function           0x0800048f   Thumb Code     0  indicate_semi.o(.text)
    ADC_IRQHandler                           0x08000491   Thumb Code     6  stm32f4xx_it.o(i.ADC_IRQHandler)
    BusFault_Handler                         0x080005c5   Thumb Code     2  stm32f4xx_it.o(i.BusFault_Handler)
    DMA2_Stream0_IRQHandler                  0x080005c9   Thumb Code     6  stm32f4xx_it.o(i.DMA2_Stream0_IRQHandler)
    DebugMon_Handler                         0x08000651   Thumb Code     2  stm32f4xx_it.o(i.DebugMon_Handler)
    ENCODER_GET_VALUE                        0x08000653   Thumb Code    12  encoder.o(i.ENCODER_GET_VALUE)
    ENCODER_INIT                             0x0800065f   Thumb Code    12  encoder.o(i.ENCODER_INIT)
    Error_Handler                            0x0800066b   Thumb Code     4  main.o(i.Error_Handler)
    HAL_ADCEx_InjectedConvCpltCallback       0x0800066f   Thumb Code     2  stm32f4xx_hal_adc_ex.o(i.HAL_ADCEx_InjectedConvCpltCallback)
    HAL_ADC_ConfigChannel                    0x08000671   Thumb Code   316  stm32f4xx_hal_adc.o(i.HAL_ADC_ConfigChannel)
    HAL_ADC_ConvCpltCallback                 0x080007bd   Thumb Code     2  stm32f4xx_hal_adc.o(i.HAL_ADC_ConvCpltCallback)
    HAL_ADC_ErrorCallback                    0x080007bf   Thumb Code     2  stm32f4xx_hal_adc.o(i.HAL_ADC_ErrorCallback)
    HAL_ADC_IRQHandler                       0x080007c1   Thumb Code   302  stm32f4xx_hal_adc.o(i.HAL_ADC_IRQHandler)
    HAL_ADC_Init                             0x080008ef   Thumb Code    84  stm32f4xx_hal_adc.o(i.HAL_ADC_Init)
    HAL_ADC_LevelOutOfWindowCallback         0x08000943   Thumb Code     2  stm32f4xx_hal_adc.o(i.HAL_ADC_LevelOutOfWindowCallback)
    HAL_ADC_MspInit                          0x08000945   Thumb Code   148  adc.o(i.HAL_ADC_MspInit)
    HAL_DMA_IRQHandler                       0x080009ed   Thumb Code   412  stm32f4xx_hal_dma.o(i.HAL_DMA_IRQHandler)
    HAL_DMA_Init                             0x08000b8d   Thumb Code   206  stm32f4xx_hal_dma.o(i.HAL_DMA_Init)
    HAL_Delay                                0x08000c61   Thumb Code    32  stm32f4xx_hal.o(i.HAL_Delay)
    HAL_GPIO_Init                            0x08000c85   Thumb Code   446  stm32f4xx_hal_gpio.o(i.HAL_GPIO_Init)
    HAL_GPIO_TogglePin                       0x08000e65   Thumb Code    16  stm32f4xx_hal_gpio.o(i.HAL_GPIO_TogglePin)
    HAL_GPIO_WritePin                        0x08000e75   Thumb Code    10  stm32f4xx_hal_gpio.o(i.HAL_GPIO_WritePin)
    HAL_GetTick                              0x08000e81   Thumb Code     6  stm32f4xx_hal.o(i.HAL_GetTick)
    HAL_IncTick                              0x08000e8d   Thumb Code    12  stm32f4xx_hal.o(i.HAL_IncTick)
    HAL_Init                                 0x08000e9d   Thumb Code    48  stm32f4xx_hal.o(i.HAL_Init)
    HAL_InitTick                             0x08000ed1   Thumb Code    54  stm32f4xx_hal.o(i.HAL_InitTick)
    HAL_MspInit                              0x08000f11   Thumb Code    42  stm32f4xx_hal_msp.o(i.HAL_MspInit)
    HAL_NVIC_EnableIRQ                       0x08000f41   Thumb Code    26  stm32f4xx_hal_cortex.o(i.HAL_NVIC_EnableIRQ)
    HAL_NVIC_SetPriority                     0x08000f5d   Thumb Code    60  stm32f4xx_hal_cortex.o(i.HAL_NVIC_SetPriority)
    HAL_NVIC_SetPriorityGrouping             0x08000f9d   Thumb Code    26  stm32f4xx_hal_cortex.o(i.HAL_NVIC_SetPriorityGrouping)
    HAL_RCC_ClockConfig                      0x08000fc1   Thumb Code   288  stm32f4xx_hal_rcc.o(i.HAL_RCC_ClockConfig)
    HAL_RCC_GetSysClockFreq                  0x080010f5   Thumb Code    88  stm32f4xx_hal_rcc.o(i.HAL_RCC_GetSysClockFreq)
    HAL_RCC_OscConfig                        0x08001159   Thumb Code   856  stm32f4xx_hal_rcc.o(i.HAL_RCC_OscConfig)
    HAL_SPI_Init                             0x080014c5   Thumb Code   188  stm32f4xx_hal_spi.o(i.HAL_SPI_Init)
    HAL_SPI_MspInit                          0x08001581   Thumb Code    92  spi.o(i.HAL_SPI_MspInit)
    HAL_SPI_Receive                          0x080015e9   Thumb Code   346  stm32f4xx_hal_spi.o(i.HAL_SPI_Receive)
    HAL_SPI_Transmit                         0x08001743   Thumb Code   358  stm32f4xx_hal_spi.o(i.HAL_SPI_Transmit)
    HAL_SPI_TransmitReceive                  0x080018a9   Thumb Code   482  stm32f4xx_hal_spi.o(i.HAL_SPI_TransmitReceive)
    HAL_SYSTICK_Config                       0x08001a8b   Thumb Code    40  stm32f4xx_hal_cortex.o(i.HAL_SYSTICK_Config)
    HAL_TIMEx_BreakCallback                  0x08001ab3   Thumb Code     2  stm32f4xx_hal_tim_ex.o(i.HAL_TIMEx_BreakCallback)
    HAL_TIMEx_CommutCallback                 0x08001ab5   Thumb Code     2  stm32f4xx_hal_tim_ex.o(i.HAL_TIMEx_CommutCallback)
    HAL_TIMEx_ConfigBreakDeadTime            0x08001ab7   Thumb Code    84  stm32f4xx_hal_tim_ex.o(i.HAL_TIMEx_ConfigBreakDeadTime)
    HAL_TIMEx_MasterConfigSynchronization    0x08001b0d   Thumb Code   104  stm32f4xx_hal_tim_ex.o(i.HAL_TIMEx_MasterConfigSynchronization)
    HAL_TIM_Base_Init                        0x08001b89   Thumb Code    90  stm32f4xx_hal_tim.o(i.HAL_TIM_Base_Init)
    HAL_TIM_Base_MspInit                     0x08001be5   Thumb Code    84  tim.o(i.HAL_TIM_Base_MspInit)
    HAL_TIM_Base_Start_IT                    0x08001c45   Thumb Code    88  stm32f4xx_hal_tim.o(i.HAL_TIM_Base_Start_IT)
    HAL_TIM_ConfigClockSource                0x08001cb1   Thumb Code   220  stm32f4xx_hal_tim.o(i.HAL_TIM_ConfigClockSource)
    HAL_TIM_Encoder_Init                     0x08001d8d   Thumb Code   164  stm32f4xx_hal_tim.o(i.HAL_TIM_Encoder_Init)
    HAL_TIM_Encoder_MspInit                  0x08001e31   Thumb Code   142  tim.o(i.HAL_TIM_Encoder_MspInit)
    HAL_TIM_Encoder_Start                    0x08001ed5   Thumb Code   142  stm32f4xx_hal_tim.o(i.HAL_TIM_Encoder_Start)
    HAL_TIM_IC_CaptureCallback               0x08001f63   Thumb Code     2  stm32f4xx_hal_tim.o(i.HAL_TIM_IC_CaptureCallback)
    HAL_TIM_IRQHandler                       0x08001f65   Thumb Code   358  stm32f4xx_hal_tim.o(i.HAL_TIM_IRQHandler)
    HAL_TIM_MspPostInit                      0x080020cd   Thumb Code   104  tim.o(i.HAL_TIM_MspPostInit)
    HAL_TIM_OC_DelayElapsedCallback          0x08002141   Thumb Code     2  stm32f4xx_hal_tim.o(i.HAL_TIM_OC_DelayElapsedCallback)
    HAL_TIM_PWM_ConfigChannel                0x08002143   Thumb Code   204  stm32f4xx_hal_tim.o(i.HAL_TIM_PWM_ConfigChannel)
    HAL_TIM_PWM_Init                         0x0800220f   Thumb Code    90  stm32f4xx_hal_tim.o(i.HAL_TIM_PWM_Init)
    HAL_TIM_PWM_MspInit                      0x08002269   Thumb Code     2  stm32f4xx_hal_tim.o(i.HAL_TIM_PWM_MspInit)
    HAL_TIM_PWM_PulseFinishedCallback        0x0800226b   Thumb Code     2  stm32f4xx_hal_tim.o(i.HAL_TIM_PWM_PulseFinishedCallback)
    HAL_TIM_PWM_Start                        0x0800226d   Thumb Code   156  stm32f4xx_hal_tim.o(i.HAL_TIM_PWM_Start)
    HAL_TIM_PeriodElapsedCallback            0x0800231d   Thumb Code    88  main.o(i.HAL_TIM_PeriodElapsedCallback)
    HAL_TIM_TriggerCallback                  0x08002379   Thumb Code     2  stm32f4xx_hal_tim.o(i.HAL_TIM_TriggerCallback)
    HardFault_Handler                        0x0800237b   Thumb Code     2  stm32f4xx_it.o(i.HardFault_Handler)
    LED_UPDATE                               0x0800237d   Thumb Code    34  main.o(i.LED_UPDATE)
    MOTOR_INIT                               0x080023a9   Thumb Code    48  motor.o(i.MOTOR_INIT)
    MOTOR_SET_VELOCITY                       0x080023dd   Thumb Code     6  motor.o(i.MOTOR_SET_VELOCITY)
    MOTOR_STOP                               0x080023e3   Thumb Code    68  motor.o(i.MOTOR_STOP)
    MOTOR_UPDATE_PID                         0x08002427   Thumb Code    22  motor.o(i.MOTOR_UPDATE_PID)
    MOTOR_UPDATE_PWM                         0x0800243d   Thumb Code   274  motor.o(i.MOTOR_UPDATE_PWM)
    MOTOR_UPDATE_VELOCITY                    0x08002561   Thumb Code   136  motor.o(i.MOTOR_UPDATE_VELOCITY)
    MX_ADC1_Init                             0x080025fd   Thumb Code   132  adc.o(i.MX_ADC1_Init)
    MX_DMA_Init                              0x0800268d   Thumb Code    40  dma.o(i.MX_DMA_Init)
    MX_GPIO_Init                             0x080026b9   Thumb Code   192  gpio.o(i.MX_GPIO_Init)
    MX_SPI3_Init                             0x08002789   Thumb Code    62  spi.o(i.MX_SPI3_Init)
    MX_TIM1_Init                             0x080027d1   Thumb Code   192  tim.o(i.MX_TIM1_Init)
    MX_TIM2_Init                             0x08002899   Thumb Code   146  tim.o(i.MX_TIM2_Init)
    MX_TIM3_Init                             0x08002931   Thumb Code   100  tim.o(i.MX_TIM3_Init)
    MX_TIM4_Init                             0x0800299d   Thumb Code   100  tim.o(i.MX_TIM4_Init)
    MX_TIM5_Init                             0x08002a09   Thumb Code    96  tim.o(i.MX_TIM5_Init)
    MemManage_Handler                        0x08002a71   Thumb Code     2  stm32f4xx_it.o(i.MemManage_Handler)
    NMI_Handler                              0x08002a73   Thumb Code     2  stm32f4xx_it.o(i.NMI_Handler)
    NRF24_ACTIVATE_cmd                       0x08002a75   Thumb Code    40  my_nrf24.o(i.NRF24_ACTIVATE_cmd)
    NRF24_DelayMicroSeconds                  0x08002aa1   Thumb Code    18  my_nrf24.o(i.NRF24_DelayMicroSeconds)
    NRF24_available                          0x08002abd   Thumb Code     6  my_nrf24.o(i.NRF24_available)
    NRF24_availablePipe                      0x08002ac3   Thumb Code    48  my_nrf24.o(i.NRF24_availablePipe)
    NRF24_begin                              0x08002af5   Thumb Code   384  my_nrf24.o(i.NRF24_begin)
    NRF24_ce                                 0x08002c7d   Thumb Code    16  my_nrf24.o(i.NRF24_ce)
    NRF24_csn                                0x08002c91   Thumb Code    16  my_nrf24.o(i.NRF24_csn)
    NRF24_disableDynamicPayloads             0x08002ca5   Thumb Code    34  my_nrf24.o(i.NRF24_disableDynamicPayloads)
    NRF24_flush_rx                           0x08002ccd   Thumb Code     8  my_nrf24.o(i.NRF24_flush_rx)
    NRF24_flush_tx                           0x08002cd5   Thumb Code     8  my_nrf24.o(i.NRF24_flush_tx)
    NRF24_get_status                         0x08002cdd   Thumb Code     6  my_nrf24.o(i.NRF24_get_status)
    NRF24_openReadingPipe                    0x08002ce5   Thumb Code    78  my_nrf24.o(i.NRF24_openReadingPipe)
    NRF24_powerDown                          0x08002d3d   Thumb Code    22  my_nrf24.o(i.NRF24_powerDown)
    NRF24_read                               0x08002d53   Thumb Code    36  my_nrf24.o(i.NRF24_read)
    NRF24_read_payload                       0x08002d79   Thumb Code    58  my_nrf24.o(i.NRF24_read_payload)
    NRF24_read_register                      0x08002dbd   Thumb Code    58  my_nrf24.o(i.NRF24_read_register)
    NRF24_resetStatus                        0x08002dfd   Thumb Code     8  my_nrf24.o(i.NRF24_resetStatus)
    NRF24_setAutoAck                         0x08002e05   Thumb Code    14  my_nrf24.o(i.NRF24_setAutoAck)
    NRF24_setCRCLength                       0x08002e13   Thumb Code    40  my_nrf24.o(i.NRF24_setCRCLength)
    NRF24_setChannel                         0x08002e3b   Thumb Code    14  my_nrf24.o(i.NRF24_setChannel)
    NRF24_setDataRate                        0x08002e49   Thumb Code    86  my_nrf24.o(i.NRF24_setDataRate)
    NRF24_setPALevel                         0x08002ea5   Thumb Code    60  my_nrf24.o(i.NRF24_setPALevel)
    NRF24_setPayloadSize                     0x08002ee1   Thumb Code    12  my_nrf24.o(i.NRF24_setPayloadSize)
    NRF24_setRetries                         0x08002ef1   Thumb Code    14  my_nrf24.o(i.NRF24_setRetries)
    NRF24_startListening                     0x08002f01   Thumb Code    64  my_nrf24.o(i.NRF24_startListening)
    NRF24_write_register                     0x08002f45   Thumb Code    44  my_nrf24.o(i.NRF24_write_register)
    NRF24_write_registerN                    0x08002f75   Thumb Code    54  my_nrf24.o(i.NRF24_write_registerN)
    PID_CALCULATE                            0x08002fb1   Thumb Code   152  pid.o(i.PID_CALCULATE)
    PID_INIT                                 0x0800304d   Thumb Code    32  pid.o(i.PID_INIT)
    PendSV_Handler                           0x08003071   Thumb Code     2  stm32f4xx_it.o(i.PendSV_Handler)
    ROBOT_INIT                               0x08003075   Thumb Code    20  robot.o(i.ROBOT_INIT)
    ROBOT_UPDATE_VELOCITY                    0x0800308d   Thumb Code    86  robot.o(i.ROBOT_UPDATE_VELOCITY)
    SVC_Handler                              0x08003259   Thumb Code     2  stm32f4xx_it.o(i.SVC_Handler)
    SysTick_Handler                          0x0800325b   Thumb Code     4  stm32f4xx_it.o(i.SysTick_Handler)
    SystemClock_Config                       0x08003261   Thumb Code   140  main.o(i.SystemClock_Config)
    SystemInit                               0x080032f5   Thumb Code    12  system_stm32f4xx.o(i.SystemInit)
    TIM5_IRQHandler                          0x08003305   Thumb Code     6  stm32f4xx_it.o(i.TIM5_IRQHandler)
    TIM_Base_SetConfig                       0x08003311   Thumb Code   122  stm32f4xx_hal_tim.o(i.TIM_Base_SetConfig)
    TIM_CCxChannelCmd                        0x080033a9   Thumb Code    26  stm32f4xx_hal_tim.o(i.TIM_CCxChannelCmd)
    TIM_ETR_SetConfig                        0x080033c3   Thumb Code    20  stm32f4xx_hal_tim.o(i.TIM_ETR_SetConfig)
    TIM_OC2_SetConfig                        0x08003439   Thumb Code    84  stm32f4xx_hal_tim.o(i.TIM_OC2_SetConfig)
    UsageFault_Handler                       0x08003573   Thumb Code     2  stm32f4xx_it.o(i.UsageFault_Handler)
    main                                     0x08003595   Thumb Code   420  main.o(i.main)
    __aeabi_d2uiz                            0x08003771   Thumb Code     0  dfixu.o(x$fpl$dfixu)
    _dfixu                                   0x08003771   Thumb Code    90  dfixu.o(x$fpl$dfixu)
    __aeabi_dmul                             0x080037cd   Thumb Code     0  dmul.o(x$fpl$dmul)
    _dmul                                    0x080037cd   Thumb Code   332  dmul.o(x$fpl$dmul)
    __fpl_dnaninf                            0x08003921   Thumb Code   156  dnaninf.o(x$fpl$dnaninf)
    __fpl_dretinf                            0x080039bd   Thumb Code    12  dretinf.o(x$fpl$dretinf)
    __aeabi_f2d                              0x080039c9   Thumb Code     0  f2d.o(x$fpl$f2d)
    _f2d                                     0x080039c9   Thumb Code    86  f2d.o(x$fpl$f2d)
    __fpl_fnaninf                            0x08003a1f   Thumb Code   140  fnaninf.o(x$fpl$fnaninf)
    _fp_init                                 0x08003aab   Thumb Code    10  fpinit.o(x$fpl$fpinit)
    __fplib_config_fpu_vfp                   0x08003ab3   Thumb Code     0  fpinit.o(x$fpl$fpinit)
    __fplib_config_pureend_doubles           0x08003ab3   Thumb Code     0  fpinit.o(x$fpl$fpinit)
    __I$use$fp                               0x08003ab4   Number         0  usenofp.o(x$fpl$usenofp)
    AHBPrescTable                            0x08003ac9   Data          16  system_stm32f4xx.o(.constdata)
    Region$$Table$$Base                      0x08003adc   Number         0  anon$$obj.o(Region$$Table)
    Region$$Table$$Limit                     0x08003afc   Number         0  anon$$obj.o(Region$$Table)
    led_tick                                 0x20000018   Data           4  main.o(.data)
    received_packet                          0x2000001c   Data           4  main.o(.data)
    radio_frame                              0x20000020   Data           6  main.o(.data)
    rx_pipe_address                          0x20000028   Data           8  main.o(.data)
    uwTickFreq                               0x20000030   Data           1  stm32f4xx_hal.o(.data)
    uwTickPrio                               0x20000034   Data           4  stm32f4xx_hal.o(.data)
    uwTick                                   0x20000038   Data           4  stm32f4xx_hal.o(.data)
    SystemCoreClock                          0x2000003c   Data           4  system_stm32f4xx.o(.data)
    encoder_left                             0x20000098   Data          16  main.o(.bss)
    encoder_right                            0x200000a8   Data          16  main.o(.bss)
    pid_left                                 0x200000b8   Data          40  main.o(.bss)
    pid_right                                0x200000e0   Data          40  main.o(.bss)
    motor_left                               0x20000108   Data          48  main.o(.bss)
    motor_right                              0x20000138   Data          48  main.o(.bss)
    Robot                                    0x20000168   Data          20  main.o(.bss)
    hadc1                                    0x2000017c   Data          72  adc.o(.bss)
    hdma_adc1                                0x200001c4   Data          96  adc.o(.bss)
    hspi3                                    0x20000224   Data          88  spi.o(.bss)
    htim1                                    0x2000027c   Data          72  tim.o(.bss)
    htim2                                    0x200002c4   Data          72  tim.o(.bss)
    htim3                                    0x2000030c   Data          72  tim.o(.bss)
    htim4                                    0x20000354   Data          72  tim.o(.bss)
    htim5                                    0x2000039c   Data          72  tim.o(.bss)
    __libspace_start                         0x200003e4   Data          96  libspace.o(.bss)
    __temporary_stack_top$libspace           0x20000444   Data           0  libspace.o(.bss)



==============================================================================

Memory Map of the image

  Image Entry point : 0x08000195

  Load Region LR_IROM1 (Base: 0x08000000, Size: 0x00003b3c, Max: 0x00040000, ABSOLUTE)

    Execution Region ER_IROM1 (Exec base: 0x08000000, Load base: 0x08000000, Size: 0x00003afc, Max: 0x00040000, ABSOLUTE)

    Exec Addr    Load Addr    Size         Type   Attr      Idx    E Section Name        Object

    0x08000000   0x08000000   0x00000194   Data   RO            3    RESET               startup_stm32f401xc.o
    0x08000194   0x08000194   0x00000008   Code   RO         3823  * !!!main             c_w.l(__main.o)
    0x0800019c   0x0800019c   0x00000034   Code   RO         4007    !!!scatter          c_w.l(__scatter.o)
    0x080001d0   0x080001d0   0x0000001a   Code   RO         4009    !!handler_copy      c_w.l(__scatter_copy.o)
    0x080001ea   0x080001ea   0x00000002   PAD
    0x080001ec   0x080001ec   0x0000001c   Code   RO         4011    !!handler_zi        c_w.l(__scatter_zi.o)
    0x08000208   0x08000208   0x00000002   Code   RO         3875    .ARM.Collect$$libinit$$00000000  c_w.l(libinit.o)
    0x0800020a   0x0800020a   0x00000004   Code   RO         3887    .ARM.Collect$$libinit$$00000001  c_w.l(libinit2.o)
    0x0800020e   0x0800020e   0x00000000   Code   RO         3890    .ARM.Collect$$libinit$$00000004  c_w.l(libinit2.o)
    0x0800020e   0x0800020e   0x00000000   Code   RO         3893    .ARM.Collect$$libinit$$0000000A  c_w.l(libinit2.o)
    0x0800020e   0x0800020e   0x00000000   Code   RO         3895    .ARM.Collect$$libinit$$0000000C  c_w.l(libinit2.o)
    0x0800020e   0x0800020e   0x00000000   Code   RO         3897    .ARM.Collect$$libinit$$0000000E  c_w.l(libinit2.o)
    0x0800020e   0x0800020e   0x00000000   Code   RO         3900    .ARM.Collect$$libinit$$00000011  c_w.l(libinit2.o)
    0x0800020e   0x0800020e   0x00000000   Code   RO         3902    .ARM.Collect$$libinit$$00000013  c_w.l(libinit2.o)
    0x0800020e   0x0800020e   0x00000000   Code   RO         3904    .ARM.Collect$$libinit$$00000015  c_w.l(libinit2.o)
    0x0800020e   0x0800020e   0x00000000   Code   RO         3906    .ARM.Collect$$libinit$$00000017  c_w.l(libinit2.o)
    0x0800020e   0x0800020e   0x00000000   Code   RO         3908    .ARM.Collect$$libinit$$00000019  c_w.l(libinit2.o)
    0x0800020e   0x0800020e   0x00000000   Code   RO         3910    .ARM.Collect$$libinit$$0000001B  c_w.l(libinit2.o)
    0x0800020e   0x0800020e   0x00000000   Code   RO         3912    .ARM.Collect$$libinit$$0000001D  c_w.l(libinit2.o)
    0x0800020e   0x0800020e   0x00000000   Code   RO         3914    .ARM.Collect$$libinit$$0000001F  c_w.l(libinit2.o)
    0x0800020e   0x0800020e   0x00000000   Code   RO         3916    .ARM.Collect$$libinit$$00000021  c_w.l(libinit2.o)
    0x0800020e   0x0800020e   0x00000000   Code   RO         3918    .ARM.Collect$$libinit$$00000023  c_w.l(libinit2.o)
    0x0800020e   0x0800020e   0x00000000   Code   RO         3920    .ARM.Collect$$libinit$$00000025  c_w.l(libinit2.o)
    0x0800020e   0x0800020e   0x00000000   Code   RO         3924    .ARM.Collect$$libinit$$0000002C  c_w.l(libinit2.o)
    0x0800020e   0x0800020e   0x00000000   Code   RO         3926    .ARM.Collect$$libinit$$0000002E  c_w.l(libinit2.o)
    0x0800020e   0x0800020e   0x00000000   Code   RO         3928    .ARM.Collect$$libinit$$00000030  c_w.l(libinit2.o)
    0x0800020e   0x0800020e   0x00000000   Code   RO         3930    .ARM.Collect$$libinit$$00000032  c_w.l(libinit2.o)
    0x0800020e   0x0800020e   0x00000002   Code   RO         3931    .ARM.Collect$$libinit$$00000033  c_w.l(libinit2.o)
    0x08000210   0x08000210   0x00000002   Code   RO         3962    .ARM.Collect$$libshutdown$$00000000  c_w.l(libshutdown.o)
    0x08000212   0x08000212   0x00000000   Code   RO         3988    .ARM.Collect$$libshutdown$$00000002  c_w.l(libshutdown2.o)
    0x08000212   0x08000212   0x00000000   Code   RO         3990    .ARM.Collect$$libshutdown$$00000004  c_w.l(libshutdown2.o)
    0x08000212   0x08000212   0x00000000   Code   RO         3992    .ARM.Collect$$libshutdown$$00000006  c_w.l(libshutdown2.o)
    0x08000212   0x08000212   0x00000000   Code   RO         3995    .ARM.Collect$$libshutdown$$00000009  c_w.l(libshutdown2.o)
    0x08000212   0x08000212   0x00000000   Code   RO         3998    .ARM.Collect$$libshutdown$$0000000C  c_w.l(libshutdown2.o)
    0x08000212   0x08000212   0x00000000   Code   RO         4000    .ARM.Collect$$libshutdown$$0000000E  c_w.l(libshutdown2.o)
    0x08000212   0x08000212   0x00000000   Code   RO         4003    .ARM.Collect$$libshutdown$$00000011  c_w.l(libshutdown2.o)
    0x08000212   0x08000212   0x00000002   Code   RO         4004    .ARM.Collect$$libshutdown$$00000012  c_w.l(libshutdown2.o)
    0x08000214   0x08000214   0x00000000   Code   RO         3833    .ARM.Collect$$rtentry$$00000000  c_w.l(__rtentry.o)
    0x08000214   0x08000214   0x00000000   Code   RO         3846    .ARM.Collect$$rtentry$$00000002  c_w.l(__rtentry2.o)
    0x08000214   0x08000214   0x00000006   Code   RO         3858    .ARM.Collect$$rtentry$$00000004  c_w.l(__rtentry4.o)
    0x0800021a   0x0800021a   0x00000000   Code   RO         3848    .ARM.Collect$$rtentry$$00000009  c_w.l(__rtentry2.o)
    0x0800021a   0x0800021a   0x00000004   Code   RO         3849    .ARM.Collect$$rtentry$$0000000A  c_w.l(__rtentry2.o)
    0x0800021e   0x0800021e   0x00000000   Code   RO         3851    .ARM.Collect$$rtentry$$0000000C  c_w.l(__rtentry2.o)
    0x0800021e   0x0800021e   0x00000008   Code   RO         3852    .ARM.Collect$$rtentry$$0000000D  c_w.l(__rtentry2.o)
    0x08000226   0x08000226   0x00000002   Code   RO         3879    .ARM.Collect$$rtexit$$00000000  c_w.l(rtexit.o)
    0x08000228   0x08000228   0x00000000   Code   RO         3935    .ARM.Collect$$rtexit$$00000002  c_w.l(rtexit2.o)
    0x08000228   0x08000228   0x00000004   Code   RO         3936    .ARM.Collect$$rtexit$$00000003  c_w.l(rtexit2.o)
    0x0800022c   0x0800022c   0x00000006   Code   RO         3937    .ARM.Collect$$rtexit$$00000004  c_w.l(rtexit2.o)
    0x08000232   0x08000232   0x00000002   PAD
    0x08000234   0x08000234   0x00000040   Code   RO            4    .text               startup_stm32f401xc.o
    0x08000274   0x08000274   0x000000ee   Code   RO         3815    .text               c_w.l(lludivv7m.o)
    0x08000362   0x08000362   0x00000064   Code   RO         3817    .text               c_w.l(rt_memcpy_w.o)
    0x080003c6   0x080003c6   0x0000004e   Code   RO         3819    .text               c_w.l(rt_memclr_w.o)
    0x08000414   0x08000414   0x00000006   Code   RO         3821    .text               c_w.l(heapauxi.o)
    0x0800041a   0x0800041a   0x0000004a   Code   RO         3862    .text               c_w.l(sys_stackheap_outer.o)
    0x08000464   0x08000464   0x00000012   Code   RO         3864    .text               c_w.l(exit.o)
    0x08000476   0x08000476   0x00000002   PAD
    0x08000478   0x08000478   0x00000008   Code   RO         3876    .text               c_w.l(libspace.o)
    0x08000480   0x08000480   0x0000000c   Code   RO         3932    .text               c_w.l(sys_exit.o)
    0x0800048c   0x0800048c   0x00000002   Code   RO         3951    .text               c_w.l(use_no_semi.o)
    0x0800048e   0x0800048e   0x00000000   Code   RO         3953    .text               c_w.l(indicate_semi.o)
    0x0800048e   0x0800048e   0x00000002   PAD
    0x08000490   0x08000490   0x0000000c   Code   RO          751    i.ADC_IRQHandler    stm32f4xx_it.o
    0x0800049c   0x0800049c   0x00000128   Code   RO         1028    i.ADC_Init          stm32f4xx_hal_adc.o
    0x080005c4   0x080005c4   0x00000002   Code   RO          752    i.BusFault_Handler  stm32f4xx_it.o
    0x080005c6   0x080005c6   0x00000002   PAD
    0x080005c8   0x080005c8   0x0000000c   Code   RO          753    i.DMA2_Stream0_IRQHandler  stm32f4xx_it.o
    0x080005d4   0x080005d4   0x00000028   Code   RO         1786    i.DMA_CalcBaseAndBitshift  stm32f4xx_hal_dma.o
    0x080005fc   0x080005fc   0x00000054   Code   RO         1787    i.DMA_CheckFifoParam  stm32f4xx_hal_dma.o
    0x08000650   0x08000650   0x00000002   Code   RO          754    i.DebugMon_Handler  stm32f4xx_it.o
    0x08000652   0x08000652   0x0000000c   Code   RO          962    i.ENCODER_GET_VALUE  encoder.o
    0x0800065e   0x0800065e   0x0000000c   Code   RO          963    i.ENCODER_INIT      encoder.o
    0x0800066a   0x0800066a   0x00000004   Code   RO          439    i.Error_Handler     main.o
    0x0800066e   0x0800066e   0x00000002   Code   RO         1199    i.HAL_ADCEx_InjectedConvCpltCallback  stm32f4xx_hal_adc_ex.o
    0x08000670   0x08000670   0x0000014c   Code   RO         1030    i.HAL_ADC_ConfigChannel  stm32f4xx_hal_adc.o
    0x080007bc   0x080007bc   0x00000002   Code   RO         1031    i.HAL_ADC_ConvCpltCallback  stm32f4xx_hal_adc.o
    0x080007be   0x080007be   0x00000002   Code   RO         1034    i.HAL_ADC_ErrorCallback  stm32f4xx_hal_adc.o
    0x080007c0   0x080007c0   0x0000012e   Code   RO         1038    i.HAL_ADC_IRQHandler  stm32f4xx_hal_adc.o
    0x080008ee   0x080008ee   0x00000054   Code   RO         1039    i.HAL_ADC_Init      stm32f4xx_hal_adc.o
    0x08000942   0x08000942   0x00000002   Code   RO         1040    i.HAL_ADC_LevelOutOfWindowCallback  stm32f4xx_hal_adc.o
    0x08000944   0x08000944   0x000000a8   Code   RO          560    i.HAL_ADC_MspInit   adc.o
    0x080009ec   0x080009ec   0x000001a0   Code   RO         1794    i.HAL_DMA_IRQHandler  stm32f4xx_hal_dma.o
    0x08000b8c   0x08000b8c   0x000000d4   Code   RO         1795    i.HAL_DMA_Init      stm32f4xx_hal_dma.o
    0x08000c60   0x08000c60   0x00000024   Code   RO         2232    i.HAL_Delay         stm32f4xx_hal.o
    0x08000c84   0x08000c84   0x000001e0   Code   RO         1682    i.HAL_GPIO_Init     stm32f4xx_hal_gpio.o
    0x08000e64   0x08000e64   0x00000010   Code   RO         1685    i.HAL_GPIO_TogglePin  stm32f4xx_hal_gpio.o
    0x08000e74   0x08000e74   0x0000000a   Code   RO         1686    i.HAL_GPIO_WritePin  stm32f4xx_hal_gpio.o
    0x08000e7e   0x08000e7e   0x00000002   PAD
    0x08000e80   0x08000e80   0x0000000c   Code   RO         2238    i.HAL_GetTick       stm32f4xx_hal.o
    0x08000e8c   0x08000e8c   0x00000010   Code   RO         2244    i.HAL_IncTick       stm32f4xx_hal.o
    0x08000e9c   0x08000e9c   0x00000034   Code   RO         2245    i.HAL_Init          stm32f4xx_hal.o
    0x08000ed0   0x08000ed0   0x00000040   Code   RO         2246    i.HAL_InitTick      stm32f4xx_hal.o
    0x08000f10   0x08000f10   0x00000030   Code   RO          845    i.HAL_MspInit       stm32f4xx_hal_msp.o
    0x08000f40   0x08000f40   0x0000001a   Code   RO         2095    i.HAL_NVIC_EnableIRQ  stm32f4xx_hal_cortex.o
    0x08000f5a   0x08000f5a   0x00000002   PAD
    0x08000f5c   0x08000f5c   0x00000040   Code   RO         2101    i.HAL_NVIC_SetPriority  stm32f4xx_hal_cortex.o
    0x08000f9c   0x08000f9c   0x00000024   Code   RO         2102    i.HAL_NVIC_SetPriorityGrouping  stm32f4xx_hal_cortex.o
    0x08000fc0   0x08000fc0   0x00000134   Code   RO         1304    i.HAL_RCC_ClockConfig  stm32f4xx_hal_rcc.o
    0x080010f4   0x080010f4   0x00000064   Code   RO         1313    i.HAL_RCC_GetSysClockFreq  stm32f4xx_hal_rcc.o
    0x08001158   0x08001158   0x0000036c   Code   RO         1316    i.HAL_RCC_OscConfig  stm32f4xx_hal_rcc.o
    0x080014c4   0x080014c4   0x000000bc   Code   RO         2494    i.HAL_SPI_Init      stm32f4xx_hal_spi.o
    0x08001580   0x08001580   0x00000068   Code   RO          626    i.HAL_SPI_MspInit   spi.o
    0x080015e8   0x080015e8   0x0000015a   Code   RO         2497    i.HAL_SPI_Receive   stm32f4xx_hal_spi.o
    0x08001742   0x08001742   0x00000166   Code   RO         2502    i.HAL_SPI_Transmit  stm32f4xx_hal_spi.o
    0x080018a8   0x080018a8   0x000001e2   Code   RO         2503    i.HAL_SPI_TransmitReceive  stm32f4xx_hal_spi.o
    0x08001a8a   0x08001a8a   0x00000028   Code   RO         2106    i.HAL_SYSTICK_Config  stm32f4xx_hal_cortex.o
    0x08001ab2   0x08001ab2   0x00000002   Code   RO         3511    i.HAL_TIMEx_BreakCallback  stm32f4xx_hal_tim_ex.o
    0x08001ab4   0x08001ab4   0x00000002   Code   RO         3512    i.HAL_TIMEx_CommutCallback  stm32f4xx_hal_tim_ex.o
    0x08001ab6   0x08001ab6   0x00000054   Code   RO         3514    i.HAL_TIMEx_ConfigBreakDeadTime  stm32f4xx_hal_tim_ex.o
    0x08001b0a   0x08001b0a   0x00000002   PAD
    0x08001b0c   0x08001b0c   0x0000007c   Code   RO         3530    i.HAL_TIMEx_MasterConfigSynchronization  stm32f4xx_hal_tim_ex.o
    0x08001b88   0x08001b88   0x0000005a   Code   RO         2807    i.HAL_TIM_Base_Init  stm32f4xx_hal_tim.o
    0x08001be2   0x08001be2   0x00000002   PAD
    0x08001be4   0x08001be4   0x00000060   Code   RO          668    i.HAL_TIM_Base_MspInit  tim.o
    0x08001c44   0x08001c44   0x0000006c   Code   RO         2812    i.HAL_TIM_Base_Start_IT  stm32f4xx_hal_tim.o
    0x08001cb0   0x08001cb0   0x000000dc   Code   RO         2816    i.HAL_TIM_ConfigClockSource  stm32f4xx_hal_tim.o
    0x08001d8c   0x08001d8c   0x000000a4   Code   RO         2828    i.HAL_TIM_Encoder_Init  stm32f4xx_hal_tim.o
    0x08001e30   0x08001e30   0x000000a4   Code   RO          670    i.HAL_TIM_Encoder_MspInit  tim.o
    0x08001ed4   0x08001ed4   0x0000008e   Code   RO         2831    i.HAL_TIM_Encoder_Start  stm32f4xx_hal_tim.o
    0x08001f62   0x08001f62   0x00000002   Code   RO         2841    i.HAL_TIM_IC_CaptureCallback  stm32f4xx_hal_tim.o
    0x08001f64   0x08001f64   0x00000166   Code   RO         2855    i.HAL_TIM_IRQHandler  stm32f4xx_hal_tim.o
    0x080020ca   0x080020ca   0x00000002   PAD
    0x080020cc   0x080020cc   0x00000074   Code   RO          671    i.HAL_TIM_MspPostInit  tim.o
    0x08002140   0x08002140   0x00000002   Code   RO         2858    i.HAL_TIM_OC_DelayElapsedCallback  stm32f4xx_hal_tim.o
    0x08002142   0x08002142   0x000000cc   Code   RO         2879    i.HAL_TIM_PWM_ConfigChannel  stm32f4xx_hal_tim.o
    0x0800220e   0x0800220e   0x0000005a   Code   RO         2882    i.HAL_TIM_PWM_Init  stm32f4xx_hal_tim.o
    0x08002268   0x08002268   0x00000002   Code   RO         2884    i.HAL_TIM_PWM_MspInit  stm32f4xx_hal_tim.o
    0x0800226a   0x0800226a   0x00000002   Code   RO         2885    i.HAL_TIM_PWM_PulseFinishedCallback  stm32f4xx_hal_tim.o
    0x0800226c   0x0800226c   0x000000b0   Code   RO         2887    i.HAL_TIM_PWM_Start  stm32f4xx_hal_tim.o
    0x0800231c   0x0800231c   0x0000005c   Code   RO          440    i.HAL_TIM_PeriodElapsedCallback  main.o
    0x08002378   0x08002378   0x00000002   Code   RO         2898    i.HAL_TIM_TriggerCallback  stm32f4xx_hal_tim.o
    0x0800237a   0x0800237a   0x00000002   Code   RO          755    i.HardFault_Handler  stm32f4xx_it.o
    0x0800237c   0x0800237c   0x0000002c   Code   RO          441    i.LED_UPDATE        main.o
    0x080023a8   0x080023a8   0x00000034   Code   RO          902    i.MOTOR_INIT        motor.o
    0x080023dc   0x080023dc   0x00000006   Code   RO          903    i.MOTOR_SET_VELOCITY  motor.o
    0x080023e2   0x080023e2   0x00000044   Code   RO          904    i.MOTOR_STOP        motor.o
    0x08002426   0x08002426   0x00000016   Code   RO          905    i.MOTOR_UPDATE_PID  motor.o
    0x0800243c   0x0800243c   0x00000124   Code   RO          906    i.MOTOR_UPDATE_PWM  motor.o
    0x08002560   0x08002560   0x0000009c   Code   RO          907    i.MOTOR_UPDATE_VELOCITY  motor.o
    0x080025fc   0x080025fc   0x00000090   Code   RO          561    i.MX_ADC1_Init      adc.o
    0x0800268c   0x0800268c   0x0000002c   Code   RO          601    i.MX_DMA_Init       dma.o
    0x080026b8   0x080026b8   0x000000d0   Code   RO          535    i.MX_GPIO_Init      gpio.o
    0x08002788   0x08002788   0x00000048   Code   RO          627    i.MX_SPI3_Init      spi.o
    0x080027d0   0x080027d0   0x000000c8   Code   RO          672    i.MX_TIM1_Init      tim.o
    0x08002898   0x08002898   0x00000098   Code   RO          673    i.MX_TIM2_Init      tim.o
    0x08002930   0x08002930   0x0000006c   Code   RO          674    i.MX_TIM3_Init      tim.o
    0x0800299c   0x0800299c   0x0000006c   Code   RO          675    i.MX_TIM4_Init      tim.o
    0x08002a08   0x08002a08   0x00000068   Code   RO          676    i.MX_TIM5_Init      tim.o
    0x08002a70   0x08002a70   0x00000002   Code   RO          756    i.MemManage_Handler  stm32f4xx_it.o
    0x08002a72   0x08002a72   0x00000002   Code   RO          757    i.NMI_Handler       stm32f4xx_it.o
    0x08002a74   0x08002a74   0x0000002c   Code   RO           13    i.NRF24_ACTIVATE_cmd  my_nrf24.o
    0x08002aa0   0x08002aa0   0x0000001c   Code   RO           14    i.NRF24_DelayMicroSeconds  my_nrf24.o
    0x08002abc   0x08002abc   0x00000006   Code   RO           16    i.NRF24_available   my_nrf24.o
    0x08002ac2   0x08002ac2   0x00000030   Code   RO           17    i.NRF24_availablePipe  my_nrf24.o
    0x08002af2   0x08002af2   0x00000002   PAD
    0x08002af4   0x08002af4   0x00000188   Code   RO           18    i.NRF24_begin       my_nrf24.o
    0x08002c7c   0x08002c7c   0x00000014   Code   RO           19    i.NRF24_ce          my_nrf24.o
    0x08002c90   0x08002c90   0x00000014   Code   RO           20    i.NRF24_csn         my_nrf24.o
    0x08002ca4   0x08002ca4   0x00000028   Code   RO           22    i.NRF24_disableDynamicPayloads  my_nrf24.o
    0x08002ccc   0x08002ccc   0x00000008   Code   RO           25    i.NRF24_flush_rx    my_nrf24.o
    0x08002cd4   0x08002cd4   0x00000008   Code   RO           26    i.NRF24_flush_tx    my_nrf24.o
    0x08002cdc   0x08002cdc   0x00000006   Code   RO           32    i.NRF24_get_status  my_nrf24.o
    0x08002ce2   0x08002ce2   0x00000002   PAD
    0x08002ce4   0x08002ce4   0x00000058   Code   RO           35    i.NRF24_openReadingPipe  my_nrf24.o
    0x08002d3c   0x08002d3c   0x00000016   Code   RO           37    i.NRF24_powerDown   my_nrf24.o
    0x08002d52   0x08002d52   0x00000024   Code   RO           39    i.NRF24_read        my_nrf24.o
    0x08002d76   0x08002d76   0x00000002   PAD
    0x08002d78   0x08002d78   0x00000044   Code   RO           40    i.NRF24_read_payload  my_nrf24.o
    0x08002dbc   0x08002dbc   0x00000040   Code   RO           41    i.NRF24_read_register  my_nrf24.o
    0x08002dfc   0x08002dfc   0x00000008   Code   RO           43    i.NRF24_resetStatus  my_nrf24.o
    0x08002e04   0x08002e04   0x0000000e   Code   RO           44    i.NRF24_setAutoAck  my_nrf24.o
    0x08002e12   0x08002e12   0x00000028   Code   RO           46    i.NRF24_setCRCLength  my_nrf24.o
    0x08002e3a   0x08002e3a   0x0000000e   Code   RO           47    i.NRF24_setChannel  my_nrf24.o
    0x08002e48   0x08002e48   0x0000005c   Code   RO           48    i.NRF24_setDataRate  my_nrf24.o
    0x08002ea4   0x08002ea4   0x0000003c   Code   RO           49    i.NRF24_setPALevel  my_nrf24.o
    0x08002ee0   0x08002ee0   0x00000010   Code   RO           50    i.NRF24_setPayloadSize  my_nrf24.o
    0x08002ef0   0x08002ef0   0x0000000e   Code   RO           51    i.NRF24_setRetries  my_nrf24.o
    0x08002efe   0x08002efe   0x00000002   PAD
    0x08002f00   0x08002f00   0x00000044   Code   RO           52    i.NRF24_startListening  my_nrf24.o
    0x08002f44   0x08002f44   0x00000030   Code   RO           61    i.NRF24_write_register  my_nrf24.o
    0x08002f74   0x08002f74   0x0000003c   Code   RO           62    i.NRF24_write_registerN  my_nrf24.o
    0x08002fb0   0x08002fb0   0x0000009c   Code   RO          869    i.PID_CALCULATE     pid.o
    0x0800304c   0x0800304c   0x00000024   Code   RO          870    i.PID_INIT          pid.o
    0x08003070   0x08003070   0x00000002   Code   RO          758    i.PendSV_Handler    stm32f4xx_it.o
    0x08003072   0x08003072   0x00000002   PAD
    0x08003074   0x08003074   0x00000018   Code   RO          992    i.ROBOT_INIT        robot.o
    0x0800308c   0x0800308c   0x00000060   Code   RO          993    i.ROBOT_UPDATE_VELOCITY  robot.o
    0x080030ec   0x080030ec   0x0000005c   Code   RO         2531    i.SPI_EndRxTransaction  stm32f4xx_hal_spi.o
    0x08003148   0x08003148   0x00000058   Code   RO         2532    i.SPI_EndRxTxTransaction  stm32f4xx_hal_spi.o
    0x080031a0   0x080031a0   0x000000b8   Code   RO         2537    i.SPI_WaitFlagStateUntilTimeout  stm32f4xx_hal_spi.o
    0x08003258   0x08003258   0x00000002   Code   RO          759    i.SVC_Handler       stm32f4xx_it.o
    0x0800325a   0x0800325a   0x00000004   Code   RO          760    i.SysTick_Handler   stm32f4xx_it.o
    0x0800325e   0x0800325e   0x00000002   PAD
    0x08003260   0x08003260   0x00000094   Code   RO          442    i.SystemClock_Config  main.o
    0x080032f4   0x080032f4   0x00000010   Code   RO         3779    i.SystemInit        system_stm32f4xx.o
    0x08003304   0x08003304   0x0000000c   Code   RO          761    i.TIM5_IRQHandler   stm32f4xx_it.o
    0x08003310   0x08003310   0x00000098   Code   RO         2900    i.TIM_Base_SetConfig  stm32f4xx_hal_tim.o
    0x080033a8   0x080033a8   0x0000001a   Code   RO         2901    i.TIM_CCxChannelCmd  stm32f4xx_hal_tim.o
    0x080033c2   0x080033c2   0x00000014   Code   RO         2911    i.TIM_ETR_SetConfig  stm32f4xx_hal_tim.o
    0x080033d6   0x080033d6   0x00000010   Code   RO         2912    i.TIM_ITRx_SetConfig  stm32f4xx_hal_tim.o
    0x080033e6   0x080033e6   0x00000002   PAD
    0x080033e8   0x080033e8   0x00000050   Code   RO         2913    i.TIM_OC1_SetConfig  stm32f4xx_hal_tim.o
    0x08003438   0x08003438   0x00000058   Code   RO         2914    i.TIM_OC2_SetConfig  stm32f4xx_hal_tim.o
    0x08003490   0x08003490   0x00000058   Code   RO         2915    i.TIM_OC3_SetConfig  stm32f4xx_hal_tim.o
    0x080034e8   0x080034e8   0x00000044   Code   RO         2916    i.TIM_OC4_SetConfig  stm32f4xx_hal_tim.o
    0x0800352c   0x0800352c   0x00000022   Code   RO         2918    i.TIM_TI1_ConfigInputStage  stm32f4xx_hal_tim.o
    0x0800354e   0x0800354e   0x00000024   Code   RO         2920    i.TIM_TI2_ConfigInputStage  stm32f4xx_hal_tim.o
    0x08003572   0x08003572   0x00000002   Code   RO          762    i.UsageFault_Handler  stm32f4xx_it.o
    0x08003574   0x08003574   0x00000020   Code   RO         2108    i.__NVIC_SetPriority  stm32f4xx_hal_cortex.o
    0x08003594   0x08003594   0x000001dc   Code   RO          443    i.main              main.o
    0x08003770   0x08003770   0x0000005a   Code   RO         3825    x$fpl$dfixu         fz_wm.l(dfixu.o)
    0x080037ca   0x080037ca   0x00000002   PAD
    0x080037cc   0x080037cc   0x00000154   Code   RO         3829    x$fpl$dmul          fz_wm.l(dmul.o)
    0x08003920   0x08003920   0x0000009c   Code   RO         3838    x$fpl$dnaninf       fz_wm.l(dnaninf.o)
    0x080039bc   0x080039bc   0x0000000c   Code   RO         3840    x$fpl$dretinf       fz_wm.l(dretinf.o)
    0x080039c8   0x080039c8   0x00000056   Code   RO         3831    x$fpl$f2d           fz_wm.l(f2d.o)
    0x08003a1e   0x08003a1e   0x0000008c   Code   RO         3842    x$fpl$fnaninf       fz_wm.l(fnaninf.o)
    0x08003aaa   0x08003aaa   0x0000000a   Code   RO         3947    x$fpl$fpinit        fz_wm.l(fpinit.o)
    0x08003ab4   0x08003ab4   0x00000000   Code   RO         3844    x$fpl$usenofp       fz_wm.l(usenofp.o)
    0x08003ab4   0x08003ab4   0x0000000d   Data   RO           64    .constdata          my_nrf24.o
    0x08003ac1   0x08003ac1   0x00000008   Data   RO         1801    .constdata          stm32f4xx_hal_dma.o
    0x08003ac9   0x08003ac9   0x00000010   Data   RO         3780    .constdata          system_stm32f4xx.o
    0x08003ad9   0x08003ad9   0x00000003   PAD
    0x08003adc   0x08003adc   0x00000020   Data   RO         4005    Region$$Table       anon$$obj.o


    Execution Region RW_IRAM1 (Exec base: 0x20000000, Load base: 0x08003afc, Size: 0x00000a48, Max: 0x00010000, ABSOLUTE)

    Exec Addr    Load Addr    Size         Type   Attr      Idx    E Section Name        Object

    0x20000000   0x08003afc   0x00000018   Data   RW           65    .data               my_nrf24.o
    0x20000018   0x08003b14   0x00000018   Data   RW          446    .data               main.o
    0x20000030   0x08003b2c   0x0000000c   Data   RW         2252    .data               stm32f4xx_hal.o
    0x2000003c   0x08003b38   0x00000004   Data   RW         3782    .data               system_stm32f4xx.o
    0x20000040        -       0x00000058   Zero   RW           63    .bss                my_nrf24.o
    0x20000098        -       0x000000e4   Zero   RW          444    .bss                main.o
    0x2000017c        -       0x000000a8   Zero   RW          562    .bss                adc.o
    0x20000224        -       0x00000058   Zero   RW          628    .bss                spi.o
    0x2000027c        -       0x00000168   Zero   RW          677    .bss                tim.o
    0x200003e4        -       0x00000060   Zero   RW         3877    .bss                c_w.l(libspace.o)
    0x20000444   0x08003b3c   0x00000004   PAD
    0x20000448        -       0x00000200   Zero   RW            2    HEAP                startup_stm32f401xc.o
    0x20000648        -       0x00000400   Zero   RW            1    STACK               startup_stm32f401xc.o


==============================================================================

Image component sizes


      Code (inc. data)   RO Data    RW Data    ZI Data      Debug   Object Name

       312         32          0          0        168       1867   adc.o
        44          4          0          0          0        794   dma.o
        24          0          0          0          0       1311   encoder.o
       208         16          0          0          0       1007   gpio.o
       764         78          0         24        228       7568   main.o
       596         42          0          0          0       4965   motor.o
      1332         86         13         24         88     452878   my_nrf24.o
       192          8          0          0          0       1911   pid.o
       120         14          0          0          0       1829   robot.o
       176         22          0          0         88       1737   spi.o
        64         26        404          0       1536        864   startup_stm32f401xc.o
       180         28          0         12          0       9433   stm32f4xx_hal.o
      1020         28          0          0          0       5678   stm32f4xx_hal_adc.o
         2          0          0          0          0       1025   stm32f4xx_hal_adc_ex.o
       198         14          0          0          0      34091   stm32f4xx_hal_cortex.o
       752         16          8          0          0       4180   stm32f4xx_hal_dma.o
       506         34          0          0          0       2893   stm32f4xx_hal_gpio.o
        48          6          0          0          0        870   stm32f4xx_hal_msp.o
      1284         52          0          0          0       4130   stm32f4xx_hal_rcc.o
      1738         12          0          0          0       8650   stm32f4xx_hal_spi.o
      2170         90          0          0          0      19201   stm32f4xx_hal_tim.o
       212         20          0          0          0       3377   stm32f4xx_hal_tim_ex.o
        56         18          0          0          0       5711   stm32f4xx_it.o
        16          4         16          4          0       1167   system_stm32f4xx.o
      1048         84          0          0        360       6254   tim.o

    ----------------------------------------------------------------------
     13088        734        476         64       2468     583391   Object Totals
         0          0         32          0          0          0   (incl. Generated)
        26          0          3          0          0          0   (incl. Padding)

    ----------------------------------------------------------------------

      Code (inc. data)   RO Data    RW Data    ZI Data      Debug   Library Member Name

         8          0          0          0          0         68   __main.o
         0          0          0          0          0          0   __rtentry.o
        12          0          0          0          0          0   __rtentry2.o
         6          0          0          0          0          0   __rtentry4.o
        52          8          0          0          0          0   __scatter.o
        26          0          0          0          0          0   __scatter_copy.o
        28          0          0          0          0          0   __scatter_zi.o
        18          0          0          0          0         80   exit.o
         6          0          0          0          0        152   heapauxi.o
         0          0          0          0          0          0   indicate_semi.o
         2          0          0          0          0          0   libinit.o
         6          0          0          0          0          0   libinit2.o
         2          0          0          0          0          0   libshutdown.o
         2          0          0          0          0          0   libshutdown2.o
         8          4          0          0         96         68   libspace.o
       238          0          0          0          0        100   lludivv7m.o
        78          0          0          0          0         80   rt_memclr_w.o
       100          0          0          0          0         80   rt_memcpy_w.o
         2          0          0          0          0          0   rtexit.o
        10          0          0          0          0          0   rtexit2.o
        12          4          0          0          0         68   sys_exit.o
        74          0          0          0          0         80   sys_stackheap_outer.o
         2          0          0          0          0         68   use_no_semi.o
        90          4          0          0          0        140   dfixu.o
       340         12          0          0          0        152   dmul.o
       156          4          0          0          0        140   dnaninf.o
        12          0          0          0          0        116   dretinf.o
        86          4          0          0          0        132   f2d.o
       140          4          0          0          0        132   fnaninf.o
        10          0          0          0          0        116   fpinit.o
         0          0          0          0          0          0   usenofp.o

    ----------------------------------------------------------------------
      1536         44          0          0        100       1772   Library Totals
        10          0          0          0          4          0   (incl. Padding)

    ----------------------------------------------------------------------

      Code (inc. data)   RO Data    RW Data    ZI Data      Debug   Library Name

       692         16          0          0         96        844   c_w.l
       834         28          0          0          0        928   fz_wm.l

    ----------------------------------------------------------------------
      1536         44          0          0        100       1772   Library Totals

    ----------------------------------------------------------------------

==============================================================================


      Code (inc. data)   RO Data    RW Data    ZI Data      Debug   

     14624        778        476         64       2568     572051   Grand Totals
     14624        778        476         64       2568     572051   ELF Image Totals
     14624        778        476         64          0          0   ROM Totals

==============================================================================

    Total RO  Size (Code + RO Data)                15100 (  14.75kB)
    Total RW  Size (RW Data + ZI Data)              2632 (   2.57kB)
    Total ROM Size (Code + RO Data + RW Data)      15164 (  14.81kB)

==============================================================================

