Component: ARM Compiler 5.06 update 7 (build 960) Tool: armlink [4d3601]

==============================================================================

Section Cross References

    startup_stm32f401xc.o(STACK) refers (Special) to heapauxi.o(.text) for __use_two_region_memory
    startup_stm32f401xc.o(HEAP) refers (Special) to heapauxi.o(.text) for __use_two_region_memory
    startup_stm32f401xc.o(RESET) refers (Special) to heapauxi.o(.text) for __use_two_region_memory
    startup_stm32f401xc.o(RESET) refers to startup_stm32f401xc.o(STACK) for __initial_sp
    startup_stm32f401xc.o(RESET) refers to startup_stm32f401xc.o(.text) for Reset_Handler
    startup_stm32f401xc.o(RESET) refers to stm32f4xx_it.o(i.NMI_Handler) for NMI_Handler
    startup_stm32f401xc.o(RESET) refers to stm32f4xx_it.o(i.HardFault_Handler) for HardFault_Handler
    startup_stm32f401xc.o(RESET) refers to stm32f4xx_it.o(i.MemManage_Handler) for MemManage_Handler
    startup_stm32f401xc.o(RESET) refers to stm32f4xx_it.o(i.BusFault_Handler) for BusFault_Handler
    startup_stm32f401xc.o(RESET) refers to stm32f4xx_it.o(i.UsageFault_Handler) for UsageFault_Handler
    startup_stm32f401xc.o(RESET) refers to stm32f4xx_it.o(i.SVC_Handler) for SVC_Handler
    startup_stm32f401xc.o(RESET) refers to stm32f4xx_it.o(i.DebugMon_Handler) for DebugMon_Handler
    startup_stm32f401xc.o(RESET) refers to stm32f4xx_it.o(i.PendSV_Handler) for PendSV_Handler
    startup_stm32f401xc.o(RESET) refers to stm32f4xx_it.o(i.SysTick_Handler) for SysTick_Handler
    startup_stm32f401xc.o(RESET) refers to stm32f4xx_it.o(i.ADC_IRQHandler) for ADC_IRQHandler
    startup_stm32f401xc.o(RESET) refers to stm32f4xx_it.o(i.TIM5_IRQHandler) for TIM5_IRQHandler
    startup_stm32f401xc.o(RESET) refers to stm32f4xx_it.o(i.DMA2_Stream0_IRQHandler) for DMA2_Stream0_IRQHandler
    startup_stm32f401xc.o(.text) refers (Special) to heapauxi.o(.text) for __use_two_region_memory
    startup_stm32f401xc.o(.text) refers to system_stm32f4xx.o(i.SystemInit) for SystemInit
    startup_stm32f401xc.o(.text) refers to __main.o(!!!main) for __main
    startup_stm32f401xc.o(.text) refers to startup_stm32f401xc.o(HEAP) for Heap_Mem
    startup_stm32f401xc.o(.text) refers to startup_stm32f401xc.o(STACK) for Stack_Mem
    my_nrf24.o(i.NRF24_ACTIVATE_cmd) refers to my_nrf24.o(i.NRF24_csn) for NRF24_csn
    my_nrf24.o(i.NRF24_ACTIVATE_cmd) refers to stm32f4xx_hal_spi.o(i.HAL_SPI_Transmit) for HAL_SPI_Transmit
    my_nrf24.o(i.NRF24_ACTIVATE_cmd) refers to my_nrf24.o(.bss) for .bss
    my_nrf24.o(i.NRF24_DelayMicroSeconds) refers to system_stm32f4xx.o(.data) for SystemCoreClock
    my_nrf24.o(i.NRF24_GetAckPayloadSize) refers to my_nrf24.o(.data) for .data
    my_nrf24.o(i.NRF24_available) refers to my_nrf24.o(i.NRF24_availablePipe) for NRF24_availablePipe
    my_nrf24.o(i.NRF24_availablePipe) refers to my_nrf24.o(i.NRF24_get_status) for NRF24_get_status
    my_nrf24.o(i.NRF24_availablePipe) refers to my_nrf24.o(i.NRF24_write_register) for NRF24_write_register
    my_nrf24.o(i.NRF24_begin) refers to rt_memcpy_w.o(.text) for __aeabi_memcpy4
    my_nrf24.o(i.NRF24_begin) refers to my_nrf24.o(i.NRF24_csn) for NRF24_csn
    my_nrf24.o(i.NRF24_begin) refers to my_nrf24.o(i.NRF24_ce) for NRF24_ce
    my_nrf24.o(i.NRF24_begin) refers to stm32f4xx_hal.o(i.HAL_Delay) for HAL_Delay
    my_nrf24.o(i.NRF24_begin) refers to my_nrf24.o(i.NRF24_write_register) for NRF24_write_register
    my_nrf24.o(i.NRF24_begin) refers to my_nrf24.o(i.NRF24_write_registerN) for NRF24_write_registerN
    my_nrf24.o(i.NRF24_begin) refers to my_nrf24.o(i.NRF24_ACTIVATE_cmd) for NRF24_ACTIVATE_cmd
    my_nrf24.o(i.NRF24_begin) refers to my_nrf24.o(i.NRF24_setRetries) for NRF24_setRetries
    my_nrf24.o(i.NRF24_begin) refers to my_nrf24.o(i.NRF24_setPALevel) for NRF24_setPALevel
    my_nrf24.o(i.NRF24_begin) refers to my_nrf24.o(i.NRF24_setDataRate) for NRF24_setDataRate
    my_nrf24.o(i.NRF24_begin) refers to my_nrf24.o(i.NRF24_setCRCLength) for NRF24_setCRCLength
    my_nrf24.o(i.NRF24_begin) refers to my_nrf24.o(i.NRF24_disableDynamicPayloads) for NRF24_disableDynamicPayloads
    my_nrf24.o(i.NRF24_begin) refers to my_nrf24.o(i.NRF24_setPayloadSize) for NRF24_setPayloadSize
    my_nrf24.o(i.NRF24_begin) refers to my_nrf24.o(i.NRF24_resetStatus) for NRF24_resetStatus
    my_nrf24.o(i.NRF24_begin) refers to my_nrf24.o(i.NRF24_setChannel) for NRF24_setChannel
    my_nrf24.o(i.NRF24_begin) refers to my_nrf24.o(i.NRF24_flush_tx) for NRF24_flush_tx
    my_nrf24.o(i.NRF24_begin) refers to my_nrf24.o(i.NRF24_flush_rx) for NRF24_flush_rx
    my_nrf24.o(i.NRF24_begin) refers to my_nrf24.o(i.NRF24_powerDown) for NRF24_powerDown
    my_nrf24.o(i.NRF24_begin) refers to my_nrf24.o(.bss) for .bss
    my_nrf24.o(i.NRF24_begin) refers to my_nrf24.o(.data) for .data
    my_nrf24.o(i.NRF24_ce) refers to stm32f4xx_hal_gpio.o(i.HAL_GPIO_WritePin) for HAL_GPIO_WritePin
    my_nrf24.o(i.NRF24_ce) refers to my_nrf24.o(.data) for .data
[...]
    ../Drivers/STM32F4xx_HAL_Driver/Src/stm32f4xx_hal_spi.c 0x00000000   Number         0  stm32f4xx_hal_spi.o ABSOLUTE
    ../Drivers/STM32F4xx_HAL_Driver/Src/stm32f4xx_hal_tim.c 0x00000000   Number         0  stm32f4xx_hal_tim.o ABSOLUTE
    ../Drivers/STM32F4xx_HAL_Driver/Src/stm32f4xx_hal_tim_ex.c 0x00000000   Number         0  stm32f4xx_hal_tim_ex.o ABSOLUTE
    ../Drivers/STM32F4xx_HAL_Driver/Src/stm32f4xx_ll_adc.c 0x00000000   Number         0  stm32f4xx_ll_adc.o ABSOLUTE
    ../Src/adc.c                             0x00000000   Number         0  adc.o ABSOLUTE
    ../Src/dma.c                             0x00000000   Number         0  dma.o ABSOLUTE
    ../Src/gpio.c                            0x00000000   Number         0  gpio.o ABSOLUTE
    ../Src/main.c                            0x00000000   Number         0  main.o ABSOLUTE
    ../Src/spi.c                             0x00000000   Number         0  spi.o ABSOLUTE
    ../Src/stm32f4xx_hal_msp.c               0x00000000   Number         0  stm32f4xx_hal_msp.o ABSOLUTE
    ../Src/stm32f4xx_it.c                    0x00000000   Number         0  stm32f4xx_it.o ABSOLUTE
    ../Src/system_stm32f4xx.c                0x00000000   Number         0  system_stm32f4xx.o ABSOLUTE
    ../Src/tim.c                             0x00000000   Number         0  tim.o ABSOLUTE
    ../clib/angel/boardlib.s                 0x00000000   Number         0  boardinit2.o ABSOLUTE
    ../clib/angel/boardlib.s                 0x00000000   Number         0  boardinit1.o ABSOLUTE
    ../clib/angel/boardlib.s                 0x00000000   Number         0  boardinit3.o ABSOLUTE
    ../clib/angel/boardlib.s                 0x00000000   Number         0  boardshut.o ABSOLUTE
    ../clib/angel/handlers.s                 0x00000000   Number         0  __scatter_zi.o ABSOLUTE
    ../clib/angel/handlers.s                 0x00000000   Number         0  __scatter_copy.o ABSOLUTE
    ../clib/angel/kernel.s                   0x00000000   Number         0  __rtentry.o ABSOLUTE
    ../clib/angel/kernel.s                   0x00000000   Number         0  rtexit2.o ABSOLUTE
    ../clib/angel/kernel.s                   0x00000000   Number         0  rtexit.o ABSOLUTE
    ../clib/angel/kernel.s                   0x00000000   Number         0  __rtentry4.o ABSOLUTE
    ../clib/angel/kernel.s                   0x00000000   Number         0  __rtentry2.o ABSOLUTE
    ../clib/angel/rt.s                       0x00000000   Number         0  aeabi_ldiv0.o ABSOLUTE
    ../clib/angel/rt.s                       0x00000000   Number         0  rt_div0.o ABSOLUTE
    ../clib/angel/rt.s                       0x00000000   Number         0  rt_raise.o ABSOLUTE
    ../clib/angel/rt.s                       0x00000000   Number         0  aeabi_ldiv0_sigfpe.o ABSOLUTE
    ../clib/angel/scatter.s                  0x00000000   Number         0  __scatter.o ABSOLUTE
    ../clib/angel/startup.s                  0x00000000   Number         0  __main.o ABSOLUTE
    ../clib/angel/sys.s                      0x00000000   Number         0  libspace.o ABSOLUTE
    ../clib/angel/sys.s                      0x00000000   Number         0  indicate_semi.o ABSOLUTE
    ../clib/angel/sys.s                      0x00000000   Number         0  sys_stackheap_outer.o ABSOLUTE
    ../clib/angel/sys.s                      0x00000000   Number         0  use_no_semi.o ABSOLUTE
    ../clib/angel/sysapp.c                   0x00000000   Number         0  sys_exit.o ABSOLUTE
    ../clib/angel/sysapp.c                   0x00000000   Number         0  sys_wrch.o ABSOLUTE
    ../clib/angel/sysapp.c                   0x00000000   Number         0  sys_command.o ABSOLUTE
    ../clib/armsys.c                         0x00000000   Number         0  argv_veneer.o ABSOLUTE
    ../clib/armsys.c                         0x00000000   Number         0  argv_veneer.o ABSOLUTE
    ../clib/armsys.c                         0x00000000   Number         0  _get_argv_nomalloc.o ABSOLUTE
    ../clib/armsys.c                         0x00000000   Number         0  no_argv.o ABSOLUTE
    ../clib/heapalloc.c                      0x00000000   Number         0  hrguard.o ABSOLUTE
    ../clib/heapaux.c                        0x00000000   Number         0  heapauxi.o ABSOLUTE
    ../clib/libinit.s                        0x00000000   Number         0  libshutdown2.o ABSOLUTE
    ../clib/libinit.s                        0x00000000   Number         0  libshutdown.o ABSOLUTE
    ../clib/libinit.s                        0x00000000   Number         0  libinit.o ABSOLUTE
    ../clib/libinit.s                        0x00000000   Number         0  libinit2.o ABSOLUTE
    ../clib/longlong.s                       0x00000000   Number         0  lludivv7m.o ABSOLUTE
    ../clib/memcpset.s                       0x00000000   Number         0  rt_memclr_w.o ABSOLUTE
    ../clib/memcpset.s                       0x00000000   Number         0  rt_memcpy_w.o ABSOLUTE
    ../clib/signal.c                         0x00000000   Number         0  defsig_exit.o ABSOLUTE
    ../clib/signal.c                         0x00000000   Number         0  defsig_abrt_inner.o ABSOLUTE
    ../clib/signal.c                         0x00000000   Number         0  defsig_rtred_inner.o ABSOLUTE
    ../clib/signal.c                         0x00000000   Number         0  defsig_rtmem_inner.o ABSOLUTE
    ../clib/signal.c                         0x00000000   Number         0  defsig_rtmem_outer.o ABSOLUTE
    ../clib/signal.c                         0x00000000   Number         0  defsig_rtmem_formal.o ABSOLUTE
    ../clib/signal.c                         0x00000000   Number         0  defsig_stak_inner.o ABSOLUTE
    ../clib/signal.c                         0x00000000   Number         0  defsig_pvfn_inner.o ABSOLUTE
    ../clib/signal.c                         0x00000000   Number         0  defsig_cppl_inner.o ABSOLUTE
    ../clib/signal.c                         0x00000000   Number         0  defsig_segv_inner.o ABSOLUTE
    ../clib/signal.c                         0x00000000   Number         0  defsig_other.o ABSOLUTE
    ../clib/signal.c                         0x00000000   Number         0  defsig_fpe_inner.o ABSOLUTE
    ../clib/signal.c                         0x00000000   Number         0  __raise.o ABSOLUTE
    ../clib/signal.c                         0x00000000   Number         0  defsig_general.o ABSOLUTE
    ../clib/signal.c                         0x00000000   Number         0  defsig_fpe_formal.o ABSOLUTE
    ../clib/signal.c                         0x00000000   Number         0  defsig_fpe_outer.o ABSOLUTE
    ../clib/signal.s                         0x00000000   Number         0  defsig.o ABSOLUTE
    ../clib/stdlib.c                         0x00000000   Number         0  exit.o ABSOLUTE
    ../fplib/fpinit.s                        0x00000000   Number         0  fpinit.o ABSOLUTE
    ..\Drivers\STM32F4xx_HAL_Driver\Src\stm32f4xx_hal.c 0x00000000   Number         0  stm32f4xx_hal.o ABSOLUTE
    ..\Drivers\STM32F4xx_HAL_Driver\Src\stm32f4xx_hal_adc.c 0x00000000   Number         0  stm32f4xx_hal_adc.o ABSOLUTE
    ..\Drivers\STM32F4xx_HAL_Driver\Src\stm32f4xx_hal_adc_ex.c 0x00000000   Number         0  stm32f4xx_hal_adc_ex.o ABSOLUTE
    ..\Drivers\STM32F4xx_HAL_Driver\Src\stm32f4xx_hal_cortex.c 0x00000000   Number         0  stm32f4xx_hal_cortex.o ABSOLUTE
    ..\Drivers\STM32F4xx_HAL_Driver\Src\stm32f4xx_hal_dma.c 0x00000000   Number         0  stm32f4xx_hal_dma.o ABSOLUTE
    ..\Drivers\STM32F4xx_HAL_Driver\Src\stm32f4xx_hal_dma_ex.c 0x00000000   Number         0  stm32f4xx_hal_dma_ex.o ABSOLUTE
    ..\Drivers\STM32F4xx_HAL_Driver\Src\stm32f4xx_hal_exti.c 0x00000000   Number         0  stm32f4xx_hal_exti.o ABSOLUTE
    ..\Drivers\STM32F4xx_HAL_Driver\Src\stm32f4xx_hal_flash.c 0x00000000   Number         0  stm32f4xx_hal_flash.o ABSOLUTE
    ..\Drivers\STM32F4xx_HAL_Driver\Src\stm32f4xx_hal_flash_ex.c 0x00000000   Number         0  stm32f4xx_hal_flash_ex.o ABSOLUTE
    ..\Drivers\STM32F4xx_HAL_Driver\Src\stm32f4xx_hal_flash_ramfunc.c 0x00000000   Number         0  stm32f4xx_hal_flash_ramfunc.o ABSOLUTE
    ..\Drivers\STM32F4xx_HAL_Driver\Src\stm32f4xx_hal_gpio.c 0x00000000   Number         0  stm32f4xx_hal_gpio.o ABSOLUTE
    ..\Drivers\STM32F4xx_HAL_Driver\Src\stm32f4xx_hal_pwr.c 0x00000000   Number         0  stm32f4xx_hal_pwr.o ABSOLUTE
    ..\Drivers\STM32F4xx_HAL_Driver\Src\stm32f4xx_hal_pwr_ex.c 0x00000000   Number         0  stm32f4xx_hal_pwr_ex.o ABSOLUTE
    ..\Drivers\STM32F4xx_HAL_Driver\Src\stm32f4xx_hal_rcc.c 0x00000000   Number         0  stm32f4xx_hal_rcc.o ABSOLUTE
    ..\Drivers\STM32F4xx_HAL_Driver\Src\stm32f4xx_hal_rcc_ex.c 0x00000000   Number         0  stm32f4xx_hal_rcc_ex.o ABSOLUTE
    ..\Drivers\STM32F4xx_HAL_Driver\Src\stm32f4xx_hal_spi.c 0x00000000   Number         0  stm32f4xx_hal_spi.o ABSOLUTE
    ..\Drivers\STM32F4xx_HAL_Driver\Src\stm32f4xx_hal_tim.c 0x00000000   Number         0  stm32f4xx_hal_tim.o ABSOLUTE
    ..\Drivers\STM32F4xx_HAL_Driver\Src\stm32f4xx_hal_tim_ex.c 0x00000000   Number         0  stm32f4xx_hal_tim_ex.o ABSOLUTE
    ..\Src\adc.c                             0x00000000   Number         0  adc.o ABSOLUTE
    ..\Src\dma.c                             0x00000000   Number         0  dma.o ABSOLUTE
    ..\Src\gpio.c                            0x00000000   Number         0  gpio.o ABSOLUTE
    ..\Src\main.c                            0x00000000   Number         0  main.o ABSOLUTE
    ..\Src\spi.c                             0x00000000   Number         0  spi.o ABSOLUTE
    ..\Src\stm32f4xx_hal_msp.c               0x00000000   Number         0  stm32f4xx_hal_msp.o ABSOLUTE
    ..\Src\stm32f4xx_it.c                    0x00000000   Number         0  stm32f4xx_it.o ABSOLUTE
    ..\Src\system_stm32f4xx.c                0x00000000   Number         0  system_stm32f4xx.o ABSOLUTE
    ..\Src\tim.c                             0x00000000   Number         0  tim.o ABSOLUTE
    MY_NRF24.c                               0x00000000   Number         0  my_nrf24.o ABSOLUTE
    MY_NRF24.c                               0x00000000   Number         0  my_nrf24.o ABSOLUTE
    dc.s                                     0x00000000   Number         0  dc.o ABSOLUTE
    startup_stm32f401xc.s                    0x00000000   Number         0  startup_stm32f401xc.o ABSOLUTE
    RESET                                    0x08000000   Section      404  startup_stm32f401xc.o(RESET)
    !!!main                                  0x08000194   Section        8  __main.o(!!!main)
    !!!scatter                               0x0800019c   Section       52  __scatter.o(!!!scatter)
    !!handler_copy                           0x080001d0   Section       26  __scatter_copy.o(!!handler_copy)
    !!handler_zi                             0x080001ec   Section       28  __scatter_zi.o(!!handler_zi)
    .ARM.Collect$$libinit$$00000000          0x08000208   Section        2  libinit.o(.ARM.Collect$$libinit$$00000000)
    .ARM.Collect$$libinit$$00000001          0x0800020a   Section        4  libinit2.o(.ARM.Collect$$libinit$$00000001)
    .ARM.Collect$$libinit$$00000004          0x0800020e   Section        0  libinit2.o(.ARM.Collect$$libinit$$00000004)
    .ARM.Collect$$libinit$$0000000A          0x0800020e   Section        0  libinit2.o(.ARM.Collect$$libinit$$0000000A)
    .ARM.Collect$$libinit$$0000000C          0x0800020e   Section        0  libinit2.o(.ARM.Collect$$libinit$$0000000C)
    .ARM.Collect$$libinit$$0000000E          0x0800020e   Section        0  libinit2.o(.ARM.Collect$$libinit$$0000000E)
    .ARM.Collect$$libinit$$00000011          0x0800020e   Section        0  libinit2.o(.ARM.Collect$$libinit$$00000011)
    .ARM.Collect$$libinit$$00000013          0x0800020e   Section        0  libinit2.o(.ARM.Collect$$libinit$$00000013)
    .ARM.Collect$$libinit$$00000015          0x0800020e   Section        0  libinit2.o(.ARM.Collect$$libinit$$00000015)
    .ARM.Collect$$libinit$$00000017          0x0800020e   Section        0  libinit2.o(.ARM.Collect$$libinit$$00000017)
    .ARM.Collect$$libinit$$00000019          0x0800020e   Section        0  libinit2.o(.ARM.Collect$$libinit$$00000019)
    .ARM.Collect$$libinit$$0000001B          0x0800020e   Section        0  libinit2.o(.ARM.Collect$$libinit$$0000001B)
    .ARM.Collect$$libinit$$0000001D          0x0800020e   Section        0  libinit2.o(.ARM.Collect$$libinit$$0000001D)
    .ARM.Collect$$libinit$$0000001F          0x0800020e   Section        0  libinit2.o(.ARM.Collect$$libinit$$0000001F)
    .ARM.Collect$$libinit$$00000021          0x0800020e   Section        0  libinit2.o(.ARM.Collect$$libinit$$00000021)
    .ARM.Collect$$libinit$$00000023          0x0800020e   Section        0  libinit2.o(.ARM.Collect$$libinit$$00000023)
    .ARM.Collect$$libinit$$00000025          0x0800020e   Section        0  libinit2.o(.ARM.Collect$$libinit$$00000025)
    .ARM.Collect$$libinit$$0000002C          0x0800020e   Section        0  libinit2.o(.ARM.Collect$$libinit$$0000002C)
    .ARM.Collect$$libinit$$0000002E          0x0800020e   Section        0  libinit2.o(.ARM.Collect$$libinit$$0000002E)
    .ARM.Collect$$libinit$$00000030          0x0800020e   Section        0  libinit2.o(.ARM.Collect$$libinit$$00000030)
    .ARM.Collect$$libinit$$00000032          0x0800020e   Section        0  libinit2.o(.ARM.Collect$$libinit$$00000032)
    .ARM.Collect$$libinit$$00000033          0x0800020e   Section        2  libinit2.o(.ARM.Collect$$libinit$$00000033)
    .ARM.Collect$$libshutdown$$00000000      0x08000210   Section        2  libshutdown.o(.ARM.Collect$$libshutdown$$00000000)
    .ARM.Collect$$libshutdown$$00000002      0x08000212   Section        0  libshutdown2.o(.ARM.Collect$$libshutdown$$00000002)
    .ARM.Collect$$libshutdown$$00000004      0x08000212   Section        0  libshutdown2.o(.ARM.Collect$$libshutdown$$00000004)
    .ARM.Collect$$libshutdown$$00000006      0x08000212   Section        0  libshutdown2.o(.ARM.Collect$$libshutdown$$00000006)
    .ARM.Collect$$libshutdown$$00000009      0x08000212   Section        0  libshutdown2.o(.ARM.Collect$$libshutdown$$00000009)
    .ARM.Collect$$libshutdown$$0000000C      0x08000212   Section        0  libshutdown2.o(.ARM.Collect$$libshutdown$$0000000C)
    .ARM.Collect$$libshutdown$$0000000E      0x08000212   Section        0  libshutdown2.o(.ARM.Collect$$libshutdown$$0000000E)
    .ARM.Collect$$libshutdown$$00000011      0x08000212   Section        0  libshutdown2.o(.ARM.Collect$$libshutdown$$00000011)
    .ARM.Collect$$libshutdown$$00000012      0x08000212   Section        2  libshutdown2.o(.ARM.Collect$$libshutdown$$00000012)
    .ARM.Collect$$rtentry$$00000000          0x08000214   Section        0  __rtentry.o(.ARM.Collect$$rtentry$$00000000)
    .ARM.Collect$$rtentry$$00000002          0x08000214   Section        0  __rtentry2.o(.ARM.Collect$$rtentry$$00000002)
    .ARM.Collect$$rtentry$$00000004          0x08000214   Section        6  __rtentry4.o(.ARM.Collect$$rtentry$$00000004)
    .ARM.Collect$$rtentry$$00000009          0x0800021a   Section        0  __rtentry2.o(.ARM.Collect$$rtentry$$00000009)
    .ARM.Collect$$rtentry$$0000000A          0x0800021a   Section        4  __rtentry2.o(.ARM.Collect$$rtentry$$0000000A)
    .ARM.Collect$$rtentry$$0000000C          0x0800021e   Section        0  __rtentry2.o(.ARM.Collect$$rtentry$$0000000C)
    .ARM.Collect$$rtentry$$0000000D          0x0800021e   Section        8  __rtentry2.o(.ARM.Collect$$rtentry$$0000000D)
    .ARM.Collect$$rtexit$$00000000           0x08000226   Section        2  rtexit.o(.ARM.Collect$$rtexit$$00000000)
    .ARM.Collect$$rtexit$$00000002           0x08000228   Section        0  rtexit2.o(.ARM.Collect$$rtexit$$00000002)
    .ARM.Collect$$rtexit$$00000003           0x08000228   Section        4  rtexit2.o(.ARM.Collect$$rtexit$$00000003)
    .ARM.Collect$$rtexit$$00000004           0x0800022c   Section        6  rtexit2.o(.ARM.Collect$$rtexit$$00000004)
    .text                                    0x08000234   Section       64  startup_stm32f401xc.o(.text)
    $v0                                      0x08000234   Number         0  startup_stm32f401xc.o(.text)
    .text                                    0x08000274   Section      238  lludivv7m.o(.text)
    .text                                    0x08000362   Section      100  rt_memcpy_w.o(.text)
    .text                                    0x080003c6   Section       78  rt_memclr_w.o(.text)
    .text                                    0x08000414   Section        0  heapauxi.o(.text)
    .text                                    0x0800041a   Section       74  sys_stackheap_outer.o(.text)
    .text                                    0x08000464   Section        0  exit.o(.text)
    .text                                    0x08000478   Section        8  libspace.o(.text)
    .text                                    0x08000480   Section        0  sys_exit.o(.text)
    .text                                    0x0800048c   Section        2  use_no_semi.o(.text)
    .text                                    0x0800048e   Section        0  indicate_semi.o(.text)
    i.ADC_IRQHandler                         0x08000490   Section        0  stm32f4xx_it.o(i.ADC_IRQHandler)
    i.ADC_Init                               0x0800049c   Section        0  stm32f4xx_hal_adc.o(i.ADC_Init)
    ADC_Init                                 0x0800049d   Thumb Code   284  stm32f4xx_hal_adc.o(i.ADC_Init)
    i.BusFault_Handler                       0x080005c4   Section        0  stm32f4xx_it.o(i.BusFault_Handler)
    i.DMA2_Stream0_IRQHandler                0x080005c8   Section        0  stm32f4xx_it.o(i.DMA2_Stream0_IRQHandler)
    i.DMA_CalcBaseAndBitshift                0x080005d4   Section        0  stm32f4xx_hal_dma.o(i.DMA_CalcBaseAndBitshift)
    DMA_CalcBaseAndBitshift                  0x080005d5   Thumb Code    34  stm32f4xx_hal_dma.o(i.DMA_CalcBaseAndBitshift)
    i.DMA_CheckFifoParam                     0x080005fc   Section        0  stm32f4xx_hal_dma.o(i.DMA_CheckFifoParam)
    DMA_CheckFifoParam                       0x080005fd   Thumb Code    84  stm32f4xx_hal_dma.o(i.DMA_CheckFifoParam)
    i.DebugMon_Handler                       0x08000650   Section        0  stm32f4xx_it.o(i.DebugMon_Handler)
    i.Error_Handler                          0x08000652   Section        0  main.o(i.Error_Handler)
    i.HAL_ADCEx_InjectedConvCpltCallback     0x08000656   Section        0  stm32f4xx_hal_adc_ex.o(i.HAL_ADCEx_InjectedConvCpltCallback)
    i.HAL_ADC_ConfigChannel                  0x08000658   Section        0  stm32f4xx_hal_adc.o(i.HAL_ADC_ConfigChannel)
    i.HAL_ADC_ConvCpltCallback               0x080007a4   Section        0  stm32f4xx_hal_adc.o(i.HAL_ADC_ConvCpltCallback)
    i.HAL_ADC_ErrorCallback                  0x080007a6   Section        0  stm32f4xx_hal_adc.o(i.HAL_ADC_ErrorCallback)
    i.HAL_ADC_IRQHandler                     0x080007a8   Section        0  stm32f4xx_hal_adc.o(i.HAL_ADC_IRQHandler)
    i.HAL_ADC_Init                           0x080008d6   Section        0  stm32f4xx_hal_adc.o(i.HAL_ADC_Init)
    i.HAL_ADC_LevelOutOfWindowCallback       0x0800092a   Section        0  stm32f4xx_hal_adc.o(i.HAL_ADC_LevelOutOfWindowCallback)
    i.HAL_ADC_MspInit                        0x0800092c   Section        0  adc.o(i.HAL_ADC_MspInit)
    i.HAL_DMA_IRQHandler                     0x080009d4   Section        0  stm32f4xx_hal_dma.o(i.HAL_DMA_IRQHandler)
    i.HAL_DMA_Init                           0x08000b74   Section        0  stm32f4xx_hal_dma.o(i.HAL_DMA_Init)
    i.HAL_Delay                              0x08000c48   Section        0  stm32f4xx_hal.o(i.HAL_Delay)
    i.HAL_GPIO_Init                          0x08000c6c   Section        0  stm32f4xx_hal_gpio.o(i.HAL_GPIO_Init)
    i.HAL_GPIO_TogglePin                     0x08000e4c   Section        0  stm32f4xx_hal_gpio.o(i.HAL_GPIO_TogglePin)
    i.HAL_GPIO_WritePin                      0x08000e5c   Section        0  stm32f4xx_hal_gpio.o(i.HAL_GPIO_WritePin)
    i.HAL_GetTick                            0x08000e68   Section        0  stm32f4xx_hal.o(i.HAL_GetTick)
    i.HAL_IncTick                            0x08000e74   Section        0  stm32f4xx_hal.o(i.HAL_IncTick)
    i.HAL_Init                               0x08000e84   Section        0  stm32f4xx_hal.o(i.HAL_Init)
    i.HAL_InitTick                           0x08000eb8   Section        0  stm32f4xx_hal.o(i.HAL_InitTick)
    i.HAL_MspInit                            0x08000ef8   Section        0  stm32f4xx_hal_msp.o(i.HAL_MspInit)
    i.HAL_NVIC_EnableIRQ                     0x08000f28   Section        0  stm32f4xx_hal_cortex.o(i.HAL_NVIC_EnableIRQ)
    i.HAL_NVIC_SetPriority                   0x08000f44   Section        0  stm32f4xx_hal_cortex.o(i.HAL_NVIC_SetPriority)
    i.HAL_NVIC_SetPriorityGrouping           0x08000f84   Section        0  stm32f4xx_hal_cortex.o(i.HAL_NVIC_SetPriorityGrouping)
    i.HAL_RCC_ClockConfig                    0x08000fa8   Section        0  stm32f4xx_hal_rcc.o(i.HAL_RCC_ClockConfig)
    i.HAL_RCC_GetSysClockFreq                0x080010dc   Section        0  stm32f4xx_hal_rcc.o(i.HAL_RCC_GetSysClockFreq)
    i.HAL_RCC_OscConfig                      0x08001140   Section        0  stm32f4xx_hal_rcc.o(i.HAL_RCC_OscConfig)
    i.HAL_SPI_Init                           0x080014ac   Section        0  stm32f4xx_hal_spi.o(i.HAL_SPI_Init)
    i.HAL_SPI_MspInit                        0x08001568   Section        0  spi.o(i.HAL_SPI_MspInit)
    i.HAL_SPI_Receive                        0x080015d0   Section        0  stm32f4xx_hal_spi.o(i.HAL_SPI_Receive)
    i.HAL_SPI_Transmit                       0x0800172a   Section        0  stm32f4xx_hal_spi.o(i.HAL_SPI_Transmit)
    i.HAL_SPI_TransmitReceive                0x08001890   Section        0  stm32f4xx_hal_spi.o(i.HAL_SPI_TransmitReceive)
    i.HAL_SYSTICK_Config                     0x08001a72   Section        0  stm32f4xx_hal_cortex.o(i.HAL_SYSTICK_Config)
    i.HAL_TIMEx_BreakCallback                0x08001a9a   Section        0  stm32f4xx_hal_tim_ex.o(i.HAL_TIMEx_BreakCallback)
    i.HAL_TIMEx_CommutCallback               0x08001a9c   Section        0  stm32f4xx_hal_tim_ex.o(i.HAL_TIMEx_CommutCallback)
    i.HAL_TIMEx_ConfigBreakDeadTime          0x08001a9e   Section        0  stm32f4xx_hal_tim_ex.o(i.HAL_TIMEx_ConfigBreakDeadTime)
    i.HAL_TIMEx_MasterConfigSynchronization  0x08001af4   Section        0  stm32f4xx_hal_tim_ex.o(i.HAL_TIMEx_MasterConfigSynchronization)
    i.HAL_TIM_Base_Init                      0x08001b70   Section        0  stm32f4xx_hal_tim.o(i.HAL_TIM_Base_Init)
    i.HAL_TIM_Base_MspInit                   0x08001bcc   Section        0  tim.o(i.HAL_TIM_Base_MspInit)
    i.HAL_TIM_ConfigClockSource              0x08001c2c   Section        0  stm32f4xx_hal_tim.o(i.HAL_TIM_ConfigClockSource)
    i.HAL_TIM_Encoder_Init                   0x08001d08   Section        0  stm32f4xx_hal_tim.o(i.HAL_TIM_Encoder_Init)
    i.HAL_TIM_Encoder_MspInit                0x08001dac   Section        0  tim.o(i.HAL_TIM_Encoder_MspInit)
    i.HAL_TIM_IC_CaptureCallback             0x08001e50   Section        0  stm32f4xx_hal_tim.o(i.HAL_TIM_IC_CaptureCallback)
    i.HAL_TIM_IRQHandler                     0x08001e52   Section        0  stm32f4xx_hal_tim.o(i.HAL_TIM_IRQHandler)
    i.HAL_TIM_MspPostInit                    0x08001fb8   Section        0  tim.o(i.HAL_TIM_MspPostInit)
    i.HAL_TIM_OC_DelayElapsedCallback        0x0800202c   Section        0  stm32f4xx_hal_tim.o(i.HAL_TIM_OC_DelayElapsedCallback)
    i.HAL_TIM_PWM_ConfigChannel              0x0800202e   Section        0  stm32f4xx_hal_tim.o(i.HAL_TIM_PWM_ConfigChannel)
    i.HAL_TIM_PWM_Init                       0x080020fa   Section        0  stm32f4xx_hal_tim.o(i.HAL_TIM_PWM_Init)
    i.HAL_TIM_PWM_MspInit                    0x08002154   Section        0  stm32f4xx_hal_tim.o(i.HAL_TIM_PWM_MspInit)
    i.HAL_TIM_PWM_PulseFinishedCallback      0x08002156   Section        0  stm32f4xx_hal_tim.o(i.HAL_TIM_PWM_PulseFinishedCallback)
    i.HAL_TIM_PeriodElapsedCallback          0x08002158   Section        0  stm32f4xx_hal_tim.o(i.HAL_TIM_PeriodElapsedCallback)
    i.HAL_TIM_TriggerCallback                0x0800215a   Section        0  stm32f4xx_hal_tim.o(i.HAL_TIM_TriggerCallback)
    i.HardFault_Handler                      0x0800215c   Section        0  stm32f4xx_it.o(i.HardFault_Handler)
    i.LED_UPDATE                             0x08002160   Section        0  main.o(i.LED_UPDATE)
    i.MX_ADC1_Init                           0x0800218c   Section        0  adc.o(i.MX_ADC1_Init)
    i.MX_DMA_Init                            0x0800221c   Section        0  dma.o(i.MX_DMA_Init)
    i.MX_GPIO_Init                           0x08002248   Section        0  gpio.o(i.MX_GPIO_Init)
    i.MX_SPI3_Init                           0x08002318   Section        0  spi.o(i.MX_SPI3_Init)
    i.MX_TIM1_Init                           0x08002360   Section        0  tim.o(i.MX_TIM1_Init)
    i.MX_TIM2_Init                           0x08002428   Section        0  tim.o(i.MX_TIM2_Init)
    i.MX_TIM3_Init                           0x080024c0   Section        0  tim.o(i.MX_TIM3_Init)
    i.MX_TIM4_Init                           0x0800252c   Section        0  tim.o(i.MX_TIM4_Init)
    i.MX_TIM5_Init                           0x08002598   Section        0  tim.o(i.MX_TIM5_Init)
    i.MemManage_Handler                      0x08002600   Section        0  stm32f4xx_it.o(i.MemManage_Handler)
    i.NMI_Handler                            0x08002602   Section        0  stm32f4xx_it.o(i.NMI_Handler)
    i.NRF24_ACTIVATE_cmd                     0x08002604   Section        0  my_nrf24.o(i.NRF24_ACTIVATE_cmd)
    i.NRF24_DelayMicroSeconds                0x08002630   Section        0  my_nrf24.o(i.NRF24_DelayMicroSeconds)
    i.NRF24_available                        0x0800264c   Section        0  my_nrf24.o(i.NRF24_available)
    i.NRF24_availablePipe                    0x08002652   Section        0  my_nrf24.o(i.NRF24_availablePipe)
    i.NRF24_begin                            0x08002684   Section        0  my_nrf24.o(i.NRF24_begin)
    i.NRF24_ce                               0x0800280c   Section        0  my_nrf24.o(i.NRF24_ce)
    i.NRF24_csn                              0x08002820   Section        0  my_nrf24.o(i.NRF24_csn)
    i.NRF24_disableDynamicPayloads           0x08002834   Section        0  my_nrf24.o(i.NRF24_disableDynamicPayloads)
    i.NRF24_flush_rx                         0x0800285c   Section        0  my_nrf24.o(i.NRF24_flush_rx)
    i.NRF24_flush_tx                         0x08002864   Section        0  my_nrf24.o(i.NRF24_flush_tx)
    i.NRF24_get_status                       0x0800286c   Section        0  my_nrf24.o(i.NRF24_get_status)
    i.NRF24_openReadingPipe                  0x08002874   Section        0  my_nrf24.o(i.NRF24_openReadingPipe)
    i.NRF24_powerDown                        0x080028cc   Section        0  my_nrf24.o(i.NRF24_powerDown)
    i.NRF24_read                             0x080028e2   Section        0  my_nrf24.o(i.NRF24_read)
    i.NRF24_read_payload                     0x08002908   Section        0  my_nrf24.o(i.NRF24_read_payload)
    i.NRF24_read_register                    0x0800294c   Section        0  my_nrf24.o(i.NRF24_read_register)
    i.NRF24_resetStatus                      0x0800298c   Section        0  my_nrf24.o(i.NRF24_resetStatus)
    i.NRF24_setAutoAck                       0x08002994   Section        0  my_nrf24.o(i.NRF24_setAutoAck)
    i.NRF24_setCRCLength                     0x080029a2   Section        0  my_nrf24.o(i.NRF24_setCRCLength)
    i.NRF24_setChannel                       0x080029ca   Section        0  my_nrf24.o(i.NRF24_setChannel)
    i.NRF24_setDataRate                      0x080029d8   Section        0  my_nrf24.o(i.NRF24_setDataRate)
    i.NRF24_setPALevel                       0x08002a34   Section        0  my_nrf24.o(i.NRF24_setPALevel)
    i.NRF24_setPayloadSize                   0x08002a70   Section        0  my_nrf24.o(i.NRF24_setPayloadSize)
    i.NRF24_setRetries                       0x08002a80   Section        0  my_nrf24.o(i.NRF24_setRetries)
    i.NRF24_startListening                   0x08002a90   Section        0  my_nrf24.o(i.NRF24_startListening)
    i.NRF24_write_register                   0x08002ad4   Section        0  my_nrf24.o(i.NRF24_write_register)
    i.NRF24_write_registerN                  0x08002b04   Section        0  my_nrf24.o(i.NRF24_write_registerN)
    i.PendSV_Handler                         0x08002b40   Section        0  stm32f4xx_it.o(i.PendSV_Handler)
    i.SPI_EndRxTransaction                   0x08002b42   Section        0  stm32f4xx_hal_spi.o(i.SPI_EndRxTransaction)
    SPI_EndRxTransaction                     0x08002b43   Thumb Code    92  stm32f4xx_hal_spi.o(i.SPI_EndRxTransaction)
    i.SPI_EndRxTxTransaction                 0x08002ba0   Section        0  stm32f4xx_hal_spi.o(i.SPI_EndRxTxTransaction)
    SPI_EndRxTxTransaction                   0x08002ba1   Thumb Code    80  stm32f4xx_hal_spi.o(i.SPI_EndRxTxTransaction)
    i.SPI_WaitFlagStateUntilTimeout          0x08002bf8   Section        0  stm32f4xx_hal_spi.o(i.SPI_WaitFlagStateUntilTimeout)
    SPI_WaitFlagStateUntilTimeout            0x08002bf9   Thumb Code   180  stm32f4xx_hal_spi.o(i.SPI_WaitFlagStateUntilTimeout)
    i.SVC_Handler                            0x08002cb0   Section        0  stm32f4xx_it.o(i.SVC_Handler)
    i.SysTick_Handler                        0x08002cb2   Section        0  stm32f4xx_it.o(i.SysTick_Handler)
    i.SystemClock_Config                     0x08002cb8   Section        0  main.o(i.SystemClock_Config)
    i.SystemInit                             0x08002d4c   Section        0  system_stm32f4xx.o(i.SystemInit)
    i.TIM5_IRQHandler                        0x08002d5c   Section        0  stm32f4xx_it.o(i.TIM5_IRQHandler)
    i.TIM_Base_SetConfig                     0x08002d68   Section        0  stm32f4xx_hal_tim.o(i.TIM_Base_SetConfig)
    i.TIM_ETR_SetConfig                      0x08002e00   Section        0  stm32f4xx_hal_tim.o(i.TIM_ETR_SetConfig)
    i.TIM_ITRx_SetConfig                     0x08002e14   Section        0  stm32f4xx_hal_tim.o(i.TIM_ITRx_SetConfig)
    TIM_ITRx_SetConfig                       0x08002e15   Thumb Code    16  stm32f4xx_hal_tim.o(i.TIM_ITRx_SetConfig)
    i.TIM_OC1_SetConfig                      0x08002e24   Section        0  stm32f4xx_hal_tim.o(i.TIM_OC1_SetConfig)
    TIM_OC1_SetConfig                        0x08002e25   Thumb Code    74  stm32f4xx_hal_tim.o(i.TIM_OC1_SetConfig)
    i.TIM_OC2_SetConfig                      0x08002e74   Section        0  stm32f4xx_hal_tim.o(i.TIM_OC2_SetConfig)
    i.TIM_OC3_SetConfig                      0x08002ecc   Section        0  stm32f4xx_hal_tim.o(i.TIM_OC3_SetConfig)
    TIM_OC3_SetConfig                        0x08002ecd   Thumb Code    82  stm32f4xx_hal_tim.o(i.TIM_OC3_SetConfig)
    i.TIM_OC4_SetConfig                      0x08002f24   Section        0  stm32f4xx_hal_tim.o(i.TIM_OC4_SetConfig)
    TIM_OC4_SetConfig                        0x08002f25   Thumb Code    64  stm32f4xx_hal_tim.o(i.TIM_OC4_SetConfig)
    i.TIM_TI1_ConfigInputStage               0x08002f68   Section        0  stm32f4xx_hal_tim.o(i.TIM_TI1_ConfigInputStage)
    TIM_TI1_ConfigInputStage                 0x08002f69   Thumb Code    34  stm32f4xx_hal_tim.o(i.TIM_TI1_ConfigInputStage)
    i.TIM_TI2_ConfigInputStage               0x08002f8a   Section        0  stm32f4xx_hal_tim.o(i.TIM_TI2_ConfigInputStage)
    TIM_TI2_ConfigInputStage                 0x08002f8b   Thumb Code    36  stm32f4xx_hal_tim.o(i.TIM_TI2_ConfigInputStage)
    i.UsageFault_Handler                     0x08002fae   Section        0  stm32f4xx_it.o(i.UsageFault_Handler)
    i.__NVIC_SetPriority                     0x08002fb0   Section        0  stm32f4xx_hal_cortex.o(i.__NVIC_SetPriority)
    __NVIC_SetPriority                       0x08002fb1   Thumb Code    32  stm32f4xx_hal_cortex.o(i.__NVIC_SetPriority)
    i.main                                   0x08002fd0   Section        0  main.o(i.main)
    x$fpl$fpinit                             0x080030a0   Section       10  fpinit.o(x$fpl$fpinit)
    $v0                                      0x080030a0   Number         0  fpinit.o(x$fpl$fpinit)
    .constdata                               0x080030aa   Section       13  my_nrf24.o(.constdata)
    RF24_RX_PW_PIPE                          0x080030aa   Data           6  my_nrf24.o(.constdata)
    NRF24_ADDR_REGS                          0x080030b0   Data           7  my_nrf24.o(.constdata)
    .constdata                               0x080030b7   Section        8  stm32f4xx_hal_dma.o(.constdata)
    flagBitshiftOffset                       0x080030b7   Data           8  stm32f4xx_hal_dma.o(.constdata)
    .constdata                               0x080030bf   Section       16  system_stm32f4xx.o(.constdata)
    .data                                    0x20000000   Section       24  my_nrf24.o(.data)
    ack_payload_available                    0x20000000   Data           1  my_nrf24.o(.data)
    ack_payload_length                       0x20000001   Data           1  my_nrf24.o(.data)
    payload_size                             0x20000002   Data           1  my_nrf24.o(.data)
    dynamic_payloads_enabled                 0x20000003   Data           1  my_nrf24.o(.data)
    p_variant                                0x20000004   Data           1  my_nrf24.o(.data)
    wide_band                                0x20000005   Data           1  my_nrf24.o(.data)
    nrf24_CSN_PIN                            0x20000006   Data           2  my_nrf24.o(.data)
    nrf24_CE_PIN                             0x20000008   Data           2  my_nrf24.o(.data)
    nrf24_PORT                               0x2000000c   Data           4  my_nrf24.o(.data)
    pipe0_reading_address                    0x20000010   Data           8  my_nrf24.o(.data)
    .data                                    0x20000018   Section       24  main.o(.data)
    .data                                    0x20000030   Section       12  stm32f4xx_hal.o(.data)
    .data                                    0x2000003c   Section        4  system_stm32f4xx.o(.data)
    .bss                                     0x20000040   Section       88  my_nrf24.o(.bss)
    nrf24_hspi                               0x20000040   Data          88  my_nrf24.o(.bss)
    .bss                                     0x20000098   Section      168  adc.o(.bss)
    .bss                                     0x20000140   Section       88  spi.o(.bss)
    .bss                                     0x20000198   Section      360  tim.o(.bss)
    .bss                                     0x20000300   Section       96  libspace.o(.bss)
    HEAP                                     0x20000360   Section      512  startup_stm32f401xc.o(HEAP)
    Heap_Mem                                 0x20000360   Data         512  startup_stm32f401xc.o(HEAP)
    STACK                                    0x20000560   Section     1024  startup_stm32f401xc.o(STACK)
    Stack_Mem                                0x20000560   Data        1024  startup_stm32f401xc.o(STACK)
    __initial_sp                             0x20000960   Data           0  startup_stm32f401xc.o(STACK)

    Global Symbols

    Symbol Name                              Value     Ov Type        Size  Object(Section)

    BuildAttributes$$THM_ISAv4$E$P$D$K$B$S$7EM$VFPi3$EXTD16$VFPS$VFMA$PE$A:L22UL41UL21$X:L11$S22US41US21$IEEE1$IW$USESV6$~STKCKD$USESV7$~SHL$OSPACE$ROPI$EBA8$UX$STANDARDLIB$REQ8$PRES8$EABIv2 0x00000000   Number         0  anon$$obj.o ABSOLUTE
    __ARM_use_no_argv                        0x00000000   Number         0  main.o ABSOLUTE
    __ARM_exceptions_init                     - Undefined Weak Reference
    __alloca_initialize                       - Undefined Weak Reference
    __arm_fini_                               - Undefined Weak Reference
    __arm_preinit_                            - Undefined Weak Reference
    __cpp_initialize__aeabi_                  - Undefined Weak Reference
    __cxa_finalize                            - Undefined Weak Reference
    __rt_locale                               - Undefined Weak Reference
    __sigvec_lookup                           - Undefined Weak Reference
    _atexit_init                              - Undefined Weak Reference
    _call_atexit_fns                          - Undefined Weak Reference
    _clock_init                               - Undefined Weak Reference
    _fp_trap_init                             - Undefined Weak Reference
    _fp_trap_shutdown                         - Undefined Weak Reference
    _get_lc_collate                           - Undefined Weak Reference
    _get_lc_ctype                             - Undefined Weak Reference
    _get_lc_monetary                          - Undefined Weak Reference
    _get_lc_numeric                           - Undefined Weak Reference
    _get_lc_time                              - Undefined Weak Reference
    _getenv_init                              - Undefined Weak Reference
    _handle_redirection                       - Undefined Weak Reference
    _init_alloc                               - Undefined Weak Reference
    _init_user_alloc                          - Undefined Weak Reference
    _initio                                   - Undefined Weak Reference
    _rand_init                                - Undefined Weak Reference
    _signal_finish                            - Undefined Weak Reference
    _signal_init                              - Undefined Weak Reference
    _terminate_alloc                          - Undefined Weak Reference
    _terminate_user_alloc                     - Undefined Weak Reference
    _terminateio                              - Undefined Weak Reference
    __Vectors_Size                           0x00000194   Number         0  startup_stm32f401xc.o ABSOLUTE
    __Vectors                                0x08000000   Data           4  startup_stm32f401xc.o(RESET)
    __Vectors_End                            0x08000194   Data           0  startup_stm32f401xc.o(RESET)
    __main                                   0x08000195   Thumb Code     8  __main.o(!!!main)
    __scatterload                            0x0800019d   Thumb Code     0  __scatter.o(!!!scatter)
    __scatterload_rt2                        0x0800019d   Thumb Code    44  __scatter.o(!!!scatter)
    __scatterload_rt2_thumb_only             0x0800019d   Thumb Code     0  __scatter.o(!!!scatter)
    __scatterload_null                       0x080001ab   Thumb Code     0  __scatter.o(!!!scatter)
    __scatterload_copy                       0x080001d1   Thumb Code    26  __scatter_copy.o(!!handler_copy)
    __scatterload_zeroinit                   0x080001ed   Thumb Code    28  __scatter_zi.o(!!handler_zi)
    __rt_lib_init                            0x08000209   Thumb Code     0  libinit.o(.ARM.Collect$$libinit$$00000000)
    __rt_lib_init_fp_1                       0x0800020b   Thumb Code     0  libinit2.o(.ARM.Collect$$libinit$$00000001)
    __rt_lib_init_alloca_1                   0x0800020f   Thumb Code     0  libinit2.o(.ARM.Collect$$libinit$$0000002E)
    __rt_lib_init_argv_1                     0x0800020f   Thumb Code     0  libinit2.o(.ARM.Collect$$libinit$$0000002C)
    __rt_lib_init_atexit_1                   0x0800020f   Thumb Code     0  libinit2.o(.ARM.Collect$$libinit$$0000001B)
    __rt_lib_init_clock_1                    0x0800020f   Thumb Code     0  libinit2.o(.ARM.Collect$$libinit$$00000021)
    __rt_lib_init_cpp_1                      0x0800020f   Thumb Code     0  libinit2.o(.ARM.Collect$$libinit$$00000032)
    __rt_lib_init_exceptions_1               0x0800020f   Thumb Code     0  libinit2.o(.ARM.Collect$$libinit$$00000030)
    __rt_lib_init_fp_trap_1                  0x0800020f   Thumb Code     0  libinit2.o(.ARM.Collect$$libinit$$0000001F)
    __rt_lib_init_getenv_1                   0x0800020f   Thumb Code     0  libinit2.o(.ARM.Collect$$libinit$$00000023)
    __rt_lib_init_heap_1                     0x0800020f   Thumb Code     0  libinit2.o(.ARM.Collect$$libinit$$0000000A)
    __rt_lib_init_lc_collate_1               0x0800020f   Thumb Code     0  libinit2.o(.ARM.Collect$$libinit$$00000011)
    __rt_lib_init_lc_ctype_1                 0x0800020f   Thumb Code     0  libinit2.o(.ARM.Collect$$libinit$$00000013)
    __rt_lib_init_lc_monetary_1              0x0800020f   Thumb Code     0  libinit2.o(.ARM.Collect$$libinit$$00000015)
    __rt_lib_init_lc_numeric_1               0x0800020f   Thumb Code     0  libinit2.o(.ARM.Collect$$libinit$$00000017)
    __rt_lib_init_lc_time_1                  0x0800020f   Thumb Code     0  libinit2.o(.ARM.Collect$$libinit$$00000019)
    __rt_lib_init_preinit_1                  0x0800020f   Thumb Code     0  libinit2.o(.ARM.Collect$$libinit$$00000004)
    __rt_lib_init_rand_1                     0x0800020f   Thumb Code     0  libinit2.o(.ARM.Collect$$libinit$$0000000E)
    __rt_lib_init_return                     0x0800020f   Thumb Code     0  libinit2.o(.ARM.Collect$$libinit$$00000033)
    __rt_lib_init_signal_1                   0x0800020f   Thumb Code     0  libinit2.o(.ARM.Collect$$libinit$$0000001D)
    __rt_lib_init_stdio_1                    0x0800020f   Thumb Code     0  libinit2.o(.ARM.Collect$$libinit$$00000025)
    __rt_lib_init_user_alloc_1               0x0800020f   Thumb Code     0  libinit2.o(.ARM.Collect$$libinit$$0000000C)
    __rt_lib_shutdown                        0x08000211   Thumb Code     0  libshutdown.o(.ARM.Collect$$libshutdown$$00000000)
    __rt_lib_shutdown_cpp_1                  0x08000213   Thumb Code     0  libshutdown2.o(.ARM.Collect$$libshutdown$$00000004)
    __rt_lib_shutdown_fini_1                 0x08000213   Thumb Code     0  libshutdown2.o(.ARM.Collect$$libshutdown$$00000002)
    __rt_lib_shutdown_fp_trap_1              0x08000213   Thumb Code     0  libshutdown2.o(.ARM.Collect$$libshutdown$$00000009)
    __rt_lib_shutdown_heap_1                 0x08000213   Thumb Code     0  libshutdown2.o(.ARM.Collect$$libshutdown$$00000011)
    __rt_lib_shutdown_return                 0x08000213   Thumb Code     0  libshutdown2.o(.ARM.Collect$$libshutdown$$00000012)
    __rt_lib_shutdown_signal_1               0x08000213   Thumb Code     0  libshutdown2.o(.ARM.Collect$$libshutdown$$0000000C)
    __rt_lib_shutdown_stdio_1                0x08000213   Thumb Code     0  libshutdown2.o(.ARM.Collect$$libshutdown$$00000006)
    __rt_lib_shutdown_user_alloc_1           0x08000213   Thumb Code     0  libshutdown2.o(.ARM.Collect$$libshutdown$$0000000E)
    __rt_entry                               0x08000215   Thumb Code     0  __rtentry.o(.ARM.Collect$$rtentry$$00000000)
    __rt_entry_presh_1                       0x08000215   Thumb Code     0  __rtentry2.o(.ARM.Collect$$rtentry$$00000002)
    __rt_entry_sh                            0x08000215   Thumb Code     0  __rtentry4.o(.ARM.Collect$$rtentry$$00000004)
    __rt_entry_li                            0x0800021b   Thumb Code     0  __rtentry2.o(.ARM.Collect$$rtentry$$0000000A)
    __rt_entry_postsh_1                      0x0800021b   Thumb Code     0  __rtentry2.o(.ARM.Collect$$rtentry$$00000009)
    __rt_entry_main                          0x0800021f   Thumb Code     0  __rtentry2.o(.ARM.Collect$$rtentry$$0000000D)
    __rt_entry_postli_1                      0x0800021f   Thumb Code     0  __rtentry2.o(.ARM.Collect$$rtentry$$0000000C)
    __rt_exit                                0x08000227   Thumb Code     0  rtexit.o(.ARM.Collect$$rtexit$$00000000)
    __rt_exit_ls                             0x08000229   Thumb Code     0  rtexit2.o(.ARM.Collect$$rtexit$$00000003)
    __rt_exit_prels_1                        0x08000229   Thumb Code     0  rtexit2.o(.ARM.Collect$$rtexit$$00000002)
    __rt_exit_exit                           0x0800022d   Thumb Code     0  rtexit2.o(.ARM.Collect$$rtexit$$00000004)
    Reset_Handler                            0x08000235   Thumb Code     8  startup_stm32f401xc.o(.text)
    DMA1_Stream0_IRQHandler                  0x0800024f   Thumb Code     0  startup_stm32f401xc.o(.text)
    DMA1_Stream1_IRQHandler                  0x0800024f   Thumb Code     0  startup_stm32f401xc.o(.text)
    DMA1_Stream2_IRQHandler                  0x0800024f   Thumb Code     0  startup_stm32f401xc.o(.text)
    DMA1_Stream3_IRQHandler                  0x0800024f   Thumb Code     0  startup_stm32f401xc.o(.text)
    DMA1_Stream4_IRQHandler                  0x0800024f   Thumb Code     0  startup_stm32f401xc.o(.text)
    DMA1_Stream5_IRQHandler                  0x0800024f   Thumb Code     0  startup_stm32f401xc.o(.text)
    DMA1_Stream6_IRQHandler                  0x0800024f   Thumb Code     0  startup_stm32f401xc.o(.text)
    DMA1_Stream7_IRQHandler                  0x0800024f   Thumb Code     0  startup_stm32f401xc.o(.text)
    DMA2_Stream1_IRQHandler                  0x0800024f   Thumb Code     0  startup_stm32f401xc.o(.text)
    DMA2_Stream2_IRQHandler                  0x0800024f   Thumb Code     0  startup_stm32f401xc.o(.text)
    DMA2_Stream3_IRQHandler                  0x0800024f   Thumb Code     0  startup_stm32f401xc.o(.text)
    DMA2_Stream4_IRQHandler                  0x0800024f   Thumb Code     0  startup_stm32f401xc.o(.text)
    DMA2_Stream5_IRQHandler                  0x0800024f   Thumb Code     0  startup_stm32f401xc.o(.text)
    DMA2_Stream6_IRQHandler                  0x0800024f   Thumb Code     0  startup_stm32f401xc.o(.text)
    DMA2_Stream7_IRQHandler                  0x0800024f   Thumb Code     0  startup_stm32f401xc.o(.text)
    EXTI0_IRQHandler                         0x0800024f   Thumb Code     0  startup_stm32f401xc.o(.text)
    EXTI15_10_IRQHandler                     0x0800024f   Thumb Code     0  startup_stm32f401xc.o(.text)
    EXTI1_IRQHandler                         0x0800024f   Thumb Code     0  startup_stm32f401xc.o(.text)
    EXTI2_IRQHandler                         0x0800024f   Thumb Code     0  startup_stm32f401xc.o(.text)
    EXTI3_IRQHandler                         0x0800024f   Thumb Code     0  startup_stm32f401xc.o(.text)
    EXTI4_IRQHandler                         0x0800024f   Thumb Code     0  startup_stm32f401xc.o(.text)
    EXTI9_5_IRQHandler                       0x0800024f   Thumb Code     0  startup_stm32f401xc.o(.text)
    FLASH_IRQHandler                         0x0800024f   Thumb Code     0  startup_stm32f401xc.o(.text)
    FPU_IRQHandler                           0x0800024f   Thumb Code     0  startup_stm32f401xc.o(.text)
    I2C1_ER_IRQHandler                       0x0800024f   Thumb Code     0  startup_stm32f401xc.o(.text)
    I2C1_EV_IRQHandler                       0x0800024f   Thumb Code     0  startup_stm32f401xc.o(.text)
    I2C2_ER_IRQHandler                       0x0800024f   Thumb Code     0  startup_stm32f401xc.o(.text)
    I2C2_EV_IRQHandler                       0x0800024f   Thumb Code     0  startup_stm32f401xc.o(.text)
    I2C3_ER_IRQHandler                       0x0800024f   Thumb Code     0  startup_stm32f401xc.o(.text)
    I2C3_EV_IRQHandler                       0x0800024f   Thumb Code     0  startup_stm32f401xc.o(.text)
    OTG_FS_IRQHandler                        0x0800024f   Thumb Code     0  startup_stm32f401xc.o(.text)
    OTG_FS_WKUP_IRQHandler                   0x0800024f   Thumb Code     0  startup_stm32f401xc.o(.text)
    PVD_IRQHandler                           0x0800024f   Thumb Code     0  startup_stm32f401xc.o(.text)
    RCC_IRQHandler                           0x0800024f   Thumb Code     0  startup_stm32f401xc.o(.text)
    RTC_Alarm_IRQHandler                     0x0800024f   Thumb Code     0  startup_stm32f401xc.o(.text)
    RTC_WKUP_IRQHandler                      0x0800024f   Thumb Code     0  startup_stm32f401xc.o(.text)
    SDIO_IRQHandler                          0x0800024f   Thumb Code     0  startup_stm32f401xc.o(.text)
    SPI1_IRQHandler                          0x0800024f   Thumb Code     0  startup_stm32f401xc.o(.text)
    SPI2_IRQHandler                          0x0800024f   Thumb Code     0  startup_stm32f401xc.o(.text)
    SPI3_IRQHandler                          0x0800024f   Thumb Code     0  startup_stm32f401xc.o(.text)
    SPI4_IRQHandler                          0x0800024f   Thumb Code     0  startup_stm32f401xc.o(.text)
    TAMP_STAMP_IRQHandler                    0x0800024f   Thumb Code     0  startup_stm32f401xc.o(.text)
    TIM1_BRK_TIM9_IRQHandler                 0x0800024f   Thumb Code     0  startup_stm32f401xc.o(.text)
    TIM1_CC_IRQHandler                       0x0800024f   Thumb Code     0  startup_stm32f401xc.o(.text)
    TIM1_TRG_COM_TIM11_IRQHandler            0x0800024f   Thumb Code     0  startup_stm32f401xc.o(.text)
    TIM1_UP_TIM10_IRQHandler                 0x0800024f   Thumb Code     0  startup_stm32f401xc.o(.text)
    TIM2_IRQHandler                          0x0800024f   Thumb Code     0  startup_stm32f401xc.o(.text)
    TIM3_IRQHandler                          0x0800024f   Thumb Code     0  startup_stm32f401xc.o(.text)
    TIM4_IRQHandler                          0x0800024f   Thumb Code     0  startup_stm32f401xc.o(.text)
    USART1_IRQHandler                        0x0800024f   Thumb Code     0  startup_stm32f401xc.o(.text)
    USART2_IRQHandler                        0x0800024f   Thumb Code     0  startup_stm32f401xc.o(.text)
    USART6_IRQHandler                        0x0800024f   Thumb Code     0  startup_stm32f401xc.o(.text)
    WWDG_IRQHandler                          0x0800024f   Thumb Code     0  startup_stm32f401xc.o(.text)
    __user_initial_stackheap                 0x08000251   Thumb Code     0  startup_stm32f401xc.o(.text)
    __aeabi_uldivmod                         0x08000275   Thumb Code     0  lludivv7m.o(.text)
    _ll_udiv                                 0x08000275   Thumb Code   238  lludivv7m.o(.text)
    __aeabi_memcpy4                          0x08000363   Thumb Code     0  rt_memcpy_w.o(.text)
    __aeabi_memcpy8                          0x08000363   Thumb Code     0  rt_memcpy_w.o(.text)
    __rt_memcpy_w                            0x08000363   Thumb Code   100  rt_memcpy_w.o(.text)
    _memcpy_lastbytes_aligned                0x080003ab   Thumb Code     0  rt_memcpy_w.o(.text)
    __aeabi_memclr4                          0x080003c7   Thumb Code     0  rt_memclr_w.o(.text)
    __aeabi_memclr8                          0x080003c7   Thumb Code     0  rt_memclr_w.o(.text)
    __rt_memclr_w                            0x080003c7   Thumb Code    78  rt_memclr_w.o(.text)
    _memset_w                                0x080003cb   Thumb Code     0  rt_memclr_w.o(.text)
    __use_two_region_memory                  0x08000415   Thumb Code     2  heapauxi.o(.text)
    __rt_heap_escrow$2region                 0x08000417   Thumb Code     2  heapauxi.o(.text)
    __rt_heap_expand$2region                 0x08000419   Thumb Code     2  heapauxi.o(.text)
    __user_setup_stackheap                   0x0800041b   Thumb Code    74  sys_stackheap_outer.o(.text)
    exit                                     0x08000465   Thumb Code    18  exit.o(.text)
    __user_libspace                          0x08000479   Thumb Code     8  libspace.o(.text)
    __user_perproc_libspace                  0x08000479   Thumb Code     0  libspace.o(.text)
    __user_perthread_libspace                0x08000479   Thumb Code     0  libspace.o(.text)
    _sys_exit                                0x08000481   Thumb Code     8  sys_exit.o(.text)
    __I$use$semihosting                      0x0800048d   Thumb Code     0  use_no_semi.o(.text)
    __use_no_semihosting_swi                 0x0800048d   Thumb Code     2  use_no_semi.o(.text)
    __semihosting_library_function           0x0800048f   Thumb Code     0  indicate_semi.o(.text)
    ADC_IRQHandler                           0x08000491   Thumb Code     6  stm32f4xx_it.o(i.ADC_IRQHandler)
    BusFault_Handler                         0x080005c5   Thumb Code     2  stm32f4xx_it.o(i.BusFault_Handler)
    DMA2_Stream0_IRQHandler                  0x080005c9   Thumb Code     6  stm32f4xx_it.o(i.DMA2_Stream0_IRQHandler)
    DebugMon_Handler                         0x08000651   Thumb Code     2  stm32f4xx_it.o(i.DebugMon_Handler)
    Error_Handler                            0x08000653   Thumb Code     4  main.o(i.Error_Handler)
    HAL_ADCEx_InjectedConvCpltCallback       0x08000657   Thumb Code     2  stm32f4xx_hal_adc_ex.o(i.HAL_ADCEx_InjectedConvCpltCallback)
    HAL_ADC_ConfigChannel                    0x08000659   Thumb Code   316  stm32f4xx_hal_adc.o(i.HAL_ADC_ConfigChannel)
    HAL_ADC_ConvCpltCallback                 0x080007a5   Thumb Code     2  stm32f4xx_hal_adc.o(i.HAL_ADC_ConvCpltCallback)
    HAL_ADC_ErrorCallback                    0x080007a7   Thumb Code     2  stm32f4xx_hal_adc.o(i.HAL_ADC_ErrorCallback)
    HAL_ADC_IRQHandler                       0x080007a9   Thumb Code   302  stm32f4xx_hal_adc.o(i.HAL_ADC_IRQHandler)
    HAL_ADC_Init                             0x080008d7   Thumb Code    84  stm32f4xx_hal_adc.o(i.HAL_ADC_Init)
    HAL_ADC_LevelOutOfWindowCallback         0x0800092b   Thumb Code     2  stm32f4xx_hal_adc.o(i.HAL_ADC_LevelOutOfWindowCallback)
    HAL_ADC_MspInit                          0x0800092d   Thumb Code   148  adc.o(i.HAL_ADC_MspInit)
    HAL_DMA_IRQHandler                       0x080009d5   Thumb Code   412  stm32f4xx_hal_dma.o(i.HAL_DMA_IRQHandler)
    HAL_DMA_Init                             0x08000b75   Thumb Code   206  stm32f4xx_hal_dma.o(i.HAL_DMA_Init)
    HAL_Delay                                0x08000c49   Thumb Code    32  stm32f4xx_hal.o(i.HAL_Delay)
    HAL_GPIO_Init                            0x08000c6d   Thumb Code   446  stm32f4xx_hal_gpio.o(i.HAL_GPIO_Init)
    HAL_GPIO_TogglePin                       0x08000e4d   Thumb Code    16  stm32f4xx_hal_gpio.o(i.HAL_GPIO_TogglePin)
    HAL_GPIO_WritePin                        0x08000e5d   Thumb Code    10  stm32f4xx_hal_gpio.o(i.HAL_GPIO_WritePin)
    HAL_GetTick                              0x08000e69   Thumb Code     6  stm32f4xx_hal.o(i.HAL_GetTick)
    HAL_IncTick                              0x08000e75   Thumb Code    12  stm32f4xx_hal.o(i.HAL_IncTick)
    HAL_Init                                 0x08000e85   Thumb Code    48  stm32f4xx_hal.o(i.HAL_Init)
    HAL_InitTick                             0x08000eb9   Thumb Code    54  stm32f4xx_hal.o(i.HAL_InitTick)
    HAL_MspInit                              0x08000ef9   Thumb Code    42  stm32f4xx_hal_msp.o(i.HAL_MspInit)
    HAL_NVIC_EnableIRQ                       0x08000f29   Thumb Code    26  stm32f4xx_hal_cortex.o(i.HAL_NVIC_EnableIRQ)
    HAL_NVIC_SetPriority                     0x08000f45   Thumb Code    60  stm32f4xx_hal_cortex.o(i.HAL_NVIC_SetPriority)
    HAL_NVIC_SetPriorityGrouping             0x08000f85   Thumb Code    26  stm32f4xx_hal_cortex.o(i.HAL_NVIC_SetPriorityGrouping)
    HAL_RCC_ClockConfig                      0x08000fa9   Thumb Code   288  stm32f4xx_hal_rcc.o(i.HAL_RCC_ClockConfig)
    HAL_RCC_GetSysClockFreq                  0x080010dd   Thumb Code    88  stm32f4xx_hal_rcc.o(i.HAL_RCC_GetSysClockFreq)
    HAL_RCC_OscConfig                        0x08001141   Thumb Code   856  stm32f4xx_hal_rcc.o(i.HAL_RCC_OscConfig)
    HAL_SPI_Init                             0x080014ad   Thumb Code   188  stm32f4xx_hal_spi.o(i.HAL_SPI_Init)
    HAL_SPI_MspInit                          0x08001569   Thumb Code    92  spi.o(i.HAL_SPI_MspInit)
    HAL_SPI_Receive                          0x080015d1   Thumb Code   346  stm32f4xx_hal_spi.o(i.HAL_SPI_Receive)
    HAL_SPI_Transmit                         0x0800172b   Thumb Code   358  stm32f4xx_hal_spi.o(i.HAL_SPI_Transmit)
    HAL_SPI_TransmitReceive                  0x08001891   Thumb Code   482  stm32f4xx_hal_spi.o(i.HAL_SPI_TransmitReceive)
    HAL_SYSTICK_Config                       0x08001a73   Thumb Code    40  stm32f4xx_hal_cortex.o(i.HAL_SYSTICK_Config)
    HAL_TIMEx_BreakCallback                  0x08001a9b   Thumb Code     2  stm32f4xx_hal_tim_ex.o(i.HAL_TIMEx_BreakCallback)
    HAL_TIMEx_CommutCallback                 0x08001a9d   Thumb Code     2  stm32f4xx_hal_tim_ex.o(i.HAL_TIMEx_CommutCallback)
    HAL_TIMEx_ConfigBreakDeadTime            0x08001a9f   Thumb Code    84  stm32f4xx_hal_tim_ex.o(i.HAL_TIMEx_ConfigBreakDeadTime)
    HAL_TIMEx_MasterConfigSynchronization    0x08001af5   Thumb Code   104  stm32f4xx_hal_tim_ex.o(i.HAL_TIMEx_MasterConfigSynchronization)
    HAL_TIM_Base_Init                        0x08001b71   Thumb Code    90  stm32f4xx_hal_tim.o(i.HAL_TIM_Base_Init)
    HAL_TIM_Base_MspInit                     0x08001bcd   Thumb Code    84  tim.o(i.HAL_TIM_Base_MspInit)
    HAL_TIM_ConfigClockSource                0x08001c2d   Thumb Code   220  stm32f4xx_hal_tim.o(i.HAL_TIM_ConfigClockSource)
    HAL_TIM_Encoder_Init                     0x08001d09   Thumb Code   164  stm32f4xx_hal_tim.o(i.HAL_TIM_Encoder_Init)
    HAL_TIM_Encoder_MspInit                  0x08001dad   Thumb Code   142  tim.o(i.HAL_TIM_Encoder_MspInit)
    HAL_TIM_IC_CaptureCallback               0x08001e51   Thumb Code     2  stm32f4xx_hal_tim.o(i.HAL_TIM_IC_CaptureCallback)
    HAL_TIM_IRQHandler                       0x08001e53   Thumb Code   358  stm32f4xx_hal_tim.o(i.HAL_TIM_IRQHandler)
    HAL_TIM_MspPostInit                      0x08001fb9   Thumb Code   104  tim.o(i.HAL_TIM_MspPostInit)
    HAL_TIM_OC_DelayElapsedCallback          0x0800202d   Thumb Code     2  stm32f4xx_hal_tim.o(i.HAL_TIM_OC_DelayElapsedCallback)
    HAL_TIM_PWM_ConfigChannel                0x0800202f   Thumb Code   204  stm32f4xx_hal_tim.o(i.HAL_TIM_PWM_ConfigChannel)
    HAL_TIM_PWM_Init                         0x080020fb   Thumb Code    90  stm32f4xx_hal_tim.o(i.HAL_TIM_PWM_Init)
    HAL_TIM_PWM_MspInit                      0x08002155   Thumb Code     2  stm32f4xx_hal_tim.o(i.HAL_TIM_PWM_MspInit)
    HAL_TIM_PWM_PulseFinishedCallback        0x08002157   Thumb Code     2  stm32f4xx_hal_tim.o(i.HAL_TIM_PWM_PulseFinishedCallback)
    HAL_TIM_PeriodElapsedCallback            0x08002159   Thumb Code     2  stm32f4xx_hal_tim.o(i.HAL_TIM_PeriodElapsedCallback)
    HAL_TIM_TriggerCallback                  0x0800215b   Thumb Code     2  stm32f4xx_hal_tim.o(i.HAL_TIM_TriggerCallback)
    HardFault_Handler                        0x0800215d   Thumb Code     2  stm32f4xx_it.o(i.HardFault_Handler)
    LED_UPDATE                               0x08002161   Thumb Code    34  main.o(i.LED_UPDATE)
    MX_ADC1_Init                             0x0800218d   Thumb Code   132  adc.o(i.MX_ADC1_Init)
    MX_DMA_Init                              0x0800221d   Thumb Code    40  dma.o(i.MX_DMA_Init)
    MX_GPIO_Init                             0x08002249   Thumb Code   192  gpio.o(i.MX_GPIO_Init)
    MX_SPI3_Init                             0x08002319   Thumb Code    62  spi.o(i.MX_SPI3_Init)
    MX_TIM1_Init                             0x08002361   Thumb Code   192  tim.o(i.MX_TIM1_Init)
    MX_TIM2_Init                             0x08002429   Thumb Code   146  tim.o(i.MX_TIM2_Init)
    MX_TIM3_Init                             0x080024c1   Thumb Code   100  tim.o(i.MX_TIM3_Init)
    MX_TIM4_Init                             0x0800252d   Thumb Code   100  tim.o(i.MX_TIM4_Init)
    MX_TIM5_Init                             0x08002599   Thumb Code    96  tim.o(i.MX_TIM5_Init)
    MemManage_Handler                        0x08002601   Thumb Code     2  stm32f4xx_it.o(i.MemManage_Handler)
    NMI_Handler                              0x08002603   Thumb Code     2  stm32f4xx_it.o(i.NMI_Handler)
    NRF24_ACTIVATE_cmd                       0x08002605   Thumb Code    40  my_nrf24.o(i.NRF24_ACTIVATE_cmd)
    NRF24_DelayMicroSeconds                  0x08002631   Thumb Code    18  my_nrf24.o(i.NRF24_DelayMicroSeconds)
    NRF24_available                          0x0800264d   Thumb Code     6  my_nrf24.o(i.NRF24_available)
    NRF24_availablePipe                      0x08002653   Thumb Code    48  my_nrf24.o(i.NRF24_availablePipe)
    NRF24_begin                              0x08002685   Thumb Code   384  my_nrf24.o(i.NRF24_begin)
    NRF24_ce                                 0x0800280d   Thumb Code    16  my_nrf24.o(i.NRF24_ce)
    NRF24_csn                                0x08002821   Thumb Code    16  my_nrf24.o(i.NRF24_csn)
    NRF24_disableDynamicPayloads             0x08002835   Thumb Code    34  my_nrf24.o(i.NRF24_disableDynamicPayloads)
    NRF24_flush_rx                           0x0800285d   Thumb Code     8  my_nrf24.o(i.NRF24_flush_rx)
    NRF24_flush_tx                           0x08002865   Thumb Code     8  my_nrf24.o(i.NRF24_flush_tx)
    NRF24_get_status                         0x0800286d   Thumb Code     6  my_nrf24.o(i.NRF24_get_status)
    NRF24_openReadingPipe                    0x08002875   Thumb Code    78  my_nrf24.o(i.NRF24_openReadingPipe)
    NRF24_powerDown                          0x080028cd   Thumb Code    22  my_nrf24.o(i.NRF24_powerDown)
    NRF24_read                               0x080028e3   Thumb Code    36  my_nrf24.o(i.NRF24_read)
    NRF24_read_payload                       0x08002909   Thumb Code    58  my_nrf24.o(i.NRF24_read_payload)
    NRF24_read_register                      0x0800294d   Thumb Code    58  my_nrf24.o(i.NRF24_read_register)
    NRF24_resetStatus                        0x0800298d   Thumb Code     8  my_nrf24.o(i.NRF24_resetStatus)
    NRF24_setAutoAck                         0x08002995   Thumb Code    14  my_nrf24.o(i.NRF24_setAutoAck)
    NRF24_setCRCLength                       0x080029a3   Thumb Code    40  my_nrf24.o(i.NRF24_setCRCLength)
    NRF24_setChannel                         0x080029cb   Thumb Code    14  my_nrf24.o(i.NRF24_setChannel)
    NRF24_setDataRate                        0x080029d9   Thumb Code    86  my_nrf24.o(i.NRF24_setDataRate)
    NRF24_setPALevel                         0x08002a35   Thumb Code    60  my_nrf24.o(i.NRF24_setPALevel)
    NRF24_setPayloadSize                     0x08002a71   Thumb Code    12  my_nrf24.o(i.NRF24_setPayloadSize)
    NRF24_setRetries                         0x08002a81   Thumb Code    14  my_nrf24.o(i.NRF24_setRetries)
    NRF24_startListening                     0x08002a91   Thumb Code    64  my_nrf24.o(i.NRF24_startListening)
    NRF24_write_register                     0x08002ad5   Thumb Code    44  my_nrf24.o(i.NRF24_write_register)
    NRF24_write_registerN                    0x08002b05   Thumb Code    54  my_nrf24.o(i.NRF24_write_registerN)
    PendSV_Handler                           0x08002b41   Thumb Code     2  stm32f4xx_it.o(i.PendSV_Handler)
    SVC_Handler                              0x08002cb1   Thumb Code     2  stm32f4xx_it.o(i.SVC_Handler)
    SysTick_Handler                          0x08002cb3   Thumb Code     4  stm32f4xx_it.o(i.SysTick_Handler)
    SystemClock_Config                       0x08002cb9   Thumb Code   140  main.o(i.SystemClock_Config)
    SystemInit                               0x08002d4d   Thumb Code    12  system_stm32f4xx.o(i.SystemInit)
    TIM5_IRQHandler                          0x08002d5d   Thumb Code     6  stm32f4xx_it.o(i.TIM5_IRQHandler)
    TIM_Base_SetConfig                       0x08002d69   Thumb Code   122  stm32f4xx_hal_tim.o(i.TIM_Base_SetConfig)
    TIM_ETR_SetConfig                        0x08002e01   Thumb Code    20  stm32f4xx_hal_tim.o(i.TIM_ETR_SetConfig)
    TIM_OC2_SetConfig                        0x08002e75   Thumb Code    84  stm32f4xx_hal_tim.o(i.TIM_OC2_SetConfig)
    UsageFault_Handler                       0x08002faf   Thumb Code     2  stm32f4xx_it.o(i.UsageFault_Handler)
    main                                     0x08002fd1   Thumb Code   194  main.o(i.main)
    _fp_init                                 0x080030a1   Thumb Code    10  fpinit.o(x$fpl$fpinit)
    __fplib_config_fpu_vfp                   0x080030a9   Thumb Code     0  fpinit.o(x$fpl$fpinit)
    __fplib_config_pureend_doubles           0x080030a9   Thumb Code     0  fpinit.o(x$fpl$fpinit)
    AHBPrescTable                            0x080030bf   Data          16  system_stm32f4xx.o(.constdata)
    Region$$Table$$Base                      0x080030d0   Number         0  anon$$obj.o(Region$$Table)
    Region$$Table$$Limit                     0x080030f0   Number         0  anon$$obj.o(Region$$Table)
    led_tick                                 0x20000018   Data           4  main.o(.data)
    received_packet                          0x2000001c   Data           4  main.o(.data)
    joystick                                 0x20000020   Data           4  main.o(.data)
    rx_pipe_address                          0x20000028   Data           8  main.o(.data)
    uwTickFreq                               0x20000030   Data           1  stm32f4xx_hal.o(.data)
    uwTickPrio                               0x20000034   Data           4  stm32f4xx_hal.o(.data)
    uwTick                                   0x20000038   Data           4  stm32f4xx_hal.o(.data)
    SystemCoreClock                          0x2000003c   Data           4  system_stm32f4xx.o(.data)
    hadc1                                    0x20000098   Data          72  adc.o(.bss)
    hdma_adc1                                0x200000e0   Data          96  adc.o(.bss)
    hspi3                                    0x20000140   Data          88  spi.o(.bss)
    htim1                                    0x20000198   Data          72  tim.o(.bss)
    htim2                                    0x200001e0   Data          72  tim.o(.bss)
    htim3                                    0x20000228   Data          72  tim.o(.bss)
    htim4                                    0x20000270   Data          72  tim.o(.bss)
    htim5                                    0x200002b8   Data          72  tim.o(.bss)
    __libspace_start                         0x20000300   Data          96  libspace.o(.bss)
    __temporary_stack_top$libspace           0x20000360   Data           0  libspace.o(.bss)



==============================================================================

Memory Map of the image

  Image Entry point : 0x08000195

  Load Region LR_IROM1 (Base: 0x08000000, Size: 0x00003130, Max: 0x00040000, ABSOLUTE)

    Execution Region ER_IROM1 (Exec base: 0x08000000, Load base: 0x08000000, Size: 0x000030f0, Max: 0x00040000, ABSOLUTE)

    Exec Addr    Load Addr    Size         Type   Attr      Idx    E Section Name        Object

    0x08000000   0x08000000   0x00000194   Data   RO            3    RESET               startup_stm32f401xc.o
    0x08000194   0x08000194   0x00000008   Code   RO         3643  * !!!main             c_w.l(__main.o)
    0x0800019c   0x0800019c   0x00000034   Code   RO         3812    !!!scatter          c_w.l(__scatter.o)
    0x080001d0   0x080001d0   0x0000001a   Code   RO         3814    !!handler_copy      c_w.l(__scatter_copy.o)
    0x080001ea   0x080001ea   0x00000002   PAD
    0x080001ec   0x080001ec   0x0000001c   Code   RO         3816    !!handler_zi        c_w.l(__scatter_zi.o)
    0x08000208   0x08000208   0x00000002   Code   RO         3680    .ARM.Collect$$libinit$$00000000  c_w.l(libinit.o)
    0x0800020a   0x0800020a   0x00000004   Code   RO         3692    .ARM.Collect$$libinit$$00000001  c_w.l(libinit2.o)
    0x0800020e   0x0800020e   0x00000000   Code   RO         3695    .ARM.Collect$$libinit$$00000004  c_w.l(libinit2.o)
    0x0800020e   0x0800020e   0x00000000   Code   RO         3698    .ARM.Collect$$libinit$$0000000A  c_w.l(libinit2.o)
    0x0800020e   0x0800020e   0x00000000   Code   RO         3700    .ARM.Collect$$libinit$$0000000C  c_w.l(libinit2.o)
    0x0800020e   0x0800020e   0x00000000   Code   RO         3702    .ARM.Collect$$libinit$$0000000E  c_w.l(libinit2.o)
    0x0800020e   0x0800020e   0x00000000   Code   RO         3705    .ARM.Collect$$libinit$$00000011  c_w.l(libinit2.o)
    0x0800020e   0x0800020e   0x00000000   Code   RO         3707    .ARM.Collect$$libinit$$00000013  c_w.l(libinit2.o)
    0x0800020e   0x0800020e   0x00000000   Code   RO         3709    .ARM.Collect$$libinit$$00000015  c_w.l(libinit2.o)
    0x0800020e   0x0800020e   0x00000000   Code   RO         3711    .ARM.Collect$$libinit$$00000017  c_w.l(libinit2.o)
    0x0800020e   0x0800020e   0x00000000   Code   RO         3713    .ARM.Collect$$libinit$$00000019  c_w.l(libinit2.o)
    0x0800020e   0x0800020e   0x00000000   Code   RO         3715    .ARM.Collect$$libinit$$0000001B  c_w.l(libinit2.o)
    0x0800020e   0x0800020e   0x00000000   Code   RO         3717    .ARM.Collect$$libinit$$0000001D  c_w.l(libinit2.o)
    0x0800020e   0x0800020e   0x00000000   Code   RO         3719    .ARM.Collect$$libinit$$0000001F  c_w.l(libinit2.o)
    0x0800020e   0x0800020e   0x00000000   Code   RO         3721    .ARM.Collect$$libinit$$00000021  c_w.l(libinit2.o)
    0x0800020e   0x0800020e   0x00000000   Code   RO         3723    .ARM.Collect$$libinit$$00000023  c_w.l(libinit2.o)
    0x0800020e   0x0800020e   0x00000000   Code   RO         3725    .ARM.Collect$$libinit$$00000025  c_w.l(libinit2.o)
    0x0800020e   0x0800020e   0x00000000   Code   RO         3729    .ARM.Collect$$libinit$$0000002C  c_w.l(libinit2.o)
    0x0800020e   0x0800020e   0x00000000   Code   RO         3731    .ARM.Collect$$libinit$$0000002E  c_w.l(libinit2.o)
    0x0800020e   0x0800020e   0x00000000   Code   RO         3733    .ARM.Collect$$libinit$$00000030  c_w.l(libinit2.o)
    0x0800020e   0x0800020e   0x00000000   Code   RO         3735    .ARM.Collect$$libinit$$00000032  c_w.l(libinit2.o)
    0x0800020e   0x0800020e   0x00000002   Code   RO         3736    .ARM.Collect$$libinit$$00000033  c_w.l(libinit2.o)
    0x08000210   0x08000210   0x00000002   Code   RO         3767    .ARM.Collect$$libshutdown$$00000000  c_w.l(libshutdown.o)
    0x08000212   0x08000212   0x00000000   Code   RO         3793    .ARM.Collect$$libshutdown$$00000002  c_w.l(libshutdown2.o)
    0x08000212   0x08000212   0x00000000   Code   RO         3795    .ARM.Collect$$libshutdown$$00000004  c_w.l(libshutdown2.o)
    0x08000212   0x08000212   0x00000000   Code   RO         3797    .ARM.Collect$$libshutdown$$00000006  c_w.l(libshutdown2.o)
    0x08000212   0x08000212   0x00000000   Code   RO         3800    .ARM.Collect$$libshutdown$$00000009  c_w.l(libshutdown2.o)
    0x08000212   0x08000212   0x00000000   Code   RO         3803    .ARM.Collect$$libshutdown$$0000000C  c_w.l(libshutdown2.o)
    0x08000212   0x08000212   0x00000000   Code   RO         3805    .ARM.Collect$$libshutdown$$0000000E  c_w.l(libshutdown2.o)
    0x08000212   0x08000212   0x00000000   Code   RO         3808    .ARM.Collect$$libshutdown$$00000011  c_w.l(libshutdown2.o)
    0x08000212   0x08000212   0x00000002   Code   RO         3809    .ARM.Collect$$libshutdown$$00000012  c_w.l(libshutdown2.o)
    0x08000214   0x08000214   0x00000000   Code   RO         3645    .ARM.Collect$$rtentry$$00000000  c_w.l(__rtentry.o)
    0x08000214   0x08000214   0x00000000   Code   RO         3651    .ARM.Collect$$rtentry$$00000002  c_w.l(__rtentry2.o)
    0x08000214   0x08000214   0x00000006   Code   RO         3663    .ARM.Collect$$rtentry$$00000004  c_w.l(__rtentry4.o)
    0x0800021a   0x0800021a   0x00000000   Code   RO         3653    .ARM.Collect$$rtentry$$00000009  c_w.l(__rtentry2.o)
    0x0800021a   0x0800021a   0x00000004   Code   RO         3654    .ARM.Collect$$rtentry$$0000000A  c_w.l(__rtentry2.o)
    0x0800021e   0x0800021e   0x00000000   Code   RO         3656    .ARM.Collect$$rtentry$$0000000C  c_w.l(__rtentry2.o)
    0x0800021e   0x0800021e   0x00000008   Code   RO         3657    .ARM.Collect$$rtentry$$0000000D  c_w.l(__rtentry2.o)
    0x08000226   0x08000226   0x00000002   Code   RO         3684    .ARM.Collect$$rtexit$$00000000  c_w.l(rtexit.o)
    0x08000228   0x08000228   0x00000000   Code   RO         3740    .ARM.Collect$$rtexit$$00000002  c_w.l(rtexit2.o)
    0x08000228   0x08000228   0x00000004   Code   RO         3741    .ARM.Collect$$rtexit$$00000003  c_w.l(rtexit2.o)
    0x0800022c   0x0800022c   0x00000006   Code   RO         3742    .ARM.Collect$$rtexit$$00000004  c_w.l(rtexit2.o)
    0x08000232   0x08000232   0x00000002   PAD
    0x08000234   0x08000234   0x00000040   Code   RO            4    .text               startup_stm32f401xc.o
    0x08000274   0x08000274   0x000000ee   Code   RO         3635    .text               c_w.l(lludivv7m.o)
    0x08000362   0x08000362   0x00000064   Code   RO         3637    .text               c_w.l(rt_memcpy_w.o)
    0x080003c6   0x080003c6   0x0000004e   Code   RO         3639    .text               c_w.l(rt_memclr_w.o)
    0x08000414   0x08000414   0x00000006   Code   RO         3641    .text               c_w.l(heapauxi.o)
    0x0800041a   0x0800041a   0x0000004a   Code   RO         3667    .text               c_w.l(sys_stackheap_outer.o)
    0x08000464   0x08000464   0x00000012   Code   RO         3669    .text               c_w.l(exit.o)
    0x08000476   0x08000476   0x00000002   PAD
    0x08000478   0x08000478   0x00000008   Code   RO         3681    .text               c_w.l(libspace.o)
    0x08000480   0x08000480   0x0000000c   Code   RO         3737    .text               c_w.l(sys_exit.o)
    0x0800048c   0x0800048c   0x00000002   Code   RO         3756    .text               c_w.l(use_no_semi.o)
    0x0800048e   0x0800048e   0x00000000   Code   RO         3758    .text               c_w.l(indicate_semi.o)
    0x0800048e   0x0800048e   0x00000002   PAD
    0x08000490   0x08000490   0x0000000c   Code   RO          727    i.ADC_IRQHandler    stm32f4xx_it.o
    0x0800049c   0x0800049c   0x00000128   Code   RO          848    i.ADC_Init          stm32f4xx_hal_adc.o
    0x080005c4   0x080005c4   0x00000002   Code   RO          728    i.BusFault_Handler  stm32f4xx_it.o
    0x080005c6   0x080005c6   0x00000002   PAD
    0x080005c8   0x080005c8   0x0000000c   Code   RO          729    i.DMA2_Stream0_IRQHandler  stm32f4xx_it.o
    0x080005d4   0x080005d4   0x00000028   Code   RO         1606    i.DMA_CalcBaseAndBitshift  stm32f4xx_hal_dma.o
    0x080005fc   0x080005fc   0x00000054   Code   RO         1607    i.DMA_CheckFifoParam  stm32f4xx_hal_dma.o
    0x08000650   0x08000650   0x00000002   Code   RO          730    i.DebugMon_Handler  stm32f4xx_it.o
    0x08000652   0x08000652   0x00000004   Code   RO          439    i.Error_Handler     main.o
    0x08000656   0x08000656   0x00000002   Code   RO         1019    i.HAL_ADCEx_InjectedConvCpltCallback  stm32f4xx_hal_adc_ex.o
    0x08000658   0x08000658   0x0000014c   Code   RO          850    i.HAL_ADC_ConfigChannel  stm32f4xx_hal_adc.o
    0x080007a4   0x080007a4   0x00000002   Code   RO          851    i.HAL_ADC_ConvCpltCallback  stm32f4xx_hal_adc.o
    0x080007a6   0x080007a6   0x00000002   Code   RO          854    i.HAL_ADC_ErrorCallback  stm32f4xx_hal_adc.o
    0x080007a8   0x080007a8   0x0000012e   Code   RO          858    i.HAL_ADC_IRQHandler  stm32f4xx_hal_adc.o
    0x080008d6   0x080008d6   0x00000054   Code   RO          859    i.HAL_ADC_Init      stm32f4xx_hal_adc.o
    0x0800092a   0x0800092a   0x00000002   Code   RO          860    i.HAL_ADC_LevelOutOfWindowCallback  stm32f4xx_hal_adc.o
    0x0800092c   0x0800092c   0x000000a8   Code   RO          536    i.HAL_ADC_MspInit   adc.o
    0x080009d4   0x080009d4   0x000001a0   Code   RO         1614    i.HAL_DMA_IRQHandler  stm32f4xx_hal_dma.o
    0x08000b74   0x08000b74   0x000000d4   Code   RO         1615    i.HAL_DMA_Init      stm32f4xx_hal_dma.o
    0x08000c48   0x08000c48   0x00000024   Code   RO         2052    i.HAL_Delay         stm32f4xx_hal.o
    0x08000c6c   0x08000c6c   0x000001e0   Code   RO         1502    i.HAL_GPIO_Init     stm32f4xx_hal_gpio.o
    0x08000e4c   0x08000e4c   0x00000010   Code   RO         1505    i.HAL_GPIO_TogglePin  stm32f4xx_hal_gpio.o
    0x08000e5c   0x08000e5c   0x0000000a   Code   RO         1506    i.HAL_GPIO_WritePin  stm32f4xx_hal_gpio.o
    0x08000e66   0x08000e66   0x00000002   PAD
    0x08000e68   0x08000e68   0x0000000c   Code   RO         2058    i.HAL_GetTick       stm32f4xx_hal.o
    0x08000e74   0x08000e74   0x00000010   Code   RO         2064    i.HAL_IncTick       stm32f4xx_hal.o
    0x08000e84   0x08000e84   0x00000034   Code   RO         2065    i.HAL_Init          stm32f4xx_hal.o
    0x08000eb8   0x08000eb8   0x00000040   Code   RO         2066    i.HAL_InitTick      stm32f4xx_hal.o
    0x08000ef8   0x08000ef8   0x00000030   Code   RO          821    i.HAL_MspInit       stm32f4xx_hal_msp.o
    0x08000f28   0x08000f28   0x0000001a   Code   RO         1915    i.HAL_NVIC_EnableIRQ  stm32f4xx_hal_cortex.o
    0x08000f42   0x08000f42   0x00000002   PAD
    0x08000f44   0x08000f44   0x00000040   Code   RO         1921    i.HAL_NVIC_SetPriority  stm32f4xx_hal_cortex.o
    0x08000f84   0x08000f84   0x00000024   Code   RO         1922    i.HAL_NVIC_SetPriorityGrouping  stm32f4xx_hal_cortex.o
    0x08000fa8   0x08000fa8   0x00000134   Code   RO         1124    i.HAL_RCC_ClockConfig  stm32f4xx_hal_rcc.o
    0x080010dc   0x080010dc   0x00000064   Code   RO         1133    i.HAL_RCC_GetSysClockFreq  stm32f4xx_hal_rcc.o
    0x08001140   0x08001140   0x0000036c   Code   RO         1136    i.HAL_RCC_OscConfig  stm32f4xx_hal_rcc.o
    0x080014ac   0x080014ac   0x000000bc   Code   RO         2314    i.HAL_SPI_Init      stm32f4xx_hal_spi.o
    0x08001568   0x08001568   0x00000068   Code   RO          602    i.HAL_SPI_MspInit   spi.o
    0x080015d0   0x080015d0   0x0000015a   Code   RO         2317    i.HAL_SPI_Receive   stm32f4xx_hal_spi.o
    0x0800172a   0x0800172a   0x00000166   Code   RO         2322    i.HAL_SPI_Transmit  stm32f4xx_hal_spi.o
    0x08001890   0x08001890   0x000001e2   Code   RO         2323    i.HAL_SPI_TransmitReceive  stm32f4xx_hal_spi.o
    0x08001a72   0x08001a72   0x00000028   Code   RO         1926    i.HAL_SYSTICK_Config  stm32f4xx_hal_cortex.o
    0x08001a9a   0x08001a9a   0x00000002   Code   RO         3331    i.HAL_TIMEx_BreakCallback  stm32f4xx_hal_tim_ex.o
    0x08001a9c   0x08001a9c   0x00000002   Code   RO         3332    i.HAL_TIMEx_CommutCallback  stm32f4xx_hal_tim_ex.o
    0x08001a9e   0x08001a9e   0x00000054   Code   RO         3334    i.HAL_TIMEx_ConfigBreakDeadTime  stm32f4xx_hal_tim_ex.o
    0x08001af2   0x08001af2   0x00000002   PAD
    0x08001af4   0x08001af4   0x0000007c   Code   RO         3350    i.HAL_TIMEx_MasterConfigSynchronization  stm32f4xx_hal_tim_ex.o
    0x08001b70   0x08001b70   0x0000005a   Code   RO         2627    i.HAL_TIM_Base_Init  stm32f4xx_hal_tim.o
    0x08001bca   0x08001bca   0x00000002   PAD
    0x08001bcc   0x08001bcc   0x00000060   Code   RO          644    i.HAL_TIM_Base_MspInit  tim.o
    0x08001c2c   0x08001c2c   0x000000dc   Code   RO         2636    i.HAL_TIM_ConfigClockSource  stm32f4xx_hal_tim.o
    0x08001d08   0x08001d08   0x000000a4   Code   RO         2648    i.HAL_TIM_Encoder_Init  stm32f4xx_hal_tim.o
    0x08001dac   0x08001dac   0x000000a4   Code   RO          646    i.HAL_TIM_Encoder_MspInit  tim.o
    0x08001e50   0x08001e50   0x00000002   Code   RO         2661    i.HAL_TIM_IC_CaptureCallback  stm32f4xx_hal_tim.o
    0x08001e52   0x08001e52   0x00000166   Code   RO         2675    i.HAL_TIM_IRQHandler  stm32f4xx_hal_tim.o
    0x08001fb8   0x08001fb8   0x00000074   Code   RO          647    i.HAL_TIM_MspPostInit  tim.o
    0x0800202c   0x0800202c   0x00000002   Code   RO         2678    i.HAL_TIM_OC_DelayElapsedCallback  stm32f4xx_hal_tim.o
    0x0800202e   0x0800202e   0x000000cc   Code   RO         2699    i.HAL_TIM_PWM_ConfigChannel  stm32f4xx_hal_tim.o
    0x080020fa   0x080020fa   0x0000005a   Code   RO         2702    i.HAL_TIM_PWM_Init  stm32f4xx_hal_tim.o
    0x08002154   0x08002154   0x00000002   Code   RO         2704    i.HAL_TIM_PWM_MspInit  stm32f4xx_hal_tim.o
    0x08002156   0x08002156   0x00000002   Code   RO         2705    i.HAL_TIM_PWM_PulseFinishedCallback  stm32f4xx_hal_tim.o
    0x08002158   0x08002158   0x00000002   Code   RO         2713    i.HAL_TIM_PeriodElapsedCallback  stm32f4xx_hal_tim.o
    0x0800215a   0x0800215a   0x00000002   Code   RO         2718    i.HAL_TIM_TriggerCallback  stm32f4xx_hal_tim.o
    0x0800215c   0x0800215c   0x00000002   Code   RO          731    i.HardFault_Handler  stm32f4xx_it.o
    0x0800215e   0x0800215e   0x00000002   PAD
    0x08002160   0x08002160   0x0000002c   Code   RO          440    i.LED_UPDATE        main.o
    0x0800218c   0x0800218c   0x00000090   Code   RO          537    i.MX_ADC1_Init      adc.o
    0x0800221c   0x0800221c   0x0000002c   Code   RO          577    i.MX_DMA_Init       dma.o
    0x08002248   0x08002248   0x000000d0   Code   RO          511    i.MX_GPIO_Init      gpio.o
    0x08002318   0x08002318   0x00000048   Code   RO          603    i.MX_SPI3_Init      spi.o
    0x08002360   0x08002360   0x000000c8   Code   RO          648    i.MX_TIM1_Init      tim.o
    0x08002428   0x08002428   0x00000098   Code   RO          649    i.MX_TIM2_Init      tim.o
    0x080024c0   0x080024c0   0x0000006c   Code   RO          650    i.MX_TIM3_Init      tim.o
    0x0800252c   0x0800252c   0x0000006c   Code   RO          651    i.MX_TIM4_Init      tim.o
    0x08002598   0x08002598   0x00000068   Code   RO          652    i.MX_TIM5_Init      tim.o
    0x08002600   0x08002600   0x00000002   Code   RO          732    i.MemManage_Handler  stm32f4xx_it.o
    0x08002602   0x08002602   0x00000002   Code   RO          733    i.NMI_Handler       stm32f4xx_it.o
    0x08002604   0x08002604   0x0000002c   Code   RO           13    i.NRF24_ACTIVATE_cmd  my_nrf24.o
    0x08002630   0x08002630   0x0000001c   Code   RO           14    i.NRF24_DelayMicroSeconds  my_nrf24.o
    0x0800264c   0x0800264c   0x00000006   Code   RO           16    i.NRF24_available   my_nrf24.o
    0x08002652   0x08002652   0x00000030   Code   RO           17    i.NRF24_availablePipe  my_nrf24.o
    0x08002682   0x08002682   0x00000002   PAD
    0x08002684   0x08002684   0x00000188   Code   RO           18    i.NRF24_begin       my_nrf24.o
    0x0800280c   0x0800280c   0x00000014   Code   RO           19    i.NRF24_ce          my_nrf24.o
    0x08002820   0x08002820   0x00000014   Code   RO           20    i.NRF24_csn         my_nrf24.o
    0x08002834   0x08002834   0x00000028   Code   RO           22    i.NRF24_disableDynamicPayloads  my_nrf24.o
    0x0800285c   0x0800285c   0x00000008   Code   RO           25    i.NRF24_flush_rx    my_nrf24.o
    0x08002864   0x08002864   0x00000008   Code   RO           26    i.NRF24_flush_tx    my_nrf24.o
    0x0800286c   0x0800286c   0x00000006   Code   RO           32    i.NRF24_get_status  my_nrf24.o
    0x08002872   0x08002872   0x00000002   PAD
    0x08002874   0x08002874   0x00000058   Code   RO           35    i.NRF24_openReadingPipe  my_nrf24.o
    0x080028cc   0x080028cc   0x00000016   Code   RO           37    i.NRF24_powerDown   my_nrf24.o
    0x080028e2   0x080028e2   0x00000024   Code   RO           39    i.NRF24_read        my_nrf24.o
    0x08002906   0x08002906   0x00000002   PAD
    0x08002908   0x08002908   0x00000044   Code   RO           40    i.NRF24_read_payload  my_nrf24.o
    0x0800294c   0x0800294c   0x00000040   Code   RO           41    i.NRF24_read_register  my_nrf24.o
    0x0800298c   0x0800298c   0x00000008   Code   RO           43    i.NRF24_resetStatus  my_nrf24.o
    0x08002994   0x08002994   0x0000000e   Code   RO           44    i.NRF24_setAutoAck  my_nrf24.o
    0x080029a2   0x080029a2   0x00000028   Code   RO           46    i.NRF24_setCRCLength  my_nrf24.o
    0x080029ca   0x080029ca   0x0000000e   Code   RO           47    i.NRF24_setChannel  my_nrf24.o
    0x080029d8   0x080029d8   0x0000005c   Code   RO           48    i.NRF24_setDataRate  my_nrf24.o
    0x08002a34   0x08002a34   0x0000003c   Code   RO           49    i.NRF24_setPALevel  my_nrf24.o
    0x08002a70   0x08002a70   0x00000010   Code   RO           50    i.NRF24_setPayloadSize  my_nrf24.o
    0x08002a80   0x08002a80   0x0000000e   Code   RO           51    i.NRF24_setRetries  my_nrf24.o
    0x08002a8e   0x08002a8e   0x00000002   PAD
    0x08002a90   0x08002a90   0x00000044   Code   RO           52    i.NRF24_startListening  my_nrf24.o
    0x08002ad4   0x08002ad4   0x00000030   Code   RO           61    i.NRF24_write_register  my_nrf24.o
    0x08002b04   0x08002b04   0x0000003c   Code   RO           62    i.NRF24_write_registerN  my_nrf24.o
    0x08002b40   0x08002b40   0x00000002   Code   RO          734    i.PendSV_Handler    stm32f4xx_it.o
    0x08002b42   0x08002b42   0x0000005c   Code   RO         2351    i.SPI_EndRxTransaction  stm32f4xx_hal_spi.o
    0x08002b9e   0x08002b9e   0x00000002   PAD
    0x08002ba0   0x08002ba0   0x00000058   Code   RO         2352    i.SPI_EndRxTxTransaction  stm32f4xx_hal_spi.o
    0x08002bf8   0x08002bf8   0x000000b8   Code   RO         2357    i.SPI_WaitFlagStateUntilTimeout  stm32f4xx_hal_spi.o
    0x08002cb0   0x08002cb0   0x00000002   Code   RO          735    i.SVC_Handler       stm32f4xx_it.o
    0x08002cb2   0x08002cb2   0x00000004   Code   RO          736    i.SysTick_Handler   stm32f4xx_it.o
    0x08002cb6   0x08002cb6   0x00000002   PAD
    0x08002cb8   0x08002cb8   0x00000094   Code   RO          441    i.SystemClock_Config  main.o
    0x08002d4c   0x08002d4c   0x00000010   Code   RO         3599    i.SystemInit        system_stm32f4xx.o
    0x08002d5c   0x08002d5c   0x0000000c   Code   RO          737    i.TIM5_IRQHandler   stm32f4xx_it.o
    0x08002d68   0x08002d68   0x00000098   Code   RO         2720    i.TIM_Base_SetConfig  stm32f4xx_hal_tim.o
    0x08002e00   0x08002e00   0x00000014   Code   RO         2731    i.TIM_ETR_SetConfig  stm32f4xx_hal_tim.o
    0x08002e14   0x08002e14   0x00000010   Code   RO         2732    i.TIM_ITRx_SetConfig  stm32f4xx_hal_tim.o
    0x08002e24   0x08002e24   0x00000050   Code   RO         2733    i.TIM_OC1_SetConfig  stm32f4xx_hal_tim.o
    0x08002e74   0x08002e74   0x00000058   Code   RO         2734    i.TIM_OC2_SetConfig  stm32f4xx_hal_tim.o
    0x08002ecc   0x08002ecc   0x00000058   Code   RO         2735    i.TIM_OC3_SetConfig  stm32f4xx_hal_tim.o
    0x08002f24   0x08002f24   0x00000044   Code   RO         2736    i.TIM_OC4_SetConfig  stm32f4xx_hal_tim.o
    0x08002f68   0x08002f68   0x00000022   Code   RO         2738    i.TIM_TI1_ConfigInputStage  stm32f4xx_hal_tim.o
    0x08002f8a   0x08002f8a   0x00000024   Code   RO         2740    i.TIM_TI2_ConfigInputStage  stm32f4xx_hal_tim.o
    0x08002fae   0x08002fae   0x00000002   Code   RO          738    i.UsageFault_Handler  stm32f4xx_it.o
    0x08002fb0   0x08002fb0   0x00000020   Code   RO         1928    i.__NVIC_SetPriority  stm32f4xx_hal_cortex.o
    0x08002fd0   0x08002fd0   0x000000d0   Code   RO          442    i.main              main.o
    0x080030a0   0x080030a0   0x0000000a   Code   RO         3752    x$fpl$fpinit        fz_wm.l(fpinit.o)
    0x080030aa   0x080030aa   0x0000000d   Data   RO           64    .constdata          my_nrf24.o
    0x080030b7   0x080030b7   0x00000008   Data   RO         1621    .constdata          stm32f4xx_hal_dma.o
    0x080030bf   0x080030bf   0x00000010   Data   RO         3600    .constdata          system_stm32f4xx.o
    0x080030cf   0x080030cf   0x00000001   PAD
    0x080030d0   0x080030d0   0x00000020   Data   RO         3810    Region$$Table       anon$$obj.o


    Execution Region RW_IRAM1 (Exec base: 0x20000000, Load base: 0x080030f0, Size: 0x00000960, Max: 0x00010000, ABSOLUTE)

    Exec Addr    Load Addr    Size         Type   Attr      Idx    E Section Name        Object

    0x20000000   0x080030f0   0x00000018   Data   RW           65    .data               my_nrf24.o
    0x20000018   0x08003108   0x00000018   Data   RW          444    .data               main.o
    0x20000030   0x08003120   0x0000000c   Data   RW         2072    .data               stm32f4xx_hal.o
    0x2000003c   0x0800312c   0x00000004   Data   RW         3602    .data               system_stm32f4xx.o
    0x20000040        -       0x00000058   Zero   RW           63    .bss                my_nrf24.o
    0x20000098        -       0x000000a8   Zero   RW          538    .bss                adc.o
    0x20000140        -       0x00000058   Zero   RW          604    .bss                spi.o
    0x20000198        -       0x00000168   Zero   RW          653    .bss                tim.o
    0x20000300        -       0x00000060   Zero   RW         3682    .bss                c_w.l(libspace.o)
    0x20000360        -       0x00000200   Zero   RW            2    HEAP                startup_stm32f401xc.o
    0x20000560        -       0x00000400   Zero   RW            1    STACK               startup_stm32f401xc.o


==============================================================================

Image component sizes


      Code (inc. data)   RO Data    RW Data    ZI Data      Debug   Object Name

       312         32          0          0        168       1867   adc.o
        44          4          0          0          0        794   dma.o
       208         16          0          0          0       1007   gpio.o
       404         32          0         24          0       3093   main.o
      1332         86         13         24         88     452878   my_nrf24.o
       176         22          0          0         88       1737   spi.o
        64         26        404          0       1536        864   startup_stm32f401xc.o
       180         28          0         12          0       9433   stm32f4xx_hal.o
      1020         28          0          0          0       5678   stm32f4xx_hal_adc.o
         2          0          0          0          0       1025   stm32f4xx_hal_adc_ex.o
       198         14          0          0          0      34091   stm32f4xx_hal_cortex.o
       752         16          8          0          0       4180   stm32f4xx_hal_dma.o
       506         34          0          0          0       2893   stm32f4xx_hal_gpio.o
        48          6          0          0          0        870   stm32f4xx_hal_msp.o
      1284         52          0          0          0       4130   stm32f4xx_hal_rcc.o
      1738         12          0          0          0       8650   stm32f4xx_hal_spi.o
      1720         50          0          0          0      16417   stm32f4xx_hal_tim.o
       212         20          0          0          0       3377   stm32f4xx_hal_tim_ex.o
        56         18          0          0          0       5711   stm32f4xx_it.o
        16          4         16          4          0       1167   system_stm32f4xx.o
      1048         84          0          0        360       6254   tim.o

    ----------------------------------------------------------------------
     11344        584        474         64       2240     566116   Object Totals
         0          0         32          0          0          0   (incl. Generated)
        24          0          1          0          0          0   (incl. Padding)

    ----------------------------------------------------------------------

      Code (inc. data)   RO Data    RW Data    ZI Data      Debug   Library Member Name

         8          0          0          0          0         68   __main.o
         0          0          0          0          0          0   __rtentry.o
        12          0          0          0          0          0   __rtentry2.o
         6          0          0          0          0          0   __rtentry4.o
        52          8          0          0          0          0   __scatter.o
        26          0          0          0          0          0   __scatter_copy.o
        28          0          0          0          0          0   __scatter_zi.o
        18          0          0          0          0         80   exit.o
         6          0          0          0          0        152   heapauxi.o
         0          0          0          0          0          0   indicate_semi.o
         2          0          0          0          0          0   libinit.o
         6          0          0          0          0          0   libinit2.o
         2          0          0          0          0          0   libshutdown.o
         2          0          0          0          0          0   libshutdown2.o
         8          4          0          0         96         68   libspace.o
       238          0          0          0          0        100   lludivv7m.o
        78          0          0          0          0         80   rt_memclr_w.o
       100          0          0          0          0         80   rt_memcpy_w.o
         2          0          0          0          0          0   rtexit.o
        10          0          0          0          0          0   rtexit2.o
        12          4          0          0          0         68   sys_exit.o
        74          0          0          0          0         80   sys_stackheap_outer.o
         2          0          0          0          0         68   use_no_semi.o
        10          0          0          0          0        116   fpinit.o

    ----------------------------------------------------------------------
       710         16          0          0         96        960   Library Totals
         8          0          0          0          0          0   (incl. Padding)

    ----------------------------------------------------------------------

      Code (inc. data)   RO Data    RW Data    ZI Data      Debug   Library Name

       692         16          0          0         96        844   c_w.l
        10          0          0          0          0        116   fz_wm.l

    ----------------------------------------------------------------------
       710         16          0          0         96        960   Library Totals

    ----------------------------------------------------------------------

==============================================================================


      Code (inc. data)   RO Data    RW Data    ZI Data      Debug   

     12054        600        474         64       2336     555564   Grand Totals
     12054        600        474         64       2336     555564   ELF Image Totals
     12054        600        474         64          0          0   ROM Totals

==============================================================================

    Total RO  Size (Code + RO Data)                12528 (  12.23kB)
    Total RW  Size (RW Data + ZI Data)              2400 (   2.34kB)
    Total ROM Size (Code + RO Data + RW Data)      12592 (  12.30kB)

==============================================================================

