Component: ARM Compiler 5.06 update 7 (build 960) Tool: armlink [4d3601]

==============================================================================

Section Cross References

    startup_stm32f401xe.o(STACK) refers (Special) to heapauxi.o(.text) for __use_two_region_memory
    startup_stm32f401xe.o(HEAP) refers (Special) to heapauxi.o(.text) for __use_two_region_memory
    startup_stm32f401xe.o(RESET) refers (Special) to heapauxi.o(.text) for __use_two_region_memory
    startup_stm32f401xe.o(RESET) refers to startup_stm32f401xe.o(STACK) for __initial_sp
    startup_stm32f401xe.o(RESET) refers to startup_stm32f401xe.o(.text) for Reset_Handler
    startup_stm32f401xe.o(RESET) refers to stm32f4xx_it.o(i.NMI_Handler) for NMI_Handler
    startup_stm32f401xe.o(RESET) refers to stm32f4xx_it.o(i.HardFault_Handler) for HardFault_Handler
    startup_stm32f401xe.o(RESET) refers to stm32f4xx_it.o(i.MemManage_Handler) for MemManage_Handler
    startup_stm32f401xe.o(RESET) refers to stm32f4xx_it.o(i.BusFault_Handler) for BusFault_Handler
    startup_stm32f401xe.o(RESET) refers to stm32f4xx_it.o(i.UsageFault_Handler) for UsageFault_Handler
    startup_stm32f401xe.o(RESET) refers to stm32f4xx_it.o(i.SVC_Handler) for SVC_Handler
    startup_stm32f401xe.o(RESET) refers to stm32f4xx_it.o(i.DebugMon_Handler) for DebugMon_Handler
    startup_stm32f401xe.o(RESET) refers to stm32f4xx_it.o(i.PendSV_Handler) for PendSV_Handler
    startup_stm32f401xe.o(RESET) refers to stm32f4xx_it.o(i.SysTick_Handler) for SysTick_Handler
    startup_stm32f401xe.o(RESET) refers to stm32f4xx_it.o(i.DMA2_Stream0_IRQHandler) for DMA2_Stream0_IRQHandler
    startup_stm32f401xe.o(.text) refers (Special) to heapauxi.o(.text) for __use_two_region_memory
    startup_stm32f401xe.o(.text) refers to system_stm32f4xx.o(i.SystemInit) for SystemInit
    startup_stm32f401xe.o(.text) refers to __main.o(!!!main) for __main
    startup_stm32f401xe.o(.text) refers to startup_stm32f401xe.o(HEAP) for Heap_Mem
    startup_stm32f401xe.o(.text) refers to startup_stm32f401xe.o(STACK) for Stack_Mem
    my_nrf24.o(i.NRF24_ACTIVATE_cmd) refers to my_nrf24.o(i.NRF24_csn) for NRF24_csn
    my_nrf24.o(i.NRF24_ACTIVATE_cmd) refers to stm32f4xx_hal_spi.o(i.HAL_SPI_Transmit) for HAL_SPI_Transmit
    my_nrf24.o(i.NRF24_ACTIVATE_cmd) refers to my_nrf24.o(.bss) for .bss
    my_nrf24.o(i.NRF24_DelayMicroSeconds) refers to system_stm32f4xx.o(.data) for SystemCoreClock
    my_nrf24.o(i.NRF24_GetAckPayloadSize) refers to my_nrf24.o(.data) for .data
    my_nrf24.o(i.NRF24_available) refers to my_nrf24.o(i.NRF24_availablePipe) for NRF24_availablePipe
    my_nrf24.o(i.NRF24_availablePipe) refers to my_nrf24.o(i.NRF24_get_status) for NRF24_get_status
    my_nrf24.o(i.NRF24_availablePipe) refers to my_nrf24.o(i.NRF24_write_register) for NRF24_write_register
    my_nrf24.o(i.NRF24_begin) refers to rt_memcpy_w.o(.text) for __aeabi_memcpy4
    my_nrf24.o(i.NRF24_begin) refers to my_nrf24.o(i.NRF24_csn) for NRF24_csn
    my_nrf24.o(i.NRF24_begin) refers to my_nrf24.o(i.NRF24_ce) for NRF24_ce
    my_nrf24.o(i.NRF24_begin) refers to stm32f4xx_hal.o(i.HAL_Delay) for HAL_Delay
    my_nrf24.o(i.NRF24_begin) refers to my_nrf24.o(i.NRF24_write_register) for NRF24_write_register
    my_nrf24.o(i.NRF24_begin) refers to my_nrf24.o(i.NRF24_write_registerN) for NRF24_write_registerN
    my_nrf24.o(i.NRF24_begin) refers to my_nrf24.o(i.NRF24_ACTIVATE_cmd) for NRF24_ACTIVATE_cmd
    my_nrf24.o(i.NRF24_begin) refers to my_nrf24.o(i.printRadioSettings) for printRadioSettings
    my_nrf24.o(i.NRF24_begin) refers to my_nrf24.o(i.NRF24_setRetries) for NRF24_setRetries
    my_nrf24.o(i.NRF24_begin) refers to my_nrf24.o(i.NRF24_setPALevel) for NRF24_setPALevel
    my_nrf24.o(i.NRF24_begin) refers to my_nrf24.o(i.NRF24_setDataRate) for NRF24_setDataRate
    my_nrf24.o(i.NRF24_begin) refers to my_nrf24.o(i.NRF24_setCRCLength) for NRF24_setCRCLength
    my_nrf24.o(i.NRF24_begin) refers to my_nrf24.o(i.NRF24_disableDynamicPayloads) for NRF24_disableDynamicPayloads
    my_nrf24.o(i.NRF24_begin) refers to my_nrf24.o(i.NRF24_setPayloadSize) for NRF24_setPayloadSize
    my_nrf24.o(i.NRF24_begin) refers to my_nrf24.o(i.NRF24_resetStatus) for NRF24_resetStatus
    my_nrf24.o(i.NRF24_begin) refers to my_nrf24.o(i.NRF24_setChannel) for NRF24_setChannel
    my_nrf24.o(i.NRF24_begin) refers to my_nrf24.o(i.NRF24_flush_tx) for NRF24_flush_tx
    my_nrf24.o(i.NRF24_begin) refers to my_nrf24.o(i.NRF24_flush_rx) for NRF24_flush_rx
    my_nrf24.o(i.NRF24_begin) refers to my_nrf24.o(i.NRF24_powerDown) for NRF24_powerDown
    my_nrf24.o(i.NRF24_begin) refers to my_nrf24.o(.bss) for .bss
    my_nrf24.o(i.NRF24_begin) refers to my_nrf24.o(.data) for .data
    my_nrf24.o(i.NRF24_ce) refers to stm32f4xx_hal_gpio.o(i.HAL_GPIO_WritePin) for HAL_GPIO_WritePin
    my_nrf24.o(i.NRF24_ce) refers to my_nrf24.o(.data) for .data
    my_nrf24.o(i.NRF24_csn) refers to stm32f4xx_hal_gpio.o(i.HAL_GPIO_WritePin) for HAL_GPIO_WritePin
[...]
    ../clib/printf.c                         0x00000000   Number         0  __printf_ss_wp.o ABSOLUTE
    ../clib/printf.c                         0x00000000   Number         0  __printf_flags_wp.o ABSOLUTE
    ../clib/printf.c                         0x00000000   Number         0  __printf_wp.o ABSOLUTE
    ../clib/printf.c                         0x00000000   Number         0  __printf_ss.o ABSOLUTE
    ../clib/printf.c                         0x00000000   Number         0  __printf_flags.o ABSOLUTE
    ../clib/printf.c                         0x00000000   Number         0  _printf_hex_int_ll_ptr.o ABSOLUTE
    ../clib/printf.c                         0x00000000   Number         0  _printf_hex_ll_ptr.o ABSOLUTE
    ../clib/printf.c                         0x00000000   Number         0  _printf_hex_int_ptr.o ABSOLUTE
    ../clib/printf.c                         0x00000000   Number         0  _printf_hex_ptr.o ABSOLUTE
    ../clib/printf.c                         0x00000000   Number         0  _printf_hex_int_ll.o ABSOLUTE
    ../clib/printf.c                         0x00000000   Number         0  _printf_hex_int.o ABSOLUTE
    ../clib/printf.c                         0x00000000   Number         0  _printf_hex_ll.o ABSOLUTE
    ../clib/printf.c                         0x00000000   Number         0  _printf_dec.o ABSOLUTE
    ../clib/printf.c                         0x00000000   Number         0  _printf_pad.o ABSOLUTE
    ../clib/printf.c                         0x00000000   Number         0  __printf.o ABSOLUTE
    ../clib/printf.c                         0x00000000   Number         0  noretval__2sprintf.o ABSOLUTE
    ../clib/printf.c                         0x00000000   Number         0  __printf_nopercent.o ABSOLUTE
    ../clib/printf.c                         0x00000000   Number         0  __2sprintf.o ABSOLUTE
    ../clib/printf.c                         0x00000000   Number         0  _sputc.o ABSOLUTE
    ../clib/printf.c                         0x00000000   Number         0  _printf_char_common.o ABSOLUTE
    ../clib/printf_percent.s                 0x00000000   Number         0  _printf_percent_end.o ABSOLUTE
    ../clib/printf_percent.s                 0x00000000   Number         0  _printf_percent.o ABSOLUTE
    ../clib/printf_percent.s                 0x00000000   Number         0  _printf_x.o ABSOLUTE
    ../clib/printf_percent.s                 0x00000000   Number         0  _printf_d.o ABSOLUTE
    ../clib/signal.c                         0x00000000   Number         0  defsig_general.o ABSOLUTE
    ../clib/signal.c                         0x00000000   Number         0  __raise.o ABSOLUTE
    ../clib/signal.c                         0x00000000   Number         0  defsig_other.o ABSOLUTE
    ../clib/signal.c                         0x00000000   Number         0  defsig_segv_inner.o ABSOLUTE
    ../clib/signal.c                         0x00000000   Number         0  defsig_pvfn_inner.o ABSOLUTE
    ../clib/signal.c                         0x00000000   Number         0  defsig_stak_inner.o ABSOLUTE
    ../clib/signal.c                         0x00000000   Number         0  defsig_rtmem_formal.o ABSOLUTE
    ../clib/signal.c                         0x00000000   Number         0  defsig_cppl_inner.o ABSOLUTE
    ../clib/signal.c                         0x00000000   Number         0  defsig_rtmem_outer.o ABSOLUTE
    ../clib/signal.c                         0x00000000   Number         0  defsig_rtmem_inner.o ABSOLUTE
    ../clib/signal.c                         0x00000000   Number         0  defsig_rtred_inner.o ABSOLUTE
    ../clib/signal.c                         0x00000000   Number         0  defsig_abrt_inner.o ABSOLUTE
    ../clib/signal.c                         0x00000000   Number         0  defsig_fpe_inner.o ABSOLUTE
    ../clib/signal.c                         0x00000000   Number         0  defsig_exit.o ABSOLUTE
    ../clib/signal.c                         0x00000000   Number         0  defsig_fpe_formal.o ABSOLUTE
    ../clib/signal.c                         0x00000000   Number         0  defsig_fpe_outer.o ABSOLUTE
    ../clib/signal.s                         0x00000000   Number         0  defsig.o ABSOLUTE
    ../clib/stdlib.c                         0x00000000   Number         0  exit.o ABSOLUTE
    ../clib/string.c                         0x00000000   Number         0  strlen.o ABSOLUTE
    ../fplib/fpinit.s                        0x00000000   Number         0  fpinit.o ABSOLUTE
    ..\Core\Src\adc.c                        0x00000000   Number         0  adc.o ABSOLUTE
    ..\Core\Src\dma.c                        0x00000000   Number         0  dma.o ABSOLUTE
    ..\Core\Src\gpio.c                       0x00000000   Number         0  gpio.o ABSOLUTE
    ..\Core\Src\main.c                       0x00000000   Number         0  main.o ABSOLUTE
    ..\Core\Src\spi.c                        0x00000000   Number         0  spi.o ABSOLUTE
    ..\Core\Src\stm32f4xx_hal_msp.c          0x00000000   Number         0  stm32f4xx_hal_msp.o ABSOLUTE
    ..\Core\Src\stm32f4xx_it.c               0x00000000   Number         0  stm32f4xx_it.o ABSOLUTE
    ..\Core\Src\system_stm32f4xx.c           0x00000000   Number         0  system_stm32f4xx.o ABSOLUTE
    ..\Core\Src\usart.c                      0x00000000   Number         0  usart.o ABSOLUTE
    ..\Drivers\STM32F4xx_HAL_Driver\Src\stm32f4xx_hal.c 0x00000000   Number         0  stm32f4xx_hal.o ABSOLUTE
    ..\Drivers\STM32F4xx_HAL_Driver\Src\stm32f4xx_hal_adc.c 0x00000000   Number         0  stm32f4xx_hal_adc.o ABSOLUTE
    ..\Drivers\STM32F4xx_HAL_Driver\Src\stm32f4xx_hal_adc_ex.c 0x00000000   Number         0  stm32f4xx_hal_adc_ex.o ABSOLUTE
    ..\Drivers\STM32F4xx_HAL_Driver\Src\stm32f4xx_hal_cortex.c 0x00000000   Number         0  stm32f4xx_hal_cortex.o ABSOLUTE
    ..\Drivers\STM32F4xx_HAL_Driver\Src\stm32f4xx_hal_dma.c 0x00000000   Number         0  stm32f4xx_hal_dma.o ABSOLUTE
    ..\Drivers\STM32F4xx_HAL_Driver\Src\stm32f4xx_hal_dma_ex.c 0x00000000   Number         0  stm32f4xx_hal_dma_ex.o ABSOLUTE
    ..\Drivers\STM32F4xx_HAL_Driver\Src\stm32f4xx_hal_exti.c 0x00000000   Number         0  stm32f4xx_hal_exti.o ABSOLUTE
    ..\Drivers\STM32F4xx_HAL_Driver\Src\stm32f4xx_hal_flash.c 0x00000000   Number         0  stm32f4xx_hal_flash.o ABSOLUTE
    ..\Drivers\STM32F4xx_HAL_Driver\Src\stm32f4xx_hal_flash_ex.c 0x00000000   Number         0  stm32f4xx_hal_flash_ex.o ABSOLUTE
    ..\Drivers\STM32F4xx_HAL_Driver\Src\stm32f4xx_hal_flash_ramfunc.c 0x00000000   Number         0  stm32f4xx_hal_flash_ramfunc.o ABSOLUTE
    ..\Drivers\STM32F4xx_HAL_Driver\Src\stm32f4xx_hal_gpio.c 0x00000000   Number         0  stm32f4xx_hal_gpio.o ABSOLUTE
    ..\Drivers\STM32F4xx_HAL_Driver\Src\stm32f4xx_hal_pwr.c 0x00000000   Number         0  stm32f4xx_hal_pwr.o ABSOLUTE
    ..\Drivers\STM32F4xx_HAL_Driver\Src\stm32f4xx_hal_pwr_ex.c 0x00000000   Number         0  stm32f4xx_hal_pwr_ex.o ABSOLUTE
    ..\Drivers\STM32F4xx_HAL_Driver\Src\stm32f4xx_hal_rcc.c 0x00000000   Number         0  stm32f4xx_hal_rcc.o ABSOLUTE
    ..\Drivers\STM32F4xx_HAL_Driver\Src\stm32f4xx_hal_rcc_ex.c 0x00000000   Number         0  stm32f4xx_hal_rcc_ex.o ABSOLUTE
    ..\Drivers\STM32F4xx_HAL_Driver\Src\stm32f4xx_hal_spi.c 0x00000000   Number         0  stm32f4xx_hal_spi.o ABSOLUTE
    ..\Drivers\STM32F4xx_HAL_Driver\Src\stm32f4xx_hal_tim.c 0x00000000   Number         0  stm32f4xx_hal_tim.o ABSOLUTE
    ..\Drivers\STM32F4xx_HAL_Driver\Src\stm32f4xx_hal_tim_ex.c 0x00000000   Number         0  stm32f4xx_hal_tim_ex.o ABSOLUTE
    ..\Drivers\STM32F4xx_HAL_Driver\Src\stm32f4xx_hal_uart.c 0x00000000   Number         0  stm32f4xx_hal_uart.o ABSOLUTE
    MY_NRF24.c                               0x00000000   Number         0  my_nrf24.o ABSOLUTE
    MY_NRF24.c                               0x00000000   Number         0  my_nrf24.o ABSOLUTE
    dc.s                                     0x00000000   Number         0  dc.o ABSOLUTE
    startup_stm32f401xe.s                    0x00000000   Number         0  startup_stm32f401xe.o ABSOLUTE
    RESET                                    0x08000000   Section      404  startup_stm32f401xe.o(RESET)
    !!!main                                  0x08000194   Section        8  __main.o(!!!main)
    !!!scatter                               0x0800019c   Section       52  __scatter.o(!!!scatter)
    !!handler_copy                           0x080001d0   Section       26  __scatter_copy.o(!!handler_copy)
    !!handler_zi                             0x080001ec   Section       28  __scatter_zi.o(!!handler_zi)
    .ARM.Collect$$_printf_percent$$00000000  0x08000208   Section        0  _printf_percent.o(.ARM.Collect$$_printf_percent$$00000000)
    .ARM.Collect$$_printf_percent$$00000009  0x08000208   Section        6  _printf_d.o(.ARM.Collect$$_printf_percent$$00000009)
    .ARM.Collect$$_printf_percent$$0000000C  0x0800020e   Section        6  _printf_x.o(.ARM.Collect$$_printf_percent$$0000000C)
    .ARM.Collect$$_printf_percent$$00000017  0x08000214   Section        4  _printf_percent_end.o(.ARM.Collect$$_printf_percent$$00000017)
    .ARM.Collect$$libinit$$00000000          0x08000218   Section        2  libinit.o(.ARM.Collect$$libinit$$00000000)
    .ARM.Collect$$libinit$$00000001          0x0800021a   Section        4  libinit2.o(.ARM.Collect$$libinit$$00000001)
    .ARM.Collect$$libinit$$00000004          0x0800021e   Section        0  libinit2.o(.ARM.Collect$$libinit$$00000004)
    .ARM.Collect$$libinit$$0000000A          0x0800021e   Section        0  libinit2.o(.ARM.Collect$$libinit$$0000000A)
    .ARM.Collect$$libinit$$0000000C          0x0800021e   Section        0  libinit2.o(.ARM.Collect$$libinit$$0000000C)
    .ARM.Collect$$libinit$$0000000E          0x0800021e   Section        0  libinit2.o(.ARM.Collect$$libinit$$0000000E)
    .ARM.Collect$$libinit$$00000011          0x0800021e   Section        0  libinit2.o(.ARM.Collect$$libinit$$00000011)
    .ARM.Collect$$libinit$$00000013          0x0800021e   Section        0  libinit2.o(.ARM.Collect$$libinit$$00000013)
    .ARM.Collect$$libinit$$00000015          0x0800021e   Section        0  libinit2.o(.ARM.Collect$$libinit$$00000015)
    .ARM.Collect$$libinit$$00000017          0x0800021e   Section        0  libinit2.o(.ARM.Collect$$libinit$$00000017)
    .ARM.Collect$$libinit$$00000019          0x0800021e   Section        0  libinit2.o(.ARM.Collect$$libinit$$00000019)
    .ARM.Collect$$libinit$$0000001B          0x0800021e   Section        0  libinit2.o(.ARM.Collect$$libinit$$0000001B)
    .ARM.Collect$$libinit$$0000001D          0x0800021e   Section        0  libinit2.o(.ARM.Collect$$libinit$$0000001D)
    .ARM.Collect$$libinit$$0000001F          0x0800021e   Section        0  libinit2.o(.ARM.Collect$$libinit$$0000001F)
    .ARM.Collect$$libinit$$00000021          0x0800021e   Section        0  libinit2.o(.ARM.Collect$$libinit$$00000021)
    .ARM.Collect$$libinit$$00000023          0x0800021e   Section        0  libinit2.o(.ARM.Collect$$libinit$$00000023)
    .ARM.Collect$$libinit$$00000025          0x0800021e   Section        0  libinit2.o(.ARM.Collect$$libinit$$00000025)
    .ARM.Collect$$libinit$$0000002C          0x0800021e   Section        0  libinit2.o(.ARM.Collect$$libinit$$0000002C)
    .ARM.Collect$$libinit$$0000002E          0x0800021e   Section        0  libinit2.o(.ARM.Collect$$libinit$$0000002E)
    .ARM.Collect$$libinit$$00000030          0x0800021e   Section        0  libinit2.o(.ARM.Collect$$libinit$$00000030)
    .ARM.Collect$$libinit$$00000032          0x0800021e   Section        0  libinit2.o(.ARM.Collect$$libinit$$00000032)
    .ARM.Collect$$libinit$$00000033          0x0800021e   Section        2  libinit2.o(.ARM.Collect$$libinit$$00000033)
    .ARM.Collect$$libshutdown$$00000000      0x08000220   Section        2  libshutdown.o(.ARM.Collect$$libshutdown$$00000000)
    .ARM.Collect$$libshutdown$$00000002      0x08000222   Section        0  libshutdown2.o(.ARM.Collect$$libshutdown$$00000002)
    .ARM.Collect$$libshutdown$$00000004      0x08000222   Section        0  libshutdown2.o(.ARM.Collect$$libshutdown$$00000004)
    .ARM.Collect$$libshutdown$$00000006      0x08000222   Section        0  libshutdown2.o(.ARM.Collect$$libshutdown$$00000006)
    .ARM.Collect$$libshutdown$$00000009      0x08000222   Section        0  libshutdown2.o(.ARM.Collect$$libshutdown$$00000009)
    .ARM.Collect$$libshutdown$$0000000C      0x08000222   Section        0  libshutdown2.o(.ARM.Collect$$libshutdown$$0000000C)
    .ARM.Collect$$libshutdown$$0000000E      0x08000222   Section        0  libshutdown2.o(.ARM.Collect$$libshutdown$$0000000E)
    .ARM.Collect$$libshutdown$$00000011      0x08000222   Section        0  libshutdown2.o(.ARM.Collect$$libshutdown$$00000011)
    .ARM.Collect$$libshutdown$$00000012      0x08000222   Section        2  libshutdown2.o(.ARM.Collect$$libshutdown$$00000012)
    .ARM.Collect$$rtentry$$00000000          0x08000224   Section        0  __rtentry.o(.ARM.Collect$$rtentry$$00000000)
    .ARM.Collect$$rtentry$$00000002          0x08000224   Section        0  __rtentry2.o(.ARM.Collect$$rtentry$$00000002)
    .ARM.Collect$$rtentry$$00000004          0x08000224   Section        6  __rtentry4.o(.ARM.Collect$$rtentry$$00000004)
    .ARM.Collect$$rtentry$$00000009          0x0800022a   Section        0  __rtentry2.o(.ARM.Collect$$rtentry$$00000009)
    .ARM.Collect$$rtentry$$0000000A          0x0800022a   Section        4  __rtentry2.o(.ARM.Collect$$rtentry$$0000000A)
    .ARM.Collect$$rtentry$$0000000C          0x0800022e   Section        0  __rtentry2.o(.ARM.Collect$$rtentry$$0000000C)
    .ARM.Collect$$rtentry$$0000000D          0x0800022e   Section        8  __rtentry2.o(.ARM.Collect$$rtentry$$0000000D)
    .ARM.Collect$$rtexit$$00000000           0x08000236   Section        2  rtexit.o(.ARM.Collect$$rtexit$$00000000)
    .ARM.Collect$$rtexit$$00000002           0x08000238   Section        0  rtexit2.o(.ARM.Collect$$rtexit$$00000002)
    .ARM.Collect$$rtexit$$00000003           0x08000238   Section        4  rtexit2.o(.ARM.Collect$$rtexit$$00000003)
    .ARM.Collect$$rtexit$$00000004           0x0800023c   Section        6  rtexit2.o(.ARM.Collect$$rtexit$$00000004)
    .text                                    0x08000244   Section       64  startup_stm32f401xe.o(.text)
    $v0                                      0x08000244   Number         0  startup_stm32f401xe.o(.text)
    .text                                    0x08000284   Section      238  lludivv7m.o(.text)
    .text                                    0x08000374   Section        0  noretval__2sprintf.o(.text)
    .text                                    0x0800039c   Section        0  _printf_pad.o(.text)
    .text                                    0x080003ec   Section        0  _printf_dec.o(.text)
    .text                                    0x08000464   Section        0  _printf_hex_int.o(.text)
    .text                                    0x080004bc   Section        0  __printf_flags_wp.o(.text)
    .text                                    0x080005f4   Section        0  strlen.o(.text)
    .text                                    0x08000632   Section      100  rt_memcpy_w.o(.text)
    .text                                    0x08000696   Section       78  rt_memclr_w.o(.text)
    .text                                    0x080006e4   Section        0  heapauxi.o(.text)
    .text                                    0x080006ea   Section        0  _printf_intcommon.o(.text)
    .text                                    0x0800079c   Section        0  _printf_char_common.o(.text)
    _printf_input_char                       0x0800079d   Thumb Code    10  _printf_char_common.o(.text)
    .text                                    0x080007cc   Section        0  _sputc.o(.text)
    .text                                    0x080007d6   Section       74  sys_stackheap_outer.o(.text)
    .text                                    0x08000820   Section        0  exit.o(.text)
    .text                                    0x08000834   Section        8  libspace.o(.text)
    .text                                    0x0800083c   Section        0  sys_exit.o(.text)
    .text                                    0x08000848   Section        2  use_no_semi.o(.text)
    .text                                    0x0800084a   Section        0  indicate_semi.o(.text)
    i.ADC_DMAConvCplt                        0x0800084a   Section        0  stm32f4xx_hal_adc.o(i.ADC_DMAConvCplt)
    ADC_DMAConvCplt                          0x0800084b   Thumb Code   110  stm32f4xx_hal_adc.o(i.ADC_DMAConvCplt)
    i.ADC_DMAError                           0x080008b8   Section        0  stm32f4xx_hal_adc.o(i.ADC_DMAError)
    ADC_DMAError                             0x080008b9   Thumb Code    22  stm32f4xx_hal_adc.o(i.ADC_DMAError)
    i.ADC_DMAHalfConvCplt                    0x080008ce   Section        0  stm32f4xx_hal_adc.o(i.ADC_DMAHalfConvCplt)
    ADC_DMAHalfConvCplt                      0x080008cf   Thumb Code    10  stm32f4xx_hal_adc.o(i.ADC_DMAHalfConvCplt)
    i.ADC_Init                               0x080008d8   Section        0  stm32f4xx_hal_adc.o(i.ADC_Init)
    ADC_Init                                 0x080008d9   Thumb Code   284  stm32f4xx_hal_adc.o(i.ADC_Init)
    i.BusFault_Handler                       0x08000a00   Section        0  stm32f4xx_it.o(i.BusFault_Handler)
    i.DMA2_Stream0_IRQHandler                0x08000a04   Section        0  stm32f4xx_it.o(i.DMA2_Stream0_IRQHandler)
    i.DMA_CalcBaseAndBitshift                0x08000a10   Section        0  stm32f4xx_hal_dma.o(i.DMA_CalcBaseAndBitshift)
    DMA_CalcBaseAndBitshift                  0x08000a11   Thumb Code    34  stm32f4xx_hal_dma.o(i.DMA_CalcBaseAndBitshift)
    i.DMA_CheckFifoParam                     0x08000a38   Section        0  stm32f4xx_hal_dma.o(i.DMA_CheckFifoParam)
    DMA_CheckFifoParam                       0x08000a39   Thumb Code    84  stm32f4xx_hal_dma.o(i.DMA_CheckFifoParam)
    i.DMA_SetConfig                          0x08000a8c   Section        0  stm32f4xx_hal_dma.o(i.DMA_SetConfig)
    DMA_SetConfig                            0x08000a8d   Thumb Code    40  stm32f4xx_hal_dma.o(i.DMA_SetConfig)
    i.DebugMon_Handler                       0x08000ab4   Section        0  stm32f4xx_it.o(i.DebugMon_Handler)
    i.Error_Handler                          0x08000ab6   Section        0  main.o(i.Error_Handler)
    i.HAL_ADC_ConfigChannel                  0x08000abc   Section        0  stm32f4xx_hal_adc.o(i.HAL_ADC_ConfigChannel)
    i.HAL_ADC_ConvCpltCallback               0x08000c08   Section        0  stm32f4xx_hal_adc.o(i.HAL_ADC_ConvCpltCallback)
    i.HAL_ADC_ConvHalfCpltCallback           0x08000c0a   Section        0  stm32f4xx_hal_adc.o(i.HAL_ADC_ConvHalfCpltCallback)
    i.HAL_ADC_ErrorCallback                  0x08000c0c   Section        0  stm32f4xx_hal_adc.o(i.HAL_ADC_ErrorCallback)
    i.HAL_ADC_Init                           0x08000c0e   Section        0  stm32f4xx_hal_adc.o(i.HAL_ADC_Init)
    i.HAL_ADC_MspInit                        0x08000c64   Section        0  adc.o(i.HAL_ADC_MspInit)
    i.HAL_ADC_Start_DMA                      0x08000cfc   Section        0  stm32f4xx_hal_adc.o(i.HAL_ADC_Start_DMA)
    i.HAL_DMA_IRQHandler                     0x08000e20   Section        0  stm32f4xx_hal_dma.o(i.HAL_DMA_IRQHandler)
    i.HAL_DMA_Init                           0x08000fc0   Section        0  stm32f4xx_hal_dma.o(i.HAL_DMA_Init)
    i.HAL_DMA_Start_IT                       0x08001094   Section        0  stm32f4xx_hal_dma.o(i.HAL_DMA_Start_IT)
    i.HAL_Delay                              0x08001104   Section        0  stm32f4xx_hal.o(i.HAL_Delay)
    i.HAL_GPIO_Init                          0x08001128   Section        0  stm32f4xx_hal_gpio.o(i.HAL_GPIO_Init)
    i.HAL_GPIO_ReadPin                       0x08001308   Section        0  stm32f4xx_hal_gpio.o(i.HAL_GPIO_ReadPin)
    i.HAL_GPIO_WritePin                      0x08001312   Section        0  stm32f4xx_hal_gpio.o(i.HAL_GPIO_WritePin)
    i.HAL_GetTick                            0x0800131c   Section        0  stm32f4xx_hal.o(i.HAL_GetTick)
    i.HAL_IncTick                            0x08001328   Section        0  stm32f4xx_hal.o(i.HAL_IncTick)
    i.HAL_Init                               0x08001338   Section        0  stm32f4xx_hal.o(i.HAL_Init)
    i.HAL_InitTick                           0x0800136c   Section        0  stm32f4xx_hal.o(i.HAL_InitTick)
    i.HAL_MspInit                            0x080013ac   Section        0  stm32f4xx_hal_msp.o(i.HAL_MspInit)
    i.HAL_NVIC_EnableIRQ                     0x080013e0   Section        0  stm32f4xx_hal_cortex.o(i.HAL_NVIC_EnableIRQ)
    i.HAL_NVIC_SetPriority                   0x080013fc   Section        0  stm32f4xx_hal_cortex.o(i.HAL_NVIC_SetPriority)
    i.HAL_NVIC_SetPriorityGrouping           0x0800143c   Section        0  stm32f4xx_hal_cortex.o(i.HAL_NVIC_SetPriorityGrouping)
    i.HAL_RCC_ClockConfig                    0x08001460   Section        0  stm32f4xx_hal_rcc.o(i.HAL_RCC_ClockConfig)
    i.HAL_RCC_GetPCLK1Freq                   0x08001594   Section        0  stm32f4xx_hal_rcc.o(i.HAL_RCC_GetPCLK1Freq)
    i.HAL_RCC_GetPCLK2Freq                   0x080015b4   Section        0  stm32f4xx_hal_rcc.o(i.HAL_RCC_GetPCLK2Freq)
    i.HAL_RCC_GetSysClockFreq                0x080015d4   Section        0  stm32f4xx_hal_rcc.o(i.HAL_RCC_GetSysClockFreq)
    i.HAL_RCC_OscConfig                      0x08001634   Section        0  stm32f4xx_hal_rcc.o(i.HAL_RCC_OscConfig)
    i.HAL_SPI_Init                           0x080019a0   Section        0  stm32f4xx_hal_spi.o(i.HAL_SPI_Init)
    i.HAL_SPI_MspInit                        0x08001a5c   Section        0  spi.o(i.HAL_SPI_MspInit)
    i.HAL_SPI_Receive                        0x08001aec   Section        0  stm32f4xx_hal_spi.o(i.HAL_SPI_Receive)
    i.HAL_SPI_Transmit                       0x08001c46   Section        0  stm32f4xx_hal_spi.o(i.HAL_SPI_Transmit)
    i.HAL_SPI_TransmitReceive                0x08001dac   Section        0  stm32f4xx_hal_spi.o(i.HAL_SPI_TransmitReceive)
    i.HAL_SYSTICK_Config                     0x08001f8e   Section        0  stm32f4xx_hal_cortex.o(i.HAL_SYSTICK_Config)
    i.HAL_UART_Init                          0x08001fb6   Section        0  stm32f4xx_hal_uart.o(i.HAL_UART_Init)
    i.HAL_UART_MspInit                       0x08002018   Section        0  usart.o(i.HAL_UART_MspInit)
    i.HAL_UART_Transmit                      0x08002080   Section        0  stm32f4xx_hal_uart.o(i.HAL_UART_Transmit)
    i.HardFault_Handler                      0x08002132   Section        0  stm32f4xx_it.o(i.HardFault_Handler)
    i.MX_ADC1_Init                           0x08002134   Section        0  adc.o(i.MX_ADC1_Init)
    i.MX_DMA_Init                            0x080021ac   Section        0  dma.o(i.MX_DMA_Init)
    i.MX_GPIO_Init                           0x080021d8   Section        0  gpio.o(i.MX_GPIO_Init)
    i.MX_SPI2_Init                           0x08002290   Section        0  spi.o(i.MX_SPI2_Init)
    i.MX_USART2_UART_Init                    0x080022d8   Section        0  usart.o(i.MX_USART2_UART_Init)
    i.MemManage_Handler                      0x08002310   Section        0  stm32f4xx_it.o(i.MemManage_Handler)
    i.NMI_Handler                            0x08002312   Section        0  stm32f4xx_it.o(i.NMI_Handler)
    i.NRF24_ACTIVATE_cmd                     0x08002314   Section        0  my_nrf24.o(i.NRF24_ACTIVATE_cmd)
    i.NRF24_DelayMicroSeconds                0x08002340   Section        0  my_nrf24.o(i.NRF24_DelayMicroSeconds)
    i.NRF24_availablePipe                    0x0800235c   Section        0  my_nrf24.o(i.NRF24_availablePipe)
    i.NRF24_begin                            0x0800238c   Section        0  my_nrf24.o(i.NRF24_begin)
    i.NRF24_ce                               0x08002518   Section        0  my_nrf24.o(i.NRF24_ce)
    i.NRF24_csn                              0x0800252c   Section        0  my_nrf24.o(i.NRF24_csn)
    i.NRF24_disableDynamicPayloads           0x08002540   Section        0  my_nrf24.o(i.NRF24_disableDynamicPayloads)
    i.NRF24_enableAckPayload                 0x08002568   Section        0  my_nrf24.o(i.NRF24_enableAckPayload)
    i.NRF24_enableDynamicPayloads            0x080025ac   Section        0  my_nrf24.o(i.NRF24_enableDynamicPayloads)
    i.NRF24_flush_rx                         0x080025f8   Section        0  my_nrf24.o(i.NRF24_flush_rx)
    i.NRF24_flush_tx                         0x08002600   Section        0  my_nrf24.o(i.NRF24_flush_tx)
    i.NRF24_getDynamicPayloadSize            0x08002608   Section        0  my_nrf24.o(i.NRF24_getDynamicPayloadSize)
    i.NRF24_get_status                       0x0800260e   Section        0  my_nrf24.o(i.NRF24_get_status)
    i.NRF24_openWritingPipe                  0x08002614   Section        0  my_nrf24.o(i.NRF24_openWritingPipe)
    i.NRF24_powerDown                        0x08002640   Section        0  my_nrf24.o(i.NRF24_powerDown)
    i.NRF24_read                             0x08002656   Section        0  my_nrf24.o(i.NRF24_read)
    i.NRF24_read_payload                     0x0800267c   Section        0  my_nrf24.o(i.NRF24_read_payload)
    i.NRF24_read_register                    0x080026c0   Section        0  my_nrf24.o(i.NRF24_read_register)
    i.NRF24_read_registerN                   0x08002700   Section        0  my_nrf24.o(i.NRF24_read_registerN)
    i.NRF24_resetStatus                      0x0800273c   Section        0  my_nrf24.o(i.NRF24_resetStatus)
    i.NRF24_setAutoAck                       0x08002744   Section        0  my_nrf24.o(i.NRF24_setAutoAck)
    i.NRF24_setCRCLength                     0x08002752   Section        0  my_nrf24.o(i.NRF24_setCRCLength)
    i.NRF24_setChannel                       0x0800277a   Section        0  my_nrf24.o(i.NRF24_setChannel)
    i.NRF24_setDataRate                      0x08002788   Section        0  my_nrf24.o(i.NRF24_setDataRate)
    i.NRF24_setPALevel                       0x080027e4   Section        0  my_nrf24.o(i.NRF24_setPALevel)
    i.NRF24_setPayloadSize                   0x08002820   Section        0  my_nrf24.o(i.NRF24_setPayloadSize)
    i.NRF24_setRetries                       0x08002830   Section        0  my_nrf24.o(i.NRF24_setRetries)
    i.NRF24_startWrite                       0x0800283e   Section        0  my_nrf24.o(i.NRF24_startWrite)
    i.NRF24_stopListening                    0x08002888   Section        0  my_nrf24.o(i.NRF24_stopListening)
    i.NRF24_whatHappened                     0x0800289c   Section        0  my_nrf24.o(i.NRF24_whatHappened)
    i.NRF24_write                            0x080028d0   Section        0  my_nrf24.o(i.NRF24_write)
    i.NRF24_write_payload                    0x08002934   Section        0  my_nrf24.o(i.NRF24_write_payload)
    i.NRF24_write_register                   0x0800296c   Section        0  my_nrf24.o(i.NRF24_write_register)
    i.NRF24_write_registerN                  0x0800299c   Section        0  my_nrf24.o(i.NRF24_write_registerN)
    i.PendSV_Handler                         0x080029d8   Section        0  stm32f4xx_it.o(i.PendSV_Handler)
    i.SPI_EndRxTransaction                   0x080029da   Section        0  stm32f4xx_hal_spi.o(i.SPI_EndRxTransaction)
    SPI_EndRxTransaction                     0x080029db   Thumb Code    92  stm32f4xx_hal_spi.o(i.SPI_EndRxTransaction)
    i.SPI_EndRxTxTransaction                 0x08002a38   Section        0  stm32f4xx_hal_spi.o(i.SPI_EndRxTxTransaction)
    SPI_EndRxTxTransaction                   0x08002a39   Thumb Code    80  stm32f4xx_hal_spi.o(i.SPI_EndRxTxTransaction)
    i.SPI_WaitFlagStateUntilTimeout          0x08002a90   Section        0  stm32f4xx_hal_spi.o(i.SPI_WaitFlagStateUntilTimeout)
    SPI_WaitFlagStateUntilTimeout            0x08002a91   Thumb Code   180  stm32f4xx_hal_spi.o(i.SPI_WaitFlagStateUntilTimeout)
    i.SVC_Handler                            0x08002b48   Section        0  stm32f4xx_it.o(i.SVC_Handler)
    i.SysTick_Handler                        0x08002b4a   Section        0  stm32f4xx_it.o(i.SysTick_Handler)
    i.SystemClock_Config                     0x08002b50   Section        0  main.o(i.SystemClock_Config)
    i.SystemInit                             0x08002be8   Section        0  system_stm32f4xx.o(i.SystemInit)
    i.UART_SetConfig                         0x08002bf8   Section        0  stm32f4xx_hal_uart.o(i.UART_SetConfig)
    UART_SetConfig                           0x08002bf9   Thumb Code   258  stm32f4xx_hal_uart.o(i.UART_SetConfig)
    i.UART_WaitOnFlagUntilTimeout            0x08002d04   Section        0  stm32f4xx_hal_uart.o(i.UART_WaitOnFlagUntilTimeout)
    UART_WaitOnFlagUntilTimeout              0x08002d05   Thumb Code   120  stm32f4xx_hal_uart.o(i.UART_WaitOnFlagUntilTimeout)
    i.UsageFault_Handler                     0x08002d7c   Section        0  stm32f4xx_it.o(i.UsageFault_Handler)
    i.__NVIC_SetPriority                     0x08002d7e   Section        0  stm32f4xx_hal_cortex.o(i.__NVIC_SetPriority)
    __NVIC_SetPriority                       0x08002d7f   Thumb Code    32  stm32f4xx_hal_cortex.o(i.__NVIC_SetPriority)
    i._is_digit                              0x08002d9e   Section        0  __printf_wp.o(i._is_digit)
    i.main                                   0x08002dac   Section        0  main.o(i.main)
    i.nrf24_DebugUART_Init                   0x08002f34   Section        0  my_nrf24.o(i.nrf24_DebugUART_Init)
    i.printRadioSettings                     0x08002f4c   Section        0  my_nrf24.o(i.printRadioSettings)
    x$fpl$fpinit                             0x0800371c   Section       10  fpinit.o(x$fpl$fpinit)
    $v0                                      0x0800371c   Number         0  fpinit.o(x$fpl$fpinit)
    .constdata                               0x08003726   Section        8  stm32f4xx_hal_dma.o(.constdata)
    flagBitshiftOffset                       0x08003726   Data           8  stm32f4xx_hal_dma.o(.constdata)
    .constdata                               0x0800372e   Section       16  system_stm32f4xx.o(.constdata)
    .constdata                               0x0800373e   Section        8  system_stm32f4xx.o(.constdata)
    .constdata                               0x08003746   Section       40  _printf_hex_int.o(.constdata)
    uc_hextab                                0x08003746   Data          20  _printf_hex_int.o(.constdata)
    lc_hextab                                0x0800375a   Data          20  _printf_hex_int.o(.constdata)
    .constdata                               0x0800376e   Section       17  __printf_flags_wp.o(.constdata)
    maptable                                 0x0800376e   Data          17  __printf_flags_wp.o(.constdata)
    .conststring                             0x08003780   Section      218  my_nrf24.o(.conststring)
    .data                                    0x20000000   Section       24  my_nrf24.o(.data)
    ack_payload_available                    0x20000000   Data           1  my_nrf24.o(.data)
    ack_payload_length                       0x20000001   Data           1  my_nrf24.o(.data)
    payload_size                             0x20000002   Data           1  my_nrf24.o(.data)
    dynamic_payloads_enabled                 0x20000003   Data           1  my_nrf24.o(.data)
    p_variant                                0x20000004   Data           1  my_nrf24.o(.data)
    wide_band                                0x20000005   Data           1  my_nrf24.o(.data)
    nrf24_CSN_PIN                            0x20000006   Data           2  my_nrf24.o(.data)
    nrf24_CE_PIN                             0x20000008   Data           2  my_nrf24.o(.data)
    nrf24_PORT                               0x2000000c   Data           4  my_nrf24.o(.data)
    pipe0_reading_address                    0x20000010   Data           8  my_nrf24.o(.data)
    .data                                    0x20000018   Section       40  main.o(.data)
    .data                                    0x20000040   Section       12  stm32f4xx_hal.o(.data)
    .data                                    0x2000004c   Section        4  system_stm32f4xx.o(.data)
    .bss                                     0x20000050   Section      156  my_nrf24.o(.bss)
    nrf24_hspi                               0x20000050   Data          88  my_nrf24.o(.bss)
    nrf24_huart                              0x200000a8   Data          68  my_nrf24.o(.bss)
    .bss                                     0x200000ec   Section      168  adc.o(.bss)
    .bss                                     0x20000194   Section       88  spi.o(.bss)
    .bss                                     0x200001ec   Section       68  usart.o(.bss)
    .bss                                     0x20000230   Section       96  libspace.o(.bss)
    HEAP                                     0x20000290   Section      512  startup_stm32f401xe.o(HEAP)
    Heap_Mem                                 0x20000290   Data         512  startup_stm32f401xe.o(HEAP)
    STACK                                    0x20000490   Section     1024  startup_stm32f401xe.o(STACK)
    Stack_Mem                                0x20000490   Data        1024  startup_stm32f401xe.o(STACK)
    __initial_sp                             0x20000890   Data           0  startup_stm32f401xe.o(STACK)

    Global Symbols

    Symbol Name                              Value     Ov Type        Size  Object(Section)

    BuildAttributes$$THM_ISAv4$E$P$D$K$B$S$7EM$VFPi3$EXTD16$VFPS$VFMA$PE$A:L22UL41UL21$X:L11$S22US41US21$IEEE1$IW$USESV6$~STKCKD$USESV7$~SHL$OSPACE$ROPI$EBA8$UX$STANDARDLIB$REQ8$PRES8$EABIv2 0x00000000   Number         0  anon$$obj.o ABSOLUTE
    __ARM_use_no_argv                        0x00000000   Number         0  main.o ABSOLUTE
    _printf_flags                            0x00000000   Number         0  printf_stubs.o ABSOLUTE
    _printf_return_value                     0x00000000   Number         0  printf_stubs.o ABSOLUTE
    _printf_sizespec                         0x00000000   Number         0  printf_stubs.o ABSOLUTE
    _printf_widthprec                        0x00000000   Number         0  printf_stubs.o ABSOLUTE
    __ARM_exceptions_init                     - Undefined Weak Reference
    __alloca_initialize                       - Undefined Weak Reference
    __arm_fini_                               - Undefined Weak Reference
    __arm_preinit_                            - Undefined Weak Reference
    __cpp_initialize__aeabi_                  - Undefined Weak Reference
    __cxa_finalize                            - Undefined Weak Reference
    __rt_locale                               - Undefined Weak Reference
    __sigvec_lookup                           - Undefined Weak Reference
    _atexit_init                              - Undefined Weak Reference
    _call_atexit_fns                          - Undefined Weak Reference
    _clock_init                               - Undefined Weak Reference
    _fp_trap_init                             - Undefined Weak Reference
    _fp_trap_shutdown                         - Undefined Weak Reference
    _get_lc_collate                           - Undefined Weak Reference
    _get_lc_ctype                             - Undefined Weak Reference
    _get_lc_monetary                          - Undefined Weak Reference
    _get_lc_numeric                           - Undefined Weak Reference
    _get_lc_time                              - Undefined Weak Reference
    _getenv_init                              - Undefined Weak Reference
    _handle_redirection                       - Undefined Weak Reference
    _init_alloc                               - Undefined Weak Reference
    _init_user_alloc                          - Undefined Weak Reference
    _initio                                   - Undefined Weak Reference
    _printf_truncate_signed                   - Undefined Weak Reference
    _printf_truncate_unsigned                 - Undefined Weak Reference
    _rand_init                                - Undefined Weak Reference
    _signal_finish                            - Undefined Weak Reference
    _signal_init                              - Undefined Weak Reference
    _terminate_alloc                          - Undefined Weak Reference
    _terminate_user_alloc                     - Undefined Weak Reference
    _terminateio                              - Undefined Weak Reference
    __Vectors_Size                           0x00000194   Number         0  startup_stm32f401xe.o ABSOLUTE
    __Vectors                                0x08000000   Data           4  startup_stm32f401xe.o(RESET)
    __Vectors_End                            0x08000194   Data           0  startup_stm32f401xe.o(RESET)
    __main                                   0x08000195   Thumb Code     8  __main.o(!!!main)
    __scatterload                            0x0800019d   Thumb Code     0  __scatter.o(!!!scatter)
    __scatterload_rt2                        0x0800019d   Thumb Code    44  __scatter.o(!!!scatter)
    __scatterload_rt2_thumb_only             0x0800019d   Thumb Code     0  __scatter.o(!!!scatter)
    __scatterload_null                       0x080001ab   Thumb Code     0  __scatter.o(!!!scatter)
    __scatterload_copy                       0x080001d1   Thumb Code    26  __scatter_copy.o(!!handler_copy)
    __scatterload_zeroinit                   0x080001ed   Thumb Code    28  __scatter_zi.o(!!handler_zi)
    _printf_d                                0x08000209   Thumb Code     0  _printf_d.o(.ARM.Collect$$_printf_percent$$00000009)
    _printf_percent                          0x08000209   Thumb Code     0  _printf_percent.o(.ARM.Collect$$_printf_percent$$00000000)
    _printf_x                                0x0800020f   Thumb Code     0  _printf_x.o(.ARM.Collect$$_printf_percent$$0000000C)
    _printf_percent_end                      0x08000215   Thumb Code     0  _printf_percent_end.o(.ARM.Collect$$_printf_percent$$00000017)
    __rt_lib_init                            0x08000219   Thumb Code     0  libinit.o(.ARM.Collect$$libinit$$00000000)
    __rt_lib_init_fp_1                       0x0800021b   Thumb Code     0  libinit2.o(.ARM.Collect$$libinit$$00000001)
    __rt_lib_init_alloca_1                   0x0800021f   Thumb Code     0  libinit2.o(.ARM.Collect$$libinit$$0000002E)
    __rt_lib_init_argv_1                     0x0800021f   Thumb Code     0  libinit2.o(.ARM.Collect$$libinit$$0000002C)
    __rt_lib_init_atexit_1                   0x0800021f   Thumb Code     0  libinit2.o(.ARM.Collect$$libinit$$0000001B)
    __rt_lib_init_clock_1                    0x0800021f   Thumb Code     0  libinit2.o(.ARM.Collect$$libinit$$00000021)
    __rt_lib_init_cpp_1                      0x0800021f   Thumb Code     0  libinit2.o(.ARM.Collect$$libinit$$00000032)
    __rt_lib_init_exceptions_1               0x0800021f   Thumb Code     0  libinit2.o(.ARM.Collect$$libinit$$00000030)
    __rt_lib_init_fp_trap_1                  0x0800021f   Thumb Code     0  libinit2.o(.ARM.Collect$$libinit$$0000001F)
    __rt_lib_init_getenv_1                   0x0800021f   Thumb Code     0  libinit2.o(.ARM.Collect$$libinit$$00000023)
    __rt_lib_init_heap_1                     0x0800021f   Thumb Code     0  libinit2.o(.ARM.Collect$$libinit$$0000000A)
    __rt_lib_init_lc_collate_1               0x0800021f   Thumb Code     0  libinit2.o(.ARM.Collect$$libinit$$00000011)
    __rt_lib_init_lc_ctype_1                 0x0800021f   Thumb Code     0  libinit2.o(.ARM.Collect$$libinit$$00000013)
    __rt_lib_init_lc_monetary_1              0x0800021f   Thumb Code     0  libinit2.o(.ARM.Collect$$libinit$$00000015)
    __rt_lib_init_lc_numeric_1               0x0800021f   Thumb Code     0  libinit2.o(.ARM.Collect$$libinit$$00000017)
    __rt_lib_init_lc_time_1                  0x0800021f   Thumb Code     0  libinit2.o(.ARM.Collect$$libinit$$00000019)
    __rt_lib_init_preinit_1                  0x0800021f   Thumb Code     0  libinit2.o(.ARM.Collect$$libinit$$00000004)
    __rt_lib_init_rand_1                     0x0800021f   Thumb Code     0  libinit2.o(.ARM.Collect$$libinit$$0000000E)
    __rt_lib_init_return                     0x0800021f   Thumb Code     0  libinit2.o(.ARM.Collect$$libinit$$00000033)
    __rt_lib_init_signal_1                   0x0800021f   Thumb Code     0  libinit2.o(.ARM.Collect$$libinit$$0000001D)
    __rt_lib_init_stdio_1                    0x0800021f   Thumb Code     0  libinit2.o(.ARM.Collect$$libinit$$00000025)
    __rt_lib_init_user_alloc_1               0x0800021f   Thumb Code     0  libinit2.o(.ARM.Collect$$libinit$$0000000C)
    __rt_lib_shutdown                        0x08000221   Thumb Code     0  libshutdown.o(.ARM.Collect$$libshutdown$$00000000)
    __rt_lib_shutdown_cpp_1                  0x08000223   Thumb Code     0  libshutdown2.o(.ARM.Collect$$libshutdown$$00000004)
    __rt_lib_shutdown_fini_1                 0x08000223   Thumb Code     0  libshutdown2.o(.ARM.Collect$$libshutdown$$00000002)
    __rt_lib_shutdown_fp_trap_1              0x08000223   Thumb Code     0  libshutdown2.o(.ARM.Collect$$libshutdown$$00000009)
    __rt_lib_shutdown_heap_1                 0x08000223   Thumb Code     0  libshutdown2.o(.ARM.Collect$$libshutdown$$00000011)
    __rt_lib_shutdown_return                 0x08000223   Thumb Code     0  libshutdown2.o(.ARM.Collect$$libshutdown$$00000012)
    __rt_lib_shutdown_signal_1               0x08000223   Thumb Code     0  libshutdown2.o(.ARM.Collect$$libshutdown$$0000000C)
    __rt_lib_shutdown_stdio_1                0x08000223   Thumb Code     0  libshutdown2.o(.ARM.Collect$$libshutdown$$00000006)
    __rt_lib_shutdown_user_alloc_1           0x08000223   Thumb Code     0  libshutdown2.o(.ARM.Collect$$libshutdown$$0000000E)
    __rt_entry                               0x08000225   Thumb Code     0  __rtentry.o(.ARM.Collect$$rtentry$$00000000)
    __rt_entry_presh_1                       0x08000225   Thumb Code     0  __rtentry2.o(.ARM.Collect$$rtentry$$00000002)
    __rt_entry_sh                            0x08000225   Thumb Code     0  __rtentry4.o(.ARM.Collect$$rtentry$$00000004)
    __rt_entry_li                            0x0800022b   Thumb Code     0  __rtentry2.o(.ARM.Collect$$rtentry$$0000000A)
    __rt_entry_postsh_1                      0x0800022b   Thumb Code     0  __rtentry2.o(.ARM.Collect$$rtentry$$00000009)
    __rt_entry_main                          0x0800022f   Thumb Code     0  __rtentry2.o(.ARM.Collect$$rtentry$$0000000D)
    __rt_entry_postli_1                      0x0800022f   Thumb Code     0  __rtentry2.o(.ARM.Collect$$rtentry$$0000000C)
    __rt_exit                                0x08000237   Thumb Code     0  rtexit.o(.ARM.Collect$$rtexit$$00000000)
    __rt_exit_ls                             0x08000239   Thumb Code     0  rtexit2.o(.ARM.Collect$$rtexit$$00000003)
    __rt_exit_prels_1                        0x08000239   Thumb Code     0  rtexit2.o(.ARM.Collect$$rtexit$$00000002)
    __rt_exit_exit                           0x0800023d   Thumb Code     0  rtexit2.o(.ARM.Collect$$rtexit$$00000004)
    Reset_Handler                            0x08000245   Thumb Code     8  startup_stm32f401xe.o(.text)
    ADC_IRQHandler                           0x0800025f   Thumb Code     0  startup_stm32f401xe.o(.text)
    DMA1_Stream0_IRQHandler                  0x0800025f   Thumb Code     0  startup_stm32f401xe.o(.text)
    DMA1_Stream1_IRQHandler                  0x0800025f   Thumb Code     0  startup_stm32f401xe.o(.text)
    DMA1_Stream2_IRQHandler                  0x0800025f   Thumb Code     0  startup_stm32f401xe.o(.text)
    DMA1_Stream3_IRQHandler                  0x0800025f   Thumb Code     0  startup_stm32f401xe.o(.text)
    DMA1_Stream4_IRQHandler                  0x0800025f   Thumb Code     0  startup_stm32f401xe.o(.text)
    DMA1_Stream5_IRQHandler                  0x0800025f   Thumb Code     0  startup_stm32f401xe.o(.text)
    DMA1_Stream6_IRQHandler                  0x0800025f   Thumb Code     0  startup_stm32f401xe.o(.text)
    DMA1_Stream7_IRQHandler                  0x0800025f   Thumb Code     0  startup_stm32f401xe.o(.text)
    DMA2_Stream1_IRQHandler                  0x0800025f   Thumb Code     0  startup_stm32f401xe.o(.text)
    DMA2_Stream2_IRQHandler                  0x0800025f   Thumb Code     0  startup_stm32f401xe.o(.text)
    DMA2_Stream3_IRQHandler                  0x0800025f   Thumb Code     0  startup_stm32f401xe.o(.text)
    DMA2_Stream4_IRQHandler                  0x0800025f   Thumb Code     0  startup_stm32f401xe.o(.text)
    DMA2_Stream5_IRQHandler                  0x0800025f   Thumb Code     0  startup_stm32f401xe.o(.text)
    DMA2_Stream6_IRQHandler                  0x0800025f   Thumb Code     0  startup_stm32f401xe.o(.text)
    DMA2_Stream7_IRQHandler                  0x0800025f   Thumb Code     0  startup_stm32f401xe.o(.text)
    EXTI0_IRQHandler                         0x0800025f   Thumb Code     0  startup_stm32f401xe.o(.text)
    EXTI15_10_IRQHandler                     0x0800025f   Thumb Code     0  startup_stm32f401xe.o(.text)
    EXTI1_IRQHandler                         0x0800025f   Thumb Code     0  startup_stm32f401xe.o(.text)
    EXTI2_IRQHandler                         0x0800025f   Thumb Code     0  startup_stm32f401xe.o(.text)
    EXTI3_IRQHandler                         0x0800025f   Thumb Code     0  startup_stm32f401xe.o(.text)
    EXTI4_IRQHandler                         0x0800025f   Thumb Code     0  startup_stm32f401xe.o(.text)
    EXTI9_5_IRQHandler                       0x0800025f   Thumb Code     0  startup_stm32f401xe.o(.text)
    FLASH_IRQHandler                         0x0800025f   Thumb Code     0  startup_stm32f401xe.o(.text)
    FPU_IRQHandler                           0x0800025f   Thumb Code     0  startup_stm32f401xe.o(.text)
    I2C1_ER_IRQHandler                       0x0800025f   Thumb Code     0  startup_stm32f401xe.o(.text)
    I2C1_EV_IRQHandler                       0x0800025f   Thumb Code     0  startup_stm32f401xe.o(.text)
    I2C2_ER_IRQHandler                       0x0800025f   Thumb Code     0  startup_stm32f401xe.o(.text)
    I2C2_EV_IRQHandler                       0x0800025f   Thumb Code     0  startup_stm32f401xe.o(.text)
    I2C3_ER_IRQHandler                       0x0800025f   Thumb Code     0  startup_stm32f401xe.o(.text)
    I2C3_EV_IRQHandler                       0x0800025f   Thumb Code     0  startup_stm32f401xe.o(.text)
    OTG_FS_IRQHandler                        0x0800025f   Thumb Code     0  startup_stm32f401xe.o(.text)
    OTG_FS_WKUP_IRQHandler                   0x0800025f   Thumb Code     0  startup_stm32f401xe.o(.text)
    PVD_IRQHandler                           0x0800025f   Thumb Code     0  startup_stm32f401xe.o(.text)
    RCC_IRQHandler                           0x0800025f   Thumb Code     0  startup_stm32f401xe.o(.text)
    RTC_Alarm_IRQHandler                     0x0800025f   Thumb Code     0  startup_stm32f401xe.o(.text)
    RTC_WKUP_IRQHandler                      0x0800025f   Thumb Code     0  startup_stm32f401xe.o(.text)
    SDIO_IRQHandler                          0x0800025f   Thumb Code     0  startup_stm32f401xe.o(.text)
    SPI1_IRQHandler                          0x0800025f   Thumb Code     0  startup_stm32f401xe.o(.text)
    SPI2_IRQHandler                          0x0800025f   Thumb Code     0  startup_stm32f401xe.o(.text)
    SPI3_IRQHandler                          0x0800025f   Thumb Code     0  startup_stm32f401xe.o(.text)
    SPI4_IRQHandler                          0x0800025f   Thumb Code     0  startup_stm32f401xe.o(.text)
    TAMP_STAMP_IRQHandler                    0x0800025f   Thumb Code     0  startup_stm32f401xe.o(.text)
    TIM1_BRK_TIM9_IRQHandler                 0x0800025f   Thumb Code     0  startup_stm32f401xe.o(.text)
    TIM1_CC_IRQHandler                       0x0800025f   Thumb Code     0  startup_stm32f401xe.o(.text)
    TIM1_TRG_COM_TIM11_IRQHandler            0x0800025f   Thumb Code     0  startup_stm32f401xe.o(.text)
    TIM1_UP_TIM10_IRQHandler                 0x0800025f   Thumb Code     0  startup_stm32f401xe.o(.text)
    TIM2_IRQHandler                          0x0800025f   Thumb Code     0  startup_stm32f401xe.o(.text)
    TIM3_IRQHandler                          0x0800025f   Thumb Code     0  startup_stm32f401xe.o(.text)
    TIM4_IRQHandler                          0x0800025f   Thumb Code     0  startup_stm32f401xe.o(.text)
    TIM5_IRQHandler                          0x0800025f   Thumb Code     0  startup_stm32f401xe.o(.text)
    USART1_IRQHandler                        0x0800025f   Thumb Code     0  startup_stm32f401xe.o(.text)
    USART2_IRQHandler                        0x0800025f   Thumb Code     0  startup_stm32f401xe.o(.text)
    USART6_IRQHandler                        0x0800025f   Thumb Code     0  startup_stm32f401xe.o(.text)
    WWDG_IRQHandler                          0x0800025f   Thumb Code     0  startup_stm32f401xe.o(.text)
    __user_initial_stackheap                 0x08000261   Thumb Code     0  startup_stm32f401xe.o(.text)
    __aeabi_uldivmod                         0x08000285   Thumb Code     0  lludivv7m.o(.text)
    _ll_udiv                                 0x08000285   Thumb Code   238  lludivv7m.o(.text)
    __2sprintf                               0x08000375   Thumb Code    34  noretval__2sprintf.o(.text)
    _printf_pre_padding                      0x0800039d   Thumb Code    44  _printf_pad.o(.text)
    _printf_post_padding                     0x080003c9   Thumb Code    34  _printf_pad.o(.text)
    _printf_int_dec                          0x080003ed   Thumb Code   104  _printf_dec.o(.text)
    _printf_int_hex                          0x08000465   Thumb Code    84  _printf_hex_int.o(.text)
    _printf_longlong_hex                     0x08000465   Thumb Code     0  _printf_hex_int.o(.text)
    __printf                                 0x080004bd   Thumb Code   308  __printf_flags_wp.o(.text)
    strlen                                   0x080005f5   Thumb Code    62  strlen.o(.text)
    __aeabi_memcpy4                          0x08000633   Thumb Code     0  rt_memcpy_w.o(.text)
    __aeabi_memcpy8                          0x08000633   Thumb Code     0  rt_memcpy_w.o(.text)
    __rt_memcpy_w                            0x08000633   Thumb Code   100  rt_memcpy_w.o(.text)
    _memcpy_lastbytes_aligned                0x0800067b   Thumb Code     0  rt_memcpy_w.o(.text)
    __aeabi_memclr4                          0x08000697   Thumb Code     0  rt_memclr_w.o(.text)
    __aeabi_memclr8                          0x08000697   Thumb Code     0  rt_memclr_w.o(.text)
    __rt_memclr_w                            0x08000697   Thumb Code    78  rt_memclr_w.o(.text)
    _memset_w                                0x0800069b   Thumb Code     0  rt_memclr_w.o(.text)
    __use_two_region_memory                  0x080006e5   Thumb Code     2  heapauxi.o(.text)
    __rt_heap_escrow$2region                 0x080006e7   Thumb Code     2  heapauxi.o(.text)
    __rt_heap_expand$2region                 0x080006e9   Thumb Code     2  heapauxi.o(.text)
    _printf_int_common                       0x080006eb   Thumb Code   178  _printf_intcommon.o(.text)
    _printf_char_common                      0x080007a7   Thumb Code    32  _printf_char_common.o(.text)
    _sputc                                   0x080007cd   Thumb Code    10  _sputc.o(.text)
    __user_setup_stackheap                   0x080007d7   Thumb Code    74  sys_stackheap_outer.o(.text)
    exit                                     0x08000821   Thumb Code    18  exit.o(.text)
    __user_libspace                          0x08000835   Thumb Code     8  libspace.o(.text)
    __user_perproc_libspace                  0x08000835   Thumb Code     0  libspace.o(.text)
    __user_perthread_libspace                0x08000835   Thumb Code     0  libspace.o(.text)
    _sys_exit                                0x0800083d   Thumb Code     8  sys_exit.o(.text)
    __I$use$semihosting                      0x08000849   Thumb Code     0  use_no_semi.o(.text)
    __use_no_semihosting_swi                 0x08000849   Thumb Code     2  use_no_semi.o(.text)
    __semihosting_library_function           0x0800084b   Thumb Code     0  indicate_semi.o(.text)
    BusFault_Handler                         0x08000a01   Thumb Code     2  stm32f4xx_it.o(i.BusFault_Handler)
    DMA2_Stream0_IRQHandler                  0x08000a05   Thumb Code     6  stm32f4xx_it.o(i.DMA2_Stream0_IRQHandler)
    DebugMon_Handler                         0x08000ab5   Thumb Code     2  stm32f4xx_it.o(i.DebugMon_Handler)
    Error_Handler                            0x08000ab7   Thumb Code     4  main.o(i.Error_Handler)
    HAL_ADC_ConfigChannel                    0x08000abd   Thumb Code   316  stm32f4xx_hal_adc.o(i.HAL_ADC_ConfigChannel)
    HAL_ADC_ConvCpltCallback                 0x08000c09   Thumb Code     2  stm32f4xx_hal_adc.o(i.HAL_ADC_ConvCpltCallback)
    HAL_ADC_ConvHalfCpltCallback             0x08000c0b   Thumb Code     2  stm32f4xx_hal_adc.o(i.HAL_ADC_ConvHalfCpltCallback)
    HAL_ADC_ErrorCallback                    0x08000c0d   Thumb Code     2  stm32f4xx_hal_adc.o(i.HAL_ADC_ErrorCallback)
    HAL_ADC_Init                             0x08000c0f   Thumb Code    84  stm32f4xx_hal_adc.o(i.HAL_ADC_Init)
    HAL_ADC_MspInit                          0x08000c65   Thumb Code   130  adc.o(i.HAL_ADC_MspInit)
    HAL_ADC_Start_DMA                        0x08000cfd   Thumb Code   262  stm32f4xx_hal_adc.o(i.HAL_ADC_Start_DMA)
    HAL_DMA_IRQHandler                       0x08000e21   Thumb Code   412  stm32f4xx_hal_dma.o(i.HAL_DMA_IRQHandler)
    HAL_DMA_Init                             0x08000fc1   Thumb Code   206  stm32f4xx_hal_dma.o(i.HAL_DMA_Init)
    HAL_DMA_Start_IT                         0x08001095   Thumb Code   110  stm32f4xx_hal_dma.o(i.HAL_DMA_Start_IT)
    HAL_Delay                                0x08001105   Thumb Code    32  stm32f4xx_hal.o(i.HAL_Delay)
    HAL_GPIO_Init                            0x08001129   Thumb Code   446  stm32f4xx_hal_gpio.o(i.HAL_GPIO_Init)
    HAL_GPIO_ReadPin                         0x08001309   Thumb Code    10  stm32f4xx_hal_gpio.o(i.HAL_GPIO_ReadPin)
    HAL_GPIO_WritePin                        0x08001313   Thumb Code    10  stm32f4xx_hal_gpio.o(i.HAL_GPIO_WritePin)
    HAL_GetTick                              0x0800131d   Thumb Code     6  stm32f4xx_hal.o(i.HAL_GetTick)
    HAL_IncTick                              0x08001329   Thumb Code    12  stm32f4xx_hal.o(i.HAL_IncTick)
    HAL_Init                                 0x08001339   Thumb Code    48  stm32f4xx_hal.o(i.HAL_Init)
    HAL_InitTick                             0x0800136d   Thumb Code    54  stm32f4xx_hal.o(i.HAL_InitTick)
    HAL_MspInit                              0x080013ad   Thumb Code    48  stm32f4xx_hal_msp.o(i.HAL_MspInit)
    HAL_NVIC_EnableIRQ                       0x080013e1   Thumb Code    26  stm32f4xx_hal_cortex.o(i.HAL_NVIC_EnableIRQ)
    HAL_NVIC_SetPriority                     0x080013fd   Thumb Code    60  stm32f4xx_hal_cortex.o(i.HAL_NVIC_SetPriority)
    HAL_NVIC_SetPriorityGrouping             0x0800143d   Thumb Code    26  stm32f4xx_hal_cortex.o(i.HAL_NVIC_SetPriorityGrouping)
    HAL_RCC_ClockConfig                      0x08001461   Thumb Code   288  stm32f4xx_hal_rcc.o(i.HAL_RCC_ClockConfig)
    HAL_RCC_GetPCLK1Freq                     0x08001595   Thumb Code    20  stm32f4xx_hal_rcc.o(i.HAL_RCC_GetPCLK1Freq)
    HAL_RCC_GetPCLK2Freq                     0x080015b5   Thumb Code    20  stm32f4xx_hal_rcc.o(i.HAL_RCC_GetPCLK2Freq)
    HAL_RCC_GetSysClockFreq                  0x080015d5   Thumb Code    88  stm32f4xx_hal_rcc.o(i.HAL_RCC_GetSysClockFreq)
    HAL_RCC_OscConfig                        0x08001635   Thumb Code   856  stm32f4xx_hal_rcc.o(i.HAL_RCC_OscConfig)
    HAL_SPI_Init                             0x080019a1   Thumb Code   188  stm32f4xx_hal_spi.o(i.HAL_SPI_Init)
    HAL_SPI_MspInit                          0x08001a5d   Thumb Code   128  spi.o(i.HAL_SPI_MspInit)
    HAL_SPI_Receive                          0x08001aed   Thumb Code   346  stm32f4xx_hal_spi.o(i.HAL_SPI_Receive)
    HAL_SPI_Transmit                         0x08001c47   Thumb Code   358  stm32f4xx_hal_spi.o(i.HAL_SPI_Transmit)
    HAL_SPI_TransmitReceive                  0x08001dad   Thumb Code   482  stm32f4xx_hal_spi.o(i.HAL_SPI_TransmitReceive)
    HAL_SYSTICK_Config                       0x08001f8f   Thumb Code    40  stm32f4xx_hal_cortex.o(i.HAL_SYSTICK_Config)
    HAL_UART_Init                            0x08001fb7   Thumb Code    98  stm32f4xx_hal_uart.o(i.HAL_UART_Init)
    HAL_UART_MspInit                         0x08002019   Thumb Code    90  usart.o(i.HAL_UART_MspInit)
    HAL_UART_Transmit                        0x08002081   Thumb Code   178  stm32f4xx_hal_uart.o(i.HAL_UART_Transmit)
    HardFault_Handler                        0x08002133   Thumb Code     2  stm32f4xx_it.o(i.HardFault_Handler)
    MX_ADC1_Init                             0x08002135   Thumb Code   108  adc.o(i.MX_ADC1_Init)
    MX_DMA_Init                              0x080021ad   Thumb Code    40  dma.o(i.MX_DMA_Init)
    MX_GPIO_Init                             0x080021d9   Thumb Code   168  gpio.o(i.MX_GPIO_Init)
    MX_SPI2_Init                             0x08002291   Thumb Code    62  spi.o(i.MX_SPI2_Init)
    MX_USART2_UART_Init                      0x080022d9   Thumb Code    48  usart.o(i.MX_USART2_UART_Init)
    MemManage_Handler                        0x08002311   Thumb Code     2  stm32f4xx_it.o(i.MemManage_Handler)
    NMI_Handler                              0x08002313   Thumb Code     2  stm32f4xx_it.o(i.NMI_Handler)
    NRF24_ACTIVATE_cmd                       0x08002315   Thumb Code    40  my_nrf24.o(i.NRF24_ACTIVATE_cmd)
    NRF24_DelayMicroSeconds                  0x08002341   Thumb Code    18  my_nrf24.o(i.NRF24_DelayMicroSeconds)
    NRF24_availablePipe                      0x0800235d   Thumb Code    48  my_nrf24.o(i.NRF24_availablePipe)
    NRF24_begin                              0x0800238d   Thumb Code   388  my_nrf24.o(i.NRF24_begin)
    NRF24_ce                                 0x08002519   Thumb Code    16  my_nrf24.o(i.NRF24_ce)
    NRF24_csn                                0x0800252d   Thumb Code    16  my_nrf24.o(i.NRF24_csn)
    NRF24_disableDynamicPayloads             0x08002541   Thumb Code    34  my_nrf24.o(i.NRF24_disableDynamicPayloads)
    NRF24_enableAckPayload                   0x08002569   Thumb Code    66  my_nrf24.o(i.NRF24_enableAckPayload)
    NRF24_enableDynamicPayloads              0x080025ad   Thumb Code    70  my_nrf24.o(i.NRF24_enableDynamicPayloads)
    NRF24_flush_rx                           0x080025f9   Thumb Code     8  my_nrf24.o(i.NRF24_flush_rx)
    NRF24_flush_tx                           0x08002601   Thumb Code     8  my_nrf24.o(i.NRF24_flush_tx)
    NRF24_getDynamicPayloadSize              0x08002609   Thumb Code     6  my_nrf24.o(i.NRF24_getDynamicPayloadSize)
    NRF24_get_status                         0x0800260f   Thumb Code     6  my_nrf24.o(i.NRF24_get_status)
    NRF24_openWritingPipe                    0x08002615   Thumb Code    40  my_nrf24.o(i.NRF24_openWritingPipe)
    NRF24_powerDown                          0x08002641   Thumb Code    22  my_nrf24.o(i.NRF24_powerDown)
    NRF24_read                               0x08002657   Thumb Code    36  my_nrf24.o(i.NRF24_read)
    NRF24_read_payload                       0x0800267d   Thumb Code    58  my_nrf24.o(i.NRF24_read_payload)
    NRF24_read_register                      0x080026c1   Thumb Code    58  my_nrf24.o(i.NRF24_read_register)
    NRF24_read_registerN                     0x08002701   Thumb Code    54  my_nrf24.o(i.NRF24_read_registerN)
    NRF24_resetStatus                        0x0800273d   Thumb Code     8  my_nrf24.o(i.NRF24_resetStatus)
    NRF24_setAutoAck                         0x08002745   Thumb Code    14  my_nrf24.o(i.NRF24_setAutoAck)
    NRF24_setCRCLength                       0x08002753   Thumb Code    40  my_nrf24.o(i.NRF24_setCRCLength)
    NRF24_setChannel                         0x0800277b   Thumb Code    14  my_nrf24.o(i.NRF24_setChannel)
    NRF24_setDataRate                        0x08002789   Thumb Code    86  my_nrf24.o(i.NRF24_setDataRate)
    NRF24_setPALevel                         0x080027e5   Thumb Code    60  my_nrf24.o(i.NRF24_setPALevel)
    NRF24_setPayloadSize                     0x08002821   Thumb Code    12  my_nrf24.o(i.NRF24_setPayloadSize)
    NRF24_setRetries                         0x08002831   Thumb Code    14  my_nrf24.o(i.NRF24_setRetries)
    NRF24_startWrite                         0x0800283f   Thumb Code    74  my_nrf24.o(i.NRF24_startWrite)
    NRF24_stopListening                      0x08002889   Thumb Code    20  my_nrf24.o(i.NRF24_stopListening)
    NRF24_whatHappened                       0x0800289d   Thumb Code    50  my_nrf24.o(i.NRF24_whatHappened)
    NRF24_write                              0x080028d1   Thumb Code    94  my_nrf24.o(i.NRF24_write)
    NRF24_write_payload                      0x08002935   Thumb Code    50  my_nrf24.o(i.NRF24_write_payload)
    NRF24_write_register                     0x0800296d   Thumb Code    44  my_nrf24.o(i.NRF24_write_register)
    NRF24_write_registerN                    0x0800299d   Thumb Code    54  my_nrf24.o(i.NRF24_write_registerN)
    PendSV_Handler                           0x080029d9   Thumb Code     2  stm32f4xx_it.o(i.PendSV_Handler)
    SVC_Handler                              0x08002b49   Thumb Code     2  stm32f4xx_it.o(i.SVC_Handler)
    SysTick_Handler                          0x08002b4b   Thumb Code     4  stm32f4xx_it.o(i.SysTick_Handler)
    SystemClock_Config                       0x08002b51   Thumb Code   142  main.o(i.SystemClock_Config)
    SystemInit                               0x08002be9   Thumb Code    12  system_stm32f4xx.o(i.SystemInit)
    UsageFault_Handler                       0x08002d7d   Thumb Code     2  stm32f4xx_it.o(i.UsageFault_Handler)
    _is_digit                                0x08002d9f   Thumb Code    14  __printf_wp.o(i._is_digit)
    main                                     0x08002dad   Thumb Code   368  main.o(i.main)
    nrf24_DebugUART_Init                     0x08002f35   Thumb Code    20  my_nrf24.o(i.nrf24_DebugUART_Init)
    printRadioSettings                       0x08002f4d   Thumb Code  1890  my_nrf24.o(i.printRadioSettings)
    _fp_init                                 0x0800371d   Thumb Code    10  fpinit.o(x$fpl$fpinit)
    __fplib_config_fpu_vfp                   0x08003725   Thumb Code     0  fpinit.o(x$fpl$fpinit)
    __fplib_config_pureend_doubles           0x08003725   Thumb Code     0  fpinit.o(x$fpl$fpinit)
    AHBPrescTable                            0x0800372e   Data          16  system_stm32f4xx.o(.constdata)
    APBPrescTable                            0x0800373e   Data           8  system_stm32f4xx.o(.constdata)
    Region$$Table$$Base                      0x0800385c   Number         0  anon$$obj.o(Region$$Table)
    Region$$Table$$Limit                     0x0800387c   Number         0  anon$$obj.o(Region$$Table)
    radio_ptr                                0x20000018   Data           4  main.o(.data)
    ack_payload_reference                    0x2000001c   Data           4  main.o(.data)
    ack_successful_counter                   0x20000020   Data           4  main.o(.data)
    ack_fail_counter                         0x20000024   Data           4  main.o(.data)
    joystick                                 0x20000028   Data           4  main.o(.data)
    ack_payload                              0x2000002c   Data           4  main.o(.data)
    radio_frame                              0x20000030   Data           6  main.o(.data)
    tx_pipe_address                          0x20000038   Data           8  main.o(.data)
    uwTickFreq                               0x20000040   Data           1  stm32f4xx_hal.o(.data)
    uwTickPrio                               0x20000044   Data           4  stm32f4xx_hal.o(.data)
    uwTick                                   0x20000048   Data           4  stm32f4xx_hal.o(.data)
    SystemCoreClock                          0x2000004c   Data           4  system_stm32f4xx.o(.data)
    hadc1                                    0x200000ec   Data          72  adc.o(.bss)
    hdma_adc1                                0x20000134   Data          96  adc.o(.bss)
    hspi2                                    0x20000194   Data          88  spi.o(.bss)
    huart2                                   0x200001ec   Data          68  usart.o(.bss)
    __libspace_start                         0x20000230   Data          96  libspace.o(.bss)
    __temporary_stack_top$libspace           0x20000290   Data           0  libspace.o(.bss)



==============================================================================

Memory Map of the image

  Image Entry point : 0x08000195

  Load Region LR_IROM1 (Base: 0x08000000, Size: 0x000038cc, Max: 0x00080000, ABSOLUTE)

    Execution Region ER_IROM1 (Exec base: 0x08000000, Load base: 0x08000000, Size: 0x0000387c, Max: 0x00080000, ABSOLUTE)

    Exec Addr    Load Addr    Size         Type   Attr      Idx    E Section Name        Object

    0x08000000   0x08000000   0x00000194   Data   RO            3    RESET               startup_stm32f401xe.o
    0x08000194   0x08000194   0x00000008   Code   RO         3088  * !!!main             c_w.l(__main.o)
    0x0800019c   0x0800019c   0x00000034   Code   RO         3266    !!!scatter          c_w.l(__scatter.o)
    0x080001d0   0x080001d0   0x0000001a   Code   RO         3268    !!handler_copy      c_w.l(__scatter_copy.o)
    0x080001ea   0x080001ea   0x00000002   PAD
    0x080001ec   0x080001ec   0x0000001c   Code   RO         3270    !!handler_zi        c_w.l(__scatter_zi.o)
    0x08000208   0x08000208   0x00000000   Code   RO         3079    .ARM.Collect$$_printf_percent$$00000000  c_w.l(_printf_percent.o)
    0x08000208   0x08000208   0x00000006   Code   RO         3078    .ARM.Collect$$_printf_percent$$00000009  c_w.l(_printf_d.o)
    0x0800020e   0x0800020e   0x00000006   Code   RO         3077    .ARM.Collect$$_printf_percent$$0000000C  c_w.l(_printf_x.o)
    0x08000214   0x08000214   0x00000004   Code   RO         3101    .ARM.Collect$$_printf_percent$$00000017  c_w.l(_printf_percent_end.o)
    0x08000218   0x08000218   0x00000002   Code   RO         3134    .ARM.Collect$$libinit$$00000000  c_w.l(libinit.o)
    0x0800021a   0x0800021a   0x00000004   Code   RO         3146    .ARM.Collect$$libinit$$00000001  c_w.l(libinit2.o)
    0x0800021e   0x0800021e   0x00000000   Code   RO         3149    .ARM.Collect$$libinit$$00000004  c_w.l(libinit2.o)
    0x0800021e   0x0800021e   0x00000000   Code   RO         3152    .ARM.Collect$$libinit$$0000000A  c_w.l(libinit2.o)
    0x0800021e   0x0800021e   0x00000000   Code   RO         3154    .ARM.Collect$$libinit$$0000000C  c_w.l(libinit2.o)
    0x0800021e   0x0800021e   0x00000000   Code   RO         3156    .ARM.Collect$$libinit$$0000000E  c_w.l(libinit2.o)
    0x0800021e   0x0800021e   0x00000000   Code   RO         3159    .ARM.Collect$$libinit$$00000011  c_w.l(libinit2.o)
    0x0800021e   0x0800021e   0x00000000   Code   RO         3161    .ARM.Collect$$libinit$$00000013  c_w.l(libinit2.o)
    0x0800021e   0x0800021e   0x00000000   Code   RO         3163    .ARM.Collect$$libinit$$00000015  c_w.l(libinit2.o)
    0x0800021e   0x0800021e   0x00000000   Code   RO         3165    .ARM.Collect$$libinit$$00000017  c_w.l(libinit2.o)
    0x0800021e   0x0800021e   0x00000000   Code   RO         3167    .ARM.Collect$$libinit$$00000019  c_w.l(libinit2.o)
    0x0800021e   0x0800021e   0x00000000   Code   RO         3169    .ARM.Collect$$libinit$$0000001B  c_w.l(libinit2.o)
    0x0800021e   0x0800021e   0x00000000   Code   RO         3171    .ARM.Collect$$libinit$$0000001D  c_w.l(libinit2.o)
    0x0800021e   0x0800021e   0x00000000   Code   RO         3173    .ARM.Collect$$libinit$$0000001F  c_w.l(libinit2.o)
    0x0800021e   0x0800021e   0x00000000   Code   RO         3175    .ARM.Collect$$libinit$$00000021  c_w.l(libinit2.o)
    0x0800021e   0x0800021e   0x00000000   Code   RO         3177    .ARM.Collect$$libinit$$00000023  c_w.l(libinit2.o)
    0x0800021e   0x0800021e   0x00000000   Code   RO         3179    .ARM.Collect$$libinit$$00000025  c_w.l(libinit2.o)
    0x0800021e   0x0800021e   0x00000000   Code   RO         3183    .ARM.Collect$$libinit$$0000002C  c_w.l(libinit2.o)
    0x0800021e   0x0800021e   0x00000000   Code   RO         3185    .ARM.Collect$$libinit$$0000002E  c_w.l(libinit2.o)
    0x0800021e   0x0800021e   0x00000000   Code   RO         3187    .ARM.Collect$$libinit$$00000030  c_w.l(libinit2.o)
    0x0800021e   0x0800021e   0x00000000   Code   RO         3189    .ARM.Collect$$libinit$$00000032  c_w.l(libinit2.o)
    0x0800021e   0x0800021e   0x00000002   Code   RO         3190    .ARM.Collect$$libinit$$00000033  c_w.l(libinit2.o)
    0x08000220   0x08000220   0x00000002   Code   RO         3221    .ARM.Collect$$libshutdown$$00000000  c_w.l(libshutdown.o)
    0x08000222   0x08000222   0x00000000   Code   RO         3247    .ARM.Collect$$libshutdown$$00000002  c_w.l(libshutdown2.o)
    0x08000222   0x08000222   0x00000000   Code   RO         3249    .ARM.Collect$$libshutdown$$00000004  c_w.l(libshutdown2.o)
    0x08000222   0x08000222   0x00000000   Code   RO         3251    .ARM.Collect$$libshutdown$$00000006  c_w.l(libshutdown2.o)
    0x08000222   0x08000222   0x00000000   Code   RO         3254    .ARM.Collect$$libshutdown$$00000009  c_w.l(libshutdown2.o)
    0x08000222   0x08000222   0x00000000   Code   RO         3257    .ARM.Collect$$libshutdown$$0000000C  c_w.l(libshutdown2.o)
    0x08000222   0x08000222   0x00000000   Code   RO         3259    .ARM.Collect$$libshutdown$$0000000E  c_w.l(libshutdown2.o)
    0x08000222   0x08000222   0x00000000   Code   RO         3262    .ARM.Collect$$libshutdown$$00000011  c_w.l(libshutdown2.o)
    0x08000222   0x08000222   0x00000002   Code   RO         3263    .ARM.Collect$$libshutdown$$00000012  c_w.l(libshutdown2.o)
    0x08000224   0x08000224   0x00000000   Code   RO         3090    .ARM.Collect$$rtentry$$00000000  c_w.l(__rtentry.o)
    0x08000224   0x08000224   0x00000000   Code   RO         3103    .ARM.Collect$$rtentry$$00000002  c_w.l(__rtentry2.o)
    0x08000224   0x08000224   0x00000006   Code   RO         3115    .ARM.Collect$$rtentry$$00000004  c_w.l(__rtentry4.o)
    0x0800022a   0x0800022a   0x00000000   Code   RO         3105    .ARM.Collect$$rtentry$$00000009  c_w.l(__rtentry2.o)
    0x0800022a   0x0800022a   0x00000004   Code   RO         3106    .ARM.Collect$$rtentry$$0000000A  c_w.l(__rtentry2.o)
    0x0800022e   0x0800022e   0x00000000   Code   RO         3108    .ARM.Collect$$rtentry$$0000000C  c_w.l(__rtentry2.o)
    0x0800022e   0x0800022e   0x00000008   Code   RO         3109    .ARM.Collect$$rtentry$$0000000D  c_w.l(__rtentry2.o)
    0x08000236   0x08000236   0x00000002   Code   RO         3138    .ARM.Collect$$rtexit$$00000000  c_w.l(rtexit.o)
    0x08000238   0x08000238   0x00000000   Code   RO         3194    .ARM.Collect$$rtexit$$00000002  c_w.l(rtexit2.o)
    0x08000238   0x08000238   0x00000004   Code   RO         3195    .ARM.Collect$$rtexit$$00000003  c_w.l(rtexit2.o)
    0x0800023c   0x0800023c   0x00000006   Code   RO         3196    .ARM.Collect$$rtexit$$00000004  c_w.l(rtexit2.o)
    0x08000242   0x08000242   0x00000002   PAD
    0x08000244   0x08000244   0x00000040   Code   RO            4    .text               startup_stm32f401xe.o
    0x08000284   0x08000284   0x000000ee   Code   RO         3024    .text               c_w.l(lludivv7m.o)
    0x08000372   0x08000372   0x00000002   PAD
    0x08000374   0x08000374   0x00000028   Code   RO         3028    .text               c_w.l(noretval__2sprintf.o)
    0x0800039c   0x0800039c   0x0000004e   Code   RO         3032    .text               c_w.l(_printf_pad.o)
    0x080003ea   0x080003ea   0x00000002   PAD
    0x080003ec   0x080003ec   0x00000078   Code   RO         3034    .text               c_w.l(_printf_dec.o)
    0x08000464   0x08000464   0x00000058   Code   RO         3039    .text               c_w.l(_printf_hex_int.o)
    0x080004bc   0x080004bc   0x00000138   Code   RO         3069    .text               c_w.l(__printf_flags_wp.o)
    0x080005f4   0x080005f4   0x0000003e   Code   RO         3080    .text               c_w.l(strlen.o)
    0x08000632   0x08000632   0x00000064   Code   RO         3082    .text               c_w.l(rt_memcpy_w.o)
    0x08000696   0x08000696   0x0000004e   Code   RO         3084    .text               c_w.l(rt_memclr_w.o)
    0x080006e4   0x080006e4   0x00000006   Code   RO         3086    .text               c_w.l(heapauxi.o)
    0x080006ea   0x080006ea   0x000000b2   Code   RO         3095    .text               c_w.l(_printf_intcommon.o)
    0x0800079c   0x0800079c   0x00000030   Code   RO         3097    .text               c_w.l(_printf_char_common.o)
    0x080007cc   0x080007cc   0x0000000a   Code   RO         3099    .text               c_w.l(_sputc.o)
    0x080007d6   0x080007d6   0x0000004a   Code   RO         3121    .text               c_w.l(sys_stackheap_outer.o)
    0x08000820   0x08000820   0x00000012   Code   RO         3123    .text               c_w.l(exit.o)
    0x08000832   0x08000832   0x00000002   PAD
    0x08000834   0x08000834   0x00000008   Code   RO         3135    .text               c_w.l(libspace.o)
    0x0800083c   0x0800083c   0x0000000c   Code   RO         3191    .text               c_w.l(sys_exit.o)
    0x08000848   0x08000848   0x00000002   Code   RO         3210    .text               c_w.l(use_no_semi.o)
    0x0800084a   0x0800084a   0x00000000   Code   RO         3212    .text               c_w.l(indicate_semi.o)
    0x0800084a   0x0800084a   0x0000006e   Code   RO          814    i.ADC_DMAConvCplt   stm32f4xx_hal_adc.o
    0x080008b8   0x080008b8   0x00000016   Code   RO          815    i.ADC_DMAError      stm32f4xx_hal_adc.o
    0x080008ce   0x080008ce   0x0000000a   Code   RO          816    i.ADC_DMAHalfConvCplt  stm32f4xx_hal_adc.o
    0x080008d8   0x080008d8   0x00000128   Code   RO          817    i.ADC_Init          stm32f4xx_hal_adc.o
    0x08000a00   0x08000a00   0x00000002   Code   RO          708    i.BusFault_Handler  stm32f4xx_it.o
    0x08000a02   0x08000a02   0x00000002   PAD
    0x08000a04   0x08000a04   0x0000000c   Code   RO          709    i.DMA2_Stream0_IRQHandler  stm32f4xx_it.o
    0x08000a10   0x08000a10   0x00000028   Code   RO         1575    i.DMA_CalcBaseAndBitshift  stm32f4xx_hal_dma.o
    0x08000a38   0x08000a38   0x00000054   Code   RO         1576    i.DMA_CheckFifoParam  stm32f4xx_hal_dma.o
    0x08000a8c   0x08000a8c   0x00000028   Code   RO         1577    i.DMA_SetConfig     stm32f4xx_hal_dma.o
    0x08000ab4   0x08000ab4   0x00000002   Code   RO          710    i.DebugMon_Handler  stm32f4xx_it.o
    0x08000ab6   0x08000ab6   0x00000004   Code   RO          467    i.Error_Handler     main.o
    0x08000aba   0x08000aba   0x00000002   PAD
    0x08000abc   0x08000abc   0x0000014c   Code   RO          819    i.HAL_ADC_ConfigChannel  stm32f4xx_hal_adc.o
    0x08000c08   0x08000c08   0x00000002   Code   RO          820    i.HAL_ADC_ConvCpltCallback  stm32f4xx_hal_adc.o
    0x08000c0a   0x08000c0a   0x00000002   Code   RO          821    i.HAL_ADC_ConvHalfCpltCallback  stm32f4xx_hal_adc.o
    0x08000c0c   0x08000c0c   0x00000002   Code   RO          823    i.HAL_ADC_ErrorCallback  stm32f4xx_hal_adc.o
    0x08000c0e   0x08000c0e   0x00000054   Code   RO          828    i.HAL_ADC_Init      stm32f4xx_hal_adc.o
    0x08000c62   0x08000c62   0x00000002   PAD
    0x08000c64   0x08000c64   0x00000098   Code   RO          559    i.HAL_ADC_MspInit   adc.o
    0x08000cfc   0x08000cfc   0x00000124   Code   RO          835    i.HAL_ADC_Start_DMA  stm32f4xx_hal_adc.o
    0x08000e20   0x08000e20   0x000001a0   Code   RO         1583    i.HAL_DMA_IRQHandler  stm32f4xx_hal_dma.o
    0x08000fc0   0x08000fc0   0x000000d4   Code   RO         1584    i.HAL_DMA_Init      stm32f4xx_hal_dma.o
    0x08001094   0x08001094   0x0000006e   Code   RO         1588    i.HAL_DMA_Start_IT  stm32f4xx_hal_dma.o
    0x08001102   0x08001102   0x00000002   PAD
    0x08001104   0x08001104   0x00000024   Code   RO         2021    i.HAL_Delay         stm32f4xx_hal.o
    0x08001128   0x08001128   0x000001e0   Code   RO         1471    i.HAL_GPIO_Init     stm32f4xx_hal_gpio.o
    0x08001308   0x08001308   0x0000000a   Code   RO         1473    i.HAL_GPIO_ReadPin  stm32f4xx_hal_gpio.o
    0x08001312   0x08001312   0x0000000a   Code   RO         1475    i.HAL_GPIO_WritePin  stm32f4xx_hal_gpio.o
    0x0800131c   0x0800131c   0x0000000c   Code   RO         2027    i.HAL_GetTick       stm32f4xx_hal.o
    0x08001328   0x08001328   0x00000010   Code   RO         2033    i.HAL_IncTick       stm32f4xx_hal.o
    0x08001338   0x08001338   0x00000034   Code   RO         2034    i.HAL_Init          stm32f4xx_hal.o
    0x0800136c   0x0800136c   0x00000040   Code   RO         2035    i.HAL_InitTick      stm32f4xx_hal.o
    0x080013ac   0x080013ac   0x00000034   Code   RO          790    i.HAL_MspInit       stm32f4xx_hal_msp.o
    0x080013e0   0x080013e0   0x0000001a   Code   RO         1884    i.HAL_NVIC_EnableIRQ  stm32f4xx_hal_cortex.o
    0x080013fa   0x080013fa   0x00000002   PAD
    0x080013fc   0x080013fc   0x00000040   Code   RO         1890    i.HAL_NVIC_SetPriority  stm32f4xx_hal_cortex.o
    0x0800143c   0x0800143c   0x00000024   Code   RO         1891    i.HAL_NVIC_SetPriorityGrouping  stm32f4xx_hal_cortex.o
    0x08001460   0x08001460   0x00000134   Code   RO         1093    i.HAL_RCC_ClockConfig  stm32f4xx_hal_rcc.o
    0x08001594   0x08001594   0x00000020   Code   RO         1100    i.HAL_RCC_GetPCLK1Freq  stm32f4xx_hal_rcc.o
    0x080015b4   0x080015b4   0x00000020   Code   RO         1101    i.HAL_RCC_GetPCLK2Freq  stm32f4xx_hal_rcc.o
    0x080015d4   0x080015d4   0x00000060   Code   RO         1102    i.HAL_RCC_GetSysClockFreq  stm32f4xx_hal_rcc.o
    0x08001634   0x08001634   0x0000036c   Code   RO         1105    i.HAL_RCC_OscConfig  stm32f4xx_hal_rcc.o
    0x080019a0   0x080019a0   0x000000bc   Code   RO         2283    i.HAL_SPI_Init      stm32f4xx_hal_spi.o
    0x08001a5c   0x08001a5c   0x00000090   Code   RO          625    i.HAL_SPI_MspInit   spi.o
    0x08001aec   0x08001aec   0x0000015a   Code   RO         2286    i.HAL_SPI_Receive   stm32f4xx_hal_spi.o
    0x08001c46   0x08001c46   0x00000166   Code   RO         2291    i.HAL_SPI_Transmit  stm32f4xx_hal_spi.o
    0x08001dac   0x08001dac   0x000001e2   Code   RO         2292    i.HAL_SPI_TransmitReceive  stm32f4xx_hal_spi.o
    0x08001f8e   0x08001f8e   0x00000028   Code   RO         1895    i.HAL_SYSTICK_Config  stm32f4xx_hal_cortex.o
    0x08001fb6   0x08001fb6   0x00000062   Code   RO         2659    i.HAL_UART_Init     stm32f4xx_hal_uart.o
    0x08002018   0x08002018   0x00000068   Code   RO          667    i.HAL_UART_MspInit  usart.o
    0x08002080   0x08002080   0x000000b2   Code   RO         2667    i.HAL_UART_Transmit  stm32f4xx_hal_uart.o
    0x08002132   0x08002132   0x00000002   Code   RO          711    i.HardFault_Handler  stm32f4xx_it.o
    0x08002134   0x08002134   0x00000078   Code   RO          560    i.MX_ADC1_Init      adc.o
    0x080021ac   0x080021ac   0x0000002c   Code   RO          600    i.MX_DMA_Init       dma.o
    0x080021d8   0x080021d8   0x000000b8   Code   RO          534    i.MX_GPIO_Init      gpio.o
    0x08002290   0x08002290   0x00000048   Code   RO          626    i.MX_SPI2_Init      spi.o
    0x080022d8   0x080022d8   0x00000038   Code   RO          668    i.MX_USART2_UART_Init  usart.o
    0x08002310   0x08002310   0x00000002   Code   RO          712    i.MemManage_Handler  stm32f4xx_it.o
    0x08002312   0x08002312   0x00000002   Code   RO          713    i.NMI_Handler       stm32f4xx_it.o
    0x08002314   0x08002314   0x0000002c   Code   RO           13    i.NRF24_ACTIVATE_cmd  my_nrf24.o
    0x08002340   0x08002340   0x0000001c   Code   RO           14    i.NRF24_DelayMicroSeconds  my_nrf24.o
    0x0800235c   0x0800235c   0x00000030   Code   RO           17    i.NRF24_availablePipe  my_nrf24.o
    0x0800238c   0x0800238c   0x0000018c   Code   RO           18    i.NRF24_begin       my_nrf24.o
    0x08002518   0x08002518   0x00000014   Code   RO           19    i.NRF24_ce          my_nrf24.o
    0x0800252c   0x0800252c   0x00000014   Code   RO           20    i.NRF24_csn         my_nrf24.o
    0x08002540   0x08002540   0x00000028   Code   RO           22    i.NRF24_disableDynamicPayloads  my_nrf24.o
    0x08002568   0x08002568   0x00000042   Code   RO           23    i.NRF24_enableAckPayload  my_nrf24.o
    0x080025aa   0x080025aa   0x00000002   PAD
    0x080025ac   0x080025ac   0x0000004c   Code   RO           24    i.NRF24_enableDynamicPayloads  my_nrf24.o
    0x080025f8   0x080025f8   0x00000008   Code   RO           25    i.NRF24_flush_rx    my_nrf24.o
    0x08002600   0x08002600   0x00000008   Code   RO           26    i.NRF24_flush_tx    my_nrf24.o
    0x08002608   0x08002608   0x00000006   Code   RO           29    i.NRF24_getDynamicPayloadSize  my_nrf24.o
    0x0800260e   0x0800260e   0x00000006   Code   RO           32    i.NRF24_get_status  my_nrf24.o
    0x08002614   0x08002614   0x0000002c   Code   RO           36    i.NRF24_openWritingPipe  my_nrf24.o
    0x08002640   0x08002640   0x00000016   Code   RO           37    i.NRF24_powerDown   my_nrf24.o
    0x08002656   0x08002656   0x00000024   Code   RO           39    i.NRF24_read        my_nrf24.o
    0x0800267a   0x0800267a   0x00000002   PAD
    0x0800267c   0x0800267c   0x00000044   Code   RO           40    i.NRF24_read_payload  my_nrf24.o
    0x080026c0   0x080026c0   0x00000040   Code   RO           41    i.NRF24_read_register  my_nrf24.o
    0x08002700   0x08002700   0x0000003c   Code   RO           42    i.NRF24_read_registerN  my_nrf24.o
    0x0800273c   0x0800273c   0x00000008   Code   RO           43    i.NRF24_resetStatus  my_nrf24.o
    0x08002744   0x08002744   0x0000000e   Code   RO           44    i.NRF24_setAutoAck  my_nrf24.o
    0x08002752   0x08002752   0x00000028   Code   RO           46    i.NRF24_setCRCLength  my_nrf24.o
    0x0800277a   0x0800277a   0x0000000e   Code   RO           47    i.NRF24_setChannel  my_nrf24.o
    0x08002788   0x08002788   0x0000005c   Code   RO           48    i.NRF24_setDataRate  my_nrf24.o
    0x080027e4   0x080027e4   0x0000003c   Code   RO           49    i.NRF24_setPALevel  my_nrf24.o
    0x08002820   0x08002820   0x00000010   Code   RO           50    i.NRF24_setPayloadSize  my_nrf24.o
    0x08002830   0x08002830   0x0000000e   Code   RO           51    i.NRF24_setRetries  my_nrf24.o
    0x0800283e   0x0800283e   0x0000004a   Code   RO           53    i.NRF24_startWrite  my_nrf24.o
    0x08002888   0x08002888   0x00000014   Code   RO           54    i.NRF24_stopListening  my_nrf24.o
    0x0800289c   0x0800289c   0x00000032   Code   RO           57    i.NRF24_whatHappened  my_nrf24.o
    0x080028ce   0x080028ce   0x00000002   PAD
    0x080028d0   0x080028d0   0x00000064   Code   RO           58    i.NRF24_write       my_nrf24.o
    0x08002934   0x08002934   0x00000038   Code   RO           60    i.NRF24_write_payload  my_nrf24.o
    0x0800296c   0x0800296c   0x00000030   Code   RO           61    i.NRF24_write_register  my_nrf24.o
    0x0800299c   0x0800299c   0x0000003c   Code   RO           62    i.NRF24_write_registerN  my_nrf24.o
    0x080029d8   0x080029d8   0x00000002   Code   RO          714    i.PendSV_Handler    stm32f4xx_it.o
    0x080029da   0x080029da   0x0000005c   Code   RO         2320    i.SPI_EndRxTransaction  stm32f4xx_hal_spi.o
    0x08002a36   0x08002a36   0x00000002   PAD
    0x08002a38   0x08002a38   0x00000058   Code   RO         2321    i.SPI_EndRxTxTransaction  stm32f4xx_hal_spi.o
    0x08002a90   0x08002a90   0x000000b8   Code   RO         2326    i.SPI_WaitFlagStateUntilTimeout  stm32f4xx_hal_spi.o
    0x08002b48   0x08002b48   0x00000002   Code   RO          715    i.SVC_Handler       stm32f4xx_it.o
    0x08002b4a   0x08002b4a   0x00000004   Code   RO          716    i.SysTick_Handler   stm32f4xx_it.o
    0x08002b4e   0x08002b4e   0x00000002   PAD
    0x08002b50   0x08002b50   0x00000098   Code   RO          468    i.SystemClock_Config  main.o
    0x08002be8   0x08002be8   0x00000010   Code   RO         2988    i.SystemInit        system_stm32f4xx.o
    0x08002bf8   0x08002bf8   0x0000010c   Code   RO         2685    i.UART_SetConfig    stm32f4xx_hal_uart.o
    0x08002d04   0x08002d04   0x00000078   Code   RO         2688    i.UART_WaitOnFlagUntilTimeout  stm32f4xx_hal_uart.o
    0x08002d7c   0x08002d7c   0x00000002   Code   RO          717    i.UsageFault_Handler  stm32f4xx_it.o
    0x08002d7e   0x08002d7e   0x00000020   Code   RO         1897    i.__NVIC_SetPriority  stm32f4xx_hal_cortex.o
    0x08002d9e   0x08002d9e   0x0000000e   Code   RO         3067    i._is_digit         c_w.l(__printf_wp.o)
    0x08002dac   0x08002dac   0x00000188   Code   RO          469    i.main              main.o
    0x08002f34   0x08002f34   0x00000018   Code   RO           63    i.nrf24_DebugUART_Init  my_nrf24.o
    0x08002f4c   0x08002f4c   0x000007d0   Code   RO           66    i.printRadioSettings  my_nrf24.o
    0x0800371c   0x0800371c   0x0000000a   Code   RO         3206    x$fpl$fpinit        fz_wm.l(fpinit.o)
    0x08003726   0x08003726   0x00000008   Data   RO         1590    .constdata          stm32f4xx_hal_dma.o
    0x0800372e   0x0800372e   0x00000010   Data   RO         2989    .constdata          system_stm32f4xx.o
    0x0800373e   0x0800373e   0x00000008   Data   RO         2990    .constdata          system_stm32f4xx.o
    0x08003746   0x08003746   0x00000028   Data   RO         3040    .constdata          c_w.l(_printf_hex_int.o)
    0x0800376e   0x0800376e   0x00000011   Data   RO         3070    .constdata          c_w.l(__printf_flags_wp.o)
    0x0800377f   0x0800377f   0x00000001   PAD
    0x08003780   0x08003780   0x000000da   Data   RO           70    .conststring        my_nrf24.o
    0x0800385a   0x0800385a   0x00000002   PAD
    0x0800385c   0x0800385c   0x00000020   Data   RO         3264    Region$$Table       anon$$obj.o


    Execution Region RW_IRAM1 (Exec base: 0x20000000, Load base: 0x0800387c, Size: 0x00000890, Max: 0x00018000, ABSOLUTE)

    Exec Addr    Load Addr    Size         Type   Attr      Idx    E Section Name        Object

    0x20000000   0x0800387c   0x00000018   Data   RW           71    .data               my_nrf24.o
    0x20000018   0x08003894   0x00000028   Data   RW          470    .data               main.o
    0x20000040   0x080038bc   0x0000000c   Data   RW         2041    .data               stm32f4xx_hal.o
    0x2000004c   0x080038c8   0x00000004   Data   RW         2991    .data               system_stm32f4xx.o
    0x20000050        -       0x0000009c   Zero   RW           68    .bss                my_nrf24.o
    0x200000ec        -       0x000000a8   Zero   RW          561    .bss                adc.o
    0x20000194        -       0x00000058   Zero   RW          627    .bss                spi.o
    0x200001ec        -       0x00000044   Zero   RW          669    .bss                usart.o
    0x20000230        -       0x00000060   Zero   RW         3136    .bss                c_w.l(libspace.o)
    0x20000290        -       0x00000200   Zero   RW            2    HEAP                startup_stm32f401xe.o
    0x20000490        -       0x00000400   Zero   RW            1    STACK               startup_stm32f401xe.o


==============================================================================

Image component sizes


      Code (inc. data)   RO Data    RW Data    ZI Data      Debug   Object Name

       272         34          0          0        168       1907   adc.o
        44          4          0          0          0        830   dma.o
       184         16          0          0          0       1043   gpio.o
       548         34          0         40          0       3075   main.o
      3750       1002        218         24        156     429006   my_nrf24.o
       216         26          0          0         88       1853   spi.o
        64         26        404          0       1536        872   startup_stm32f401xe.o
       180         28          0         12          0       9493   stm32f4xx_hal.o
      1152         58          0          0          0       7721   stm32f4xx_hal_adc.o
       198         14          0          0          0      34135   stm32f4xx_hal_cortex.o
       902         16          8          0          0       5999   stm32f4xx_hal_dma.o
       500         34          0          0          0       2939   stm32f4xx_hal_gpio.o
        52          4          0          0          0        922   stm32f4xx_hal_msp.o
      1344         72          0          0          0       5408   stm32f4xx_hal_rcc.o
      1738         12          0          0          0       8706   stm32f4xx_hal_spi.o
       664         10          0          0          0       4344   stm32f4xx_hal_uart.o
        32          6          0          0          0       4924   stm32f4xx_it.o
        16          4         24          4          0       1211   system_stm32f4xx.o
       160         22          0          0         68       1818   usart.o

    ----------------------------------------------------------------------
     12036       1422        688         80       2016     526206   Object Totals
         0          0         32          0          0          0   (incl. Generated)
        20          0          2          0          0          0   (incl. Padding)

    ----------------------------------------------------------------------

      Code (inc. data)   RO Data    RW Data    ZI Data      Debug   Library Member Name

         8          0          0          0          0         68   __main.o
       312          4         17          0          0         92   __printf_flags_wp.o
        14          0          0          0          0         68   __printf_wp.o
         0          0          0          0          0          0   __rtentry.o
        12          0          0          0          0          0   __rtentry2.o
         6          0          0          0          0          0   __rtentry4.o
        52          8          0          0          0          0   __scatter.o
        26          0          0          0          0          0   __scatter_copy.o
        28          0          0          0          0          0   __scatter_zi.o
        48          6          0          0          0         96   _printf_char_common.o
         6          0          0          0          0          0   _printf_d.o
       120         16          0          0          0         92   _printf_dec.o
        88          4         40          0          0         88   _printf_hex_int.o
       178          0          0          0          0         88   _printf_intcommon.o
        78          0          0          0          0        108   _printf_pad.o
         0          0          0          0          0          0   _printf_percent.o
         4          0          0          0          0          0   _printf_percent_end.o
         6          0          0          0          0          0   _printf_x.o
        10          0          0          0          0         68   _sputc.o
        18          0          0          0          0         80   exit.o
         6          0          0          0          0        152   heapauxi.o
         0          0          0          0          0          0   indicate_semi.o
         2          0          0          0          0          0   libinit.o
         6          0          0          0          0          0   libinit2.o
         2          0          0          0          0          0   libshutdown.o
         2          0          0          0          0          0   libshutdown2.o
         8          4          0          0         96         68   libspace.o
       238          0          0          0          0        100   lludivv7m.o
        40          6          0          0          0         84   noretval__2sprintf.o
        78          0          0          0          0         80   rt_memclr_w.o
       100          0          0          0          0         80   rt_memcpy_w.o
         2          0          0          0          0          0   rtexit.o
        10          0          0          0          0          0   rtexit2.o
        62          0          0          0          0         76   strlen.o
        12          4          0          0          0         68   sys_exit.o
        74          0          0          0          0         80   sys_stackheap_outer.o
         2          0          0          0          0         68   use_no_semi.o
        10          0          0          0          0        116   fpinit.o

    ----------------------------------------------------------------------
      1678         52         58          0         96       1820   Library Totals
        10          0          1          0          0          0   (incl. Padding)

    ----------------------------------------------------------------------

      Code (inc. data)   RO Data    RW Data    ZI Data      Debug   Library Name

      1658         52         57          0         96       1704   c_w.l
        10          0          0          0          0        116   fz_wm.l

    ----------------------------------------------------------------------
      1678         52         58          0         96       1820   Library Totals

    ----------------------------------------------------------------------

==============================================================================


      Code (inc. data)   RO Data    RW Data    ZI Data      Debug   

     13714       1474        746         80       2112     517394   Grand Totals
     13714       1474        746         80       2112     517394   ELF Image Totals
     13714       1474        746         80          0          0   ROM Totals

==============================================================================

    Total RO  Size (Code + RO Data)                14460 (  14.12kB)
    Total RW  Size (RW Data + ZI Data)              2192 (   2.14kB)
    Total ROM Size (Code + RO Data + RW Data)      14540 (  14.20kB)

==============================================================================

